Component: ARM Compiler 5.06 update 5 (build 528) Tool: armlink [4d35e2]

==============================================================================

Section Cross References

    main.o(i.advertising_init) refers to memseta.o(.text) for __aeabi_memclr4
    main.o(i.advertising_init) refers to ble_advdata.o(i.ble_advdata_set) for ble_advdata_set
    main.o(i.advertising_init) refers to app_error.o(i.app_error_handler_bare) for app_error_handler_bare
    main.o(i.advertising_init) refers to main.o(.data) for .data
    main.o(i.advertising_init) refers to main.o(.bss) for .bss
    main.o(i.assert_nrf_callback) refers to app_error.o(i.app_error_handler) for app_error_handler
    main.o(i.main) refers to nrf_log_frontend.o(i.nrf_log_init) for nrf_log_init
    main.o(i.main) refers to app_error.o(i.app_error_handler_bare) for app_error_handler_bare
    main.o(i.main) refers to nrf_log_default_backends.o(i.nrf_log_default_backends_init) for nrf_log_default_backends_init
    main.o(i.main) refers to app_timer.o(i.app_timer_init) for app_timer_init
    main.o(i.main) refers to bsp.o(i.bsp_init) for bsp_init
    main.o(i.main) refers to nrf_sdh.o(i.nrf_sdh_enable_request) for nrf_sdh_enable_request
    main.o(i.main) refers to nrf_sdh_ble.o(i.nrf_sdh_ble_default_cfg_set) for nrf_sdh_ble_default_cfg_set
    main.o(i.main) refers to nrf_sdh_ble.o(i.nrf_sdh_ble_enable) for nrf_sdh_ble_enable
    main.o(i.main) refers to main.o(i.advertising_init) for advertising_init
    main.o(i.main) refers to bsp.o(i.bsp_indication_set) for bsp_indication_set
    main.o(i.main) refers to nrf_log_frontend.o(i.nrf_log_frontend_std_0) for nrf_log_frontend_std_0
    main.o(i.main) refers to nrf_log_frontend.o(i.nrf_log_frontend_dequeue) for nrf_log_frontend_dequeue
    main.o(i.main) refers to main.o(.bss) for .bss
    main.o(i.main) refers to nrf_log_frontend.o(log_dynamic_data) for m_nrf_log_app_logs_data_dynamic
    boards.o(i.bsp_board_button_idx_to_pin) refers to boards.o(.constdata) for .constdata
    boards.o(i.bsp_board_button_state_get) refers to boards.o(.constdata) for .constdata
    boards.o(i.bsp_board_buttons_init) refers to boards.o(i.nrf_gpio_cfg) for nrf_gpio_cfg
    boards.o(i.bsp_board_buttons_init) refers to boards.o(.constdata) for .constdata
    boards.o(i.bsp_board_led_idx_to_pin) refers to boards.o(.constdata) for .constdata
    boards.o(i.bsp_board_led_invert) refers to boards.o(.constdata) for .constdata
    boards.o(i.bsp_board_led_off) refers to boards.o(i.nrf_gpio_pin_write) for nrf_gpio_pin_write
    boards.o(i.bsp_board_led_off) refers to boards.o(.constdata) for .constdata
    boards.o(i.bsp_board_led_on) refers to boards.o(i.nrf_gpio_pin_write) for nrf_gpio_pin_write
    boards.o(i.bsp_board_led_on) refers to boards.o(.constdata) for .constdata
    boards.o(i.bsp_board_led_state_get) refers to boards.o(.constdata) for .constdata
    boards.o(i.bsp_board_leds_init) refers to boards.o(i.nrf_gpio_cfg) for nrf_gpio_cfg
    boards.o(i.bsp_board_leds_init) refers to boards.o(i.bsp_board_leds_off) for bsp_board_leds_off
    boards.o(i.bsp_board_leds_init) refers to boards.o(.constdata) for .constdata
    boards.o(i.bsp_board_leds_off) refers to boards.o(i.bsp_board_led_off) for bsp_board_led_off
    boards.o(i.bsp_board_leds_on) refers to boards.o(i.bsp_board_led_on) for bsp_board_led_on
    boards.o(i.bsp_board_pin_to_button_idx) refers to boards.o(.constdata) for .constdata
    boards.o(i.bsp_board_pin_to_led_idx) refers to boards.o(.constdata) for .constdata
    bsp.o(i.alert_timer_handler) refers to boards.o(i.bsp_board_led_invert) for bsp_board_led_invert
    bsp.o(i.bsp_button_event_handler) refers to boards.o(i.bsp_board_pin_to_button_idx) for bsp_board_pin_to_button_idx
    bsp.o(i.bsp_button_event_handler) refers to app_timer.o(i.app_timer_start) for app_timer_start
    bsp.o(i.bsp_button_event_handler) refers to app_timer.o(i.app_timer_stop) for app_timer_stop
    bsp.o(i.bsp_button_event_handler) refers to bsp.o(.constdata) for .constdata
    bsp.o(i.bsp_button_event_handler) refers to bsp.o(.data) for .data
    bsp.o(i.bsp_button_event_handler) refers to bsp.o(.bss) for .bss
    bsp.o(i.bsp_button_is_pressed) refers to boards.o(i.bsp_board_button_state_get) for bsp_board_button_state_get
    bsp.o(i.bsp_buttons_disable) refers to app_button.o(i.app_button_disable) for app_button_disable
    bsp.o(i.bsp_buttons_enable) refers to app_button.o(i.app_button_enable) for app_button_enable
    bsp.o(i.bsp_event_to_button_action_assign) refers to bsp.o(.bss) for .bss
    bsp.o(i.bsp_indication_set) refers to bsp.o(i.bsp_led_indication) for bsp_led_indication
    bsp.o(i.bsp_indication_set) refers to bsp.o(.data) for .data
    bsp.o(i.bsp_init) refers to bsp.o(i.bsp_event_to_button_action_assign) for bsp_event_to_button_action_assign
    bsp.o(i.bsp_init) refers to app_button.o(i.app_button_init) for app_button_init
    bsp.o(i.bsp_init) refers to app_button.o(i.app_button_enable) for app_button_enable
[...]
    i.nrf_log_backend_add                    0x000256b4   Section        0  nrf_log_frontend.o(i.nrf_log_backend_add)
    i.nrf_log_backend_serial_put             0x00025704   Section        0  nrf_log_backend_serial.o(i.nrf_log_backend_serial_put)
    i.nrf_log_backend_uart_flush             0x000257d6   Section        0  nrf_log_backend_uart.o(i.nrf_log_backend_uart_flush)
    nrf_log_backend_uart_flush               0x000257d7   Thumb Code     2  nrf_log_backend_uart.o(i.nrf_log_backend_uart_flush)
    i.nrf_log_backend_uart_init              0x000257d8   Section        0  nrf_log_backend_uart.o(i.nrf_log_backend_uart_init)
    i.nrf_log_backend_uart_panic_set         0x000257e0   Section        0  nrf_log_backend_uart.o(i.nrf_log_backend_uart_panic_set)
    nrf_log_backend_uart_panic_set           0x000257e1   Thumb Code    18  nrf_log_backend_uart.o(i.nrf_log_backend_uart_panic_set)
    i.nrf_log_backend_uart_put               0x000257f8   Section        0  nrf_log_backend_uart.o(i.nrf_log_backend_uart_put)
    nrf_log_backend_uart_put                 0x000257f9   Thumb Code    16  nrf_log_backend_uart.o(i.nrf_log_backend_uart_put)
    i.nrf_log_color_id_get                   0x00025810   Section        0  nrf_log_frontend.o(i.nrf_log_color_id_get)
    i.nrf_log_default_backends_init          0x00025840   Section        0  nrf_log_default_backends.o(i.nrf_log_default_backends_init)
    i.nrf_log_frontend_dequeue               0x0002585c   Section        0  nrf_log_frontend.o(i.nrf_log_frontend_dequeue)
    i.nrf_log_frontend_std_0                 0x00025a4c   Section        0  nrf_log_frontend.o(i.nrf_log_frontend_std_0)
    i.nrf_log_frontend_std_1                 0x00025a54   Section        0  nrf_log_frontend.o(i.nrf_log_frontend_std_1)
    i.nrf_log_frontend_std_2                 0x00025a62   Section        0  nrf_log_frontend.o(i.nrf_log_frontend_std_2)
    i.nrf_log_hexdump_entry_process          0x00025a74   Section        0  nrf_log_str_formatter.o(i.nrf_log_hexdump_entry_process)
    i.nrf_log_init                           0x00025b20   Section        0  nrf_log_frontend.o(i.nrf_log_init)
    i.nrf_log_module_cnt_get                 0x00025b7c   Section        0  nrf_log_frontend.o(i.nrf_log_module_cnt_get)
    i.nrf_log_module_name_get                0x00025b90   Section        0  nrf_log_frontend.o(i.nrf_log_module_name_get)
    i.nrf_log_panic                          0x00025bac   Section        0  nrf_log_frontend.o(i.nrf_log_panic)
    i.nrf_log_std_entry_process              0x00025bd4   Section        0  nrf_log_str_formatter.o(i.nrf_log_std_entry_process)
    i.nrf_memobj_alloc                       0x00025c8a   Section        0  nrf_memobj.o(i.nrf_memobj_alloc)
    i.nrf_memobj_free                        0x00025cea   Section        0  nrf_memobj.o(i.nrf_memobj_free)
    i.nrf_memobj_get                         0x00025d1c   Section        0  nrf_memobj.o(i.nrf_memobj_get)
    i.nrf_memobj_pool_init                   0x00025d2a   Section        0  nrf_memobj.o(i.nrf_memobj_pool_init)
    i.nrf_memobj_put                         0x00025d2e   Section        0  nrf_memobj.o(i.nrf_memobj_put)
    i.nrf_memobj_read                        0x00025d50   Section        0  nrf_memobj.o(i.nrf_memobj_read)
    i.nrf_memobj_write                       0x00025d5c   Section        0  nrf_memobj.o(i.nrf_memobj_write)
    i.nrf_sdh_ble_app_ram_start_get          0x00025d68   Section        0  nrf_sdh_ble.o(i.nrf_sdh_ble_app_ram_start_get)
    i.nrf_sdh_ble_default_cfg_set            0x00025d7c   Section        0  nrf_sdh_ble.o(i.nrf_sdh_ble_default_cfg_set)
    i.nrf_sdh_ble_enable                     0x00025e7c   Section        0  nrf_sdh_ble.o(i.nrf_sdh_ble_enable)
    i.nrf_sdh_ble_evts_poll                  0x00025f54   Section        0  nrf_sdh_ble.o(i.nrf_sdh_ble_evts_poll)
    nrf_sdh_ble_evts_poll                    0x00025f55   Thumb Code    74  nrf_sdh_ble.o(i.nrf_sdh_ble_evts_poll)
    i.nrf_sdh_enable_request                 0x00025fa4   Section        0  nrf_sdh.o(i.nrf_sdh_enable_request)
    i.nrf_sdh_evts_poll                      0x00026010   Section        0  nrf_sdh.o(i.nrf_sdh_evts_poll)
    i.nrf_sdh_is_enabled                     0x00026034   Section        0  nrf_sdh.o(i.nrf_sdh_is_enabled)
    i.nrf_sdh_soc_evts_poll                  0x00026040   Section        0  nrf_sdh_soc.o(i.nrf_sdh_soc_evts_poll)
    nrf_sdh_soc_evts_poll                    0x00026041   Thumb Code    56  nrf_sdh_soc.o(i.nrf_sdh_soc_evts_poll)
    i.nrf_section_iter_init                  0x0002607c   Section        0  nrf_section_iter.o(i.nrf_section_iter_init)
    i.nrf_section_iter_item_set              0x00026086   Section        0  nrf_section_iter.o(i.nrf_section_iter_item_set)
    nrf_section_iter_item_set                0x00026087   Thumb Code    36  nrf_section_iter.o(i.nrf_section_iter_item_set)
    i.nrf_section_iter_next                  0x000260aa   Section        0  nrf_section_iter.o(i.nrf_section_iter_next)
    i.nrf_strerror_find                      0x000260cc   Section        0  nrf_strerror.o(i.nrf_strerror_find)
    i.nrf_strerror_get                       0x00026104   Section        0  nrf_strerror.o(i.nrf_strerror_get)
    i.nrf_uart_event_check                   0x00026118   Section        0  nrf_drv_uart.o(i.nrf_uart_event_check)
    nrf_uart_event_check                     0x00026119   Thumb Code    10  nrf_drv_uart.o(i.nrf_uart_event_check)
    i.nrf_uart_event_clear                   0x00026122   Section        0  nrf_drv_uart.o(i.nrf_uart_event_clear)
    nrf_uart_event_clear                     0x00026123   Thumb Code    12  nrf_drv_uart.o(i.nrf_uart_event_clear)
    i.nrf_uart_int_enable_check              0x0002612e   Section        0  nrf_drv_uart.o(i.nrf_uart_int_enable_check)
    nrf_uart_int_enable_check                0x0002612f   Thumb Code    12  nrf_drv_uart.o(i.nrf_uart_int_enable_check)
    i.nrf_uarte_event_check                  0x0002613a   Section        0  nrf_drv_uart.o(i.nrf_uarte_event_check)
    nrf_uarte_event_check                    0x0002613b   Thumb Code    10  nrf_drv_uart.o(i.nrf_uarte_event_check)
    i.nrf_uarte_event_clear                  0x00026144   Section        0  nrf_drv_uart.o(i.nrf_uarte_event_clear)
    nrf_uarte_event_clear                    0x00026145   Thumb Code    12  nrf_drv_uart.o(i.nrf_uarte_event_clear)
    i.pin_in_use_by_port                     0x00026150   Section        0  nrf_drv_gpiote.o(i.pin_in_use_by_port)
    pin_in_use_by_port                       0x00026151   Thumb Code    20  nrf_drv_gpiote.o(i.pin_in_use_by_port)
    i.pin_in_use_by_te                       0x00026168   Section        0  nrf_drv_gpiote.o(i.pin_in_use_by_te)
    pin_in_use_by_te                         0x00026169   Thumb Code    20  nrf_drv_gpiote.o(i.pin_in_use_by_te)
    i.pins_to_default                        0x00026180   Section        0  nrf_drv_uart.o(i.pins_to_default)
    pins_to_default                          0x00026181   Thumb Code   114  nrf_drv_uart.o(i.pins_to_default)
    i.postfix_process                        0x000261f8   Section        0  nrf_log_str_formatter.o(i.postfix_process)
    postfix_process                          0x000261f9   Thumb Code    48  nrf_log_str_formatter.o(i.postfix_process)
    i.prefix_process                         0x00026234   Section        0  nrf_log_str_formatter.o(i.prefix_process)
    prefix_process                           0x00026235   Thumb Code    72  nrf_log_str_formatter.o(i.prefix_process)
    i.rtc1_stop                              0x00026290   Section        0  app_timer.o(i.rtc1_stop)
    rtc1_stop                                0x00026291   Thumb Code    52  app_timer.o(i.rtc1_stop)
    i.rx_byte                                0x000262cc   Section        0  nrf_drv_uart.o(i.rx_byte)
    rx_byte                                  0x000262cd   Thumb Code    50  nrf_drv_uart.o(i.rx_byte)
    i.rx_done_event                          0x000262fe   Section        0  nrf_drv_uart.o(i.rx_done_event)
    rx_done_event                            0x000262ff   Thumb Code    24  nrf_drv_uart.o(i.rx_done_event)
    i.sd_nvic_SetPriority                    0x00026316   Section        0  nrf_sdh.o(i.sd_nvic_SetPriority)
    sd_nvic_SetPriority                      0x00026317   Thumb Code    66  nrf_sdh.o(i.sd_nvic_SetPriority)
    i.sd_state_evt_handler                   0x00026358   Section        0  nrf_drv_clock.o(i.sd_state_evt_handler)
    sd_state_evt_handler                     0x00026359   Thumb Code    80  nrf_drv_clock.o(i.sd_state_evt_handler)
    i.sdh_request_observer_notify            0x000263ac   Section        0  nrf_sdh.o(i.sdh_request_observer_notify)
    sdh_request_observer_notify              0x000263ad   Thumb Code    44  nrf_sdh.o(i.sdh_request_observer_notify)
    i.sdh_state_observer_notify              0x000263dc   Section        0  nrf_sdh.o(i.sdh_state_observer_notify)
    sdh_state_observer_notify                0x000263dd   Thumb Code    38  nrf_sdh.o(i.sdh_state_observer_notify)
    i.serial_tx                              0x00026408   Section        0  nrf_log_backend_uart.o(i.serial_tx)
    serial_tx                                0x00026409   Thumb Code    36  nrf_log_backend_uart.o(i.serial_tx)
    i.service_data_encode                    0x00026430   Section        0  ble_advdata.o(i.service_data_encode)
    service_data_encode                      0x00026431   Thumb Code   136  ble_advdata.o(i.service_data_encode)
    i.soc_evt_handler                        0x000264b8   Section        0  nrf_drv_clock.o(i.soc_evt_handler)
    soc_evt_handler                          0x000264b9   Thumb Code    10  nrf_drv_clock.o(i.soc_evt_handler)
    i.softdevices_evt_irq_enable             0x000264c4   Section        0  nrf_sdh.o(i.softdevices_evt_irq_enable)
    softdevices_evt_irq_enable               0x000264c5   Thumb Code    72  nrf_sdh.o(i.softdevices_evt_irq_enable)
    i.std_n                                  0x00026514   Section        0  nrf_log_frontend.o(i.std_n)
    std_n                                    0x00026515   Thumb Code   140  nrf_log_frontend.o(i.std_n)
    i.timer_list_handler                     0x000265a4   Section        0  app_timer.o(i.timer_list_handler)
    timer_list_handler                       0x000265a5   Thumb Code   122  app_timer.o(i.timer_list_handler)
    i.timer_list_insert                      0x00026624   Section        0  app_timer.o(i.timer_list_insert)
    timer_list_insert                        0x00026625   Thumb Code    56  app_timer.o(i.timer_list_insert)
    i.timer_list_remove                      0x00026660   Section        0  app_timer.o(i.timer_list_remove)
    timer_list_remove                        0x00026661   Thumb Code    88  app_timer.o(i.timer_list_remove)
    i.timer_stop_op_schedule                 0x000266c0   Section        0  app_timer.o(i.timer_stop_op_schedule)
    timer_stop_op_schedule                   0x000266c1   Thumb Code    68  app_timer.o(i.timer_stop_op_schedule)
    i.timer_timeouts_check                   0x00026708   Section        0  app_timer.o(i.timer_timeouts_check)
    timer_timeouts_check                     0x00026709   Thumb Code   106  app_timer.o(i.timer_timeouts_check)
    i.tx_byte                                0x0002677c   Section        0  nrf_drv_uart.o(i.tx_byte)
    tx_byte                                  0x0002677d   Thumb Code    32  nrf_drv_uart.o(i.tx_byte)
    i.tx_done_event                          0x0002679c   Section        0  nrf_drv_uart.o(i.tx_done_event)
    tx_done_event                            0x0002679d   Thumb Code    28  nrf_drv_uart.o(i.tx_done_event)
    i.uart_evt_handler                       0x000267b8   Section        0  nrf_log_backend_uart.o(i.uart_evt_handler)
    uart_evt_handler                         0x000267b9   Thumb Code     8  nrf_log_backend_uart.o(i.uart_evt_handler)
    i.uart_init                              0x000267c4   Section        0  nrf_log_backend_uart.o(i.uart_init)
    uart_init                                0x000267c5   Thumb Code    66  nrf_log_backend_uart.o(i.uart_init)
    i.uart_irq_handler                       0x00026814   Section        0  nrf_drv_uart.o(i.uart_irq_handler)
    uart_irq_handler                         0x00026815   Thumb Code   286  nrf_drv_uart.o(i.uart_irq_handler)
    i.uarte_irq_handler                      0x00026932   Section        0  nrf_drv_uart.o(i.uarte_irq_handler)
    uarte_irq_handler                        0x00026933   Thumb Code   240  nrf_drv_uart.o(i.uarte_irq_handler)
    i.uint16_encode                          0x00026a22   Section        0  ble_advdata.o(i.uint16_encode)
    uint16_encode                            0x00026a23   Thumb Code    10  ble_advdata.o(i.uint16_encode)
    i.unsigned_print                         0x00026a2c   Section        0  nrf_fprintf_format.o(i.unsigned_print)
    unsigned_print                           0x00026a2d   Thumb Code   176  nrf_fprintf_format.o(i.unsigned_print)
    i.user_op_alloc                          0x00026ae0   Section        0  app_timer.o(i.user_op_alloc)
    user_op_alloc                            0x00026ae1   Thumb Code    42  app_timer.o(i.user_op_alloc)
    i.uuid_list_encode                       0x00026b10   Section        0  ble_advdata.o(i.uuid_list_encode)
    uuid_list_encode                         0x00026b11   Thumb Code    48  ble_advdata.o(i.uuid_list_encode)
    i.uuid_list_sized_encode                 0x00026b40   Section        0  ble_advdata.o(i.uuid_list_sized_encode)
    uuid_list_sized_encode                   0x00026b41   Thumb Code   158  ble_advdata.o(i.uuid_list_sized_encode)
    .constdata                               0x00026bde   Section        8  boards.o(.constdata)
    m_board_led_list                         0x00026bde   Data           4  boards.o(.constdata)
    m_board_btn_list                         0x00026be2   Data           4  boards.o(.constdata)
    .constdata                               0x00026be8   Section       44  bsp.o(.constdata)
    m_leds_timer_id                          0x00026be8   Data           4  bsp.o(.constdata)
    m_alert_timer_id                         0x00026bec   Data           4  bsp.o(.constdata)
    m_button_timer_id                        0x00026bf0   Data           4  bsp.o(.constdata)
    app_buttons                              0x00026bf4   Data          32  bsp.o(.constdata)
    .constdata                               0x00026c14   Section        4  nrf_drv_gpiote.o(.constdata)
    .constdata                               0x00026c18   Section        8  app_button.o(.constdata)
    m_detection_delay_timer_id               0x00026c18   Data           4  app_button.o(.constdata)
    .constdata                               0x00026c20   Section       16  nrf_fprintf_format.o(.constdata)
    _aV2C                                    0x00026c20   Data          16  nrf_fprintf_format.o(.constdata)
    .constdata                               0x00026c30   Section      260  nrf_strerror.o(.constdata)
    m_unknown_str                            0x00026c30   Data          19  nrf_strerror.o(.constdata)
    nrf_strerror_array                       0x00026c44   Data         240  nrf_strerror.o(.constdata)
    .constdata                               0x00026d34   Section       12  nrf_log_backend_uart.o(.constdata)
    .constdata                               0x00026d40   Section       32  nrf_log_backend_uart.o(.constdata)
    .constdata                               0x00026d60   Section       20  nrf_log_frontend.o(.constdata)
    mempool                                  0x00026d60   Data          20  nrf_log_frontend.o(.constdata)
    .constdata                               0x00026d74   Section       16  nrf_sdh.o(.constdata)
    sdh_req_observers_array                  0x00026d74   Data          16  nrf_sdh.o(.constdata)
    .constdata                               0x00026d84   Section       40  nrf_sdh.o(.constdata)
    sdh_req_observers                        0x00026d88   Data          12  nrf_sdh.o(.constdata)
    sdh_state_observers                      0x00026d94   Data          12  nrf_sdh.o(.constdata)
    sdh_stack_observers                      0x00026da0   Data          12  nrf_sdh.o(.constdata)
    .constdata                               0x00026dac   Section       16  nrf_sdh.o(.constdata)
    sdh_state_observers_array                0x00026dac   Data          16  nrf_sdh.o(.constdata)
    .constdata                               0x00026dbc   Section       16  nrf_sdh.o(.constdata)
    sdh_stack_observers_array                0x00026dbc   Data          16  nrf_sdh.o(.constdata)
    .constdata                               0x00026dcc   Section       32  nrf_sdh_ble.o(.constdata)
    sdh_ble_observers_array                  0x00026dcc   Data          32  nrf_sdh_ble.o(.constdata)
    .constdata                               0x00026dec   Section       16  nrf_sdh_ble.o(.constdata)
    sdh_ble_observers                        0x00026df0   Data          12  nrf_sdh_ble.o(.constdata)
    .constdata                               0x00026dfc   Section       16  nrf_sdh_soc.o(.constdata)
    sdh_soc_observers_array                  0x00026dfc   Data          16  nrf_sdh_soc.o(.constdata)
    .constdata                               0x00026e0c   Section       12  nrf_sdh_soc.o(.constdata)
    sdh_soc_observers                        0x00026e0c   Data          12  nrf_sdh_soc.o(.constdata)
    .constdata                               0x00026e18   Section      129  ctype_o.o(.constdata)
    .constdata                               0x00026e9c   Section        4  ctype_o.o(.constdata)
    table                                    0x00026e9c   Data           4  ctype_o.o(.constdata)
    .conststring                             0x00026ea0   Section      775  nrf_strerror.o(.conststring)
    .conststring                             0x000271a8   Section      102  nrf_log_str_formatter.o(.conststring)
    .conststring                             0x00027210   Section      392  nrf_sdh_ble.o(.conststring)
    .conststrlit                             0x00027398   Section        6  nrf_drv_clock.o(.conststrlit)
    .conststrlit                             0x000273a0   Section        7  nrf_drv_gpiote.o(.conststrlit)
    .conststrlit                             0x000273a8   Section        5  nrf_drv_uart.o(.conststrlit)
    .conststrlit                             0x000273b0   Section        7  nrf_balloc.o(.conststrlit)
    .conststrlit                             0x000273b8   Section        9  nrf_pwr_mgmt.o(.conststrlit)
    .conststrlit                             0x000273c4   Section        4  nrf_log_frontend.o(.conststrlit)
    .conststrlit                             0x000273c8   Section        8  nrf_sdh.o(.conststrlit)
    .conststrlit                             0x000273d0   Section       12  nrf_sdh_ble.o(.conststrlit)
    .conststrlit                             0x000273dc   Section       12  nrf_sdh_soc.o(.conststrlit)
    log_const_data                           0x00027408   Section        8  nrf_drv_clock.o(log_const_data)
    __tagsym$$used                           0x00027408   Number         0  nrf_drv_clock.o(log_const_data)
    log_const_data                           0x00027410   Section        8  nrf_drv_gpiote.o(log_const_data)
    __tagsym$$used                           0x00027410   Number         0  nrf_drv_gpiote.o(log_const_data)
    log_const_data                           0x00027418   Section        8  nrf_drv_uart.o(log_const_data)
    __tagsym$$used                           0x00027418   Number         0  nrf_drv_uart.o(log_const_data)
    log_const_data                           0x00027420   Section        8  nrf_balloc.o(log_const_data)
    __tagsym$$used                           0x00027420   Number         0  nrf_balloc.o(log_const_data)
    log_const_data                           0x00027428   Section        8  nrf_pwr_mgmt.o(log_const_data)
    __tagsym$$used                           0x00027428   Number         0  nrf_pwr_mgmt.o(log_const_data)
    log_const_data                           0x00027430   Section        8  nrf_log_frontend.o(log_const_data)
    __tagsym$$used                           0x00027430   Number         0  nrf_log_frontend.o(log_const_data)
    log_const_data                           0x00027438   Section        8  nrf_sdh.o(log_const_data)
    __tagsym$$used                           0x00027438   Number         0  nrf_sdh.o(log_const_data)
    log_const_data                           0x00027440   Section        8  nrf_sdh_ble.o(log_const_data)
    __tagsym$$used                           0x00027440   Number         0  nrf_sdh_ble.o(log_const_data)
    log_const_data                           0x00027448   Section        8  nrf_sdh_soc.o(log_const_data)
    __tagsym$$used                           0x00027448   Number         0  nrf_sdh_soc.o(log_const_data)
    sdh_soc_observers0                       0x00027450   Section        8  nrf_drv_clock.o(sdh_soc_observers0)
    __tagsym$$used                           0x00027450   Number         0  nrf_drv_clock.o(sdh_soc_observers0)
    m_soc_evt_observer                       0x00027450   Data           8  nrf_drv_clock.o(sdh_soc_observers0)
    sdh_stack_observers0                     0x00027458   Section        8  nrf_sdh_ble.o(sdh_stack_observers0)
    __tagsym$$used                           0x00027458   Number         0  nrf_sdh_ble.o(sdh_stack_observers0)
    m_nrf_sdh_ble_evts_poll                  0x00027458   Data           8  nrf_sdh_ble.o(sdh_stack_observers0)
    sdh_stack_observers0                     0x00027460   Section        8  nrf_sdh_soc.o(sdh_stack_observers0)
    __tagsym$$used                           0x00027460   Number         0  nrf_sdh_soc.o(sdh_stack_observers0)
    m_nrf_sdh_soc_evts_poll                  0x00027460   Data           8  nrf_sdh_soc.o(sdh_stack_observers0)
    sdh_state_observers0                     0x00027468   Section        8  nrf_drv_clock.o(sdh_state_observers0)
    __tagsym$$used                           0x00027468   Number         0  nrf_drv_clock.o(sdh_state_observers0)
    m_sd_state_observer                      0x00027468   Data           8  nrf_drv_clock.o(sdh_state_observers0)
    .data                                    0x20001720   Section       23  main.o(.data)
    m_beacon_info                            0x20001720   Data          23  main.o(.data)
    .data                                    0x20001738   Section       16  bsp.o(.data)
    m_stable_state                           0x20001738   Data           1  bsp.o(.data)
    m_leds_clear                             0x20001739   Data           1  bsp.o(.data)
    m_alert_on                               0x2000173a   Data           1  bsp.o(.data)
    current_long_push_pin_no                 0x2000173b   Data           1  bsp.o(.data)
    m_indication_type                        0x2000173c   Data           4  bsp.o(.data)
    m_registered_callback                    0x20001740   Data           4  bsp.o(.data)
    release_event_at_push                    0x20001744   Data           4  bsp.o(.data)
    .data                                    0x20001748   Section       20  app_button.o(.data)
    m_button_count                           0x20001748   Data           1  app_button.o(.data)
    mp_buttons                               0x2000174c   Data           4  app_button.o(.data)
    m_detection_delay                        0x20001750   Data           4  app_button.o(.data)
    m_pin_state                              0x20001754   Data           4  app_button.o(.data)
    m_pin_transition                         0x20001758   Data           4  app_button.o(.data)
    .data                                    0x2000175c   Section       20  app_timer.o(.data)
    m_ticks_elapsed_q_read_ind               0x2000175c   Data           1  app_timer.o(.data)
    m_ticks_elapsed_q_write_ind              0x2000175d   Data           1  app_timer.o(.data)
    m_rtc1_running                           0x2000175e   Data           1  app_timer.o(.data)
    m_rtc1_reset                             0x2000175f   Data           1  app_timer.o(.data)
    mp_timer_id_head                         0x20001760   Data           4  app_timer.o(.data)
    m_ticks_latest                           0x20001764   Data           4  app_timer.o(.data)
    m_ticks_elapsed                          0x20001768   Data           8  app_timer.o(.data)
    .data                                    0x20001770   Section       12  nrf_log_backend_uart.o(.data)
    m_xfer_done                              0x20001770   Data           1  nrf_log_backend_uart.o(.data)
    m_async_mode                             0x20001771   Data           1  nrf_log_backend_uart.o(.data)
    .data                                    0x2000177c   Section       12  nrf_log_default_backends.o(.data)
    uart_log_backend                         0x2000177c   Data          12  nrf_log_default_backends.o(.data)
    .data                                    0x20001788   Section        8  nrf_log_frontend.o(.data)
    mempool_nrf_balloc_pool_stack            0x20001788   Data           8  nrf_log_frontend.o(.data)
    .data                                    0x20001790   Section        8  nrf_log_frontend.o(.data)
    mempool_nrf_balloc_cb                    0x20001790   Data           8  nrf_log_frontend.o(.data)
    .data                                    0x20001798   Section       56  nrf_log_str_formatter.o(.data)
    severity_names                           0x20001798   Data          20  nrf_log_str_formatter.o(.data)
    m_colors                                 0x200017ac   Data          36  nrf_log_str_formatter.o(.data)
    .data                                    0x200017d0   Section        3  nrf_sdh.o(.data)
    m_nrf_sdh_enabled                        0x200017d0   Data           1  nrf_sdh.o(.data)
    m_nrf_sdh_suspended                      0x200017d1   Data           1  nrf_sdh.o(.data)
    m_nrf_sdh_continue                       0x200017d2   Data           1  nrf_sdh.o(.data)
    .data                                    0x200017d4   Section        4  system_nrf52.o(.data)
    __tagsym$$used                           0x200017d4   Number         0  system_nrf52.o(.data)
    log_dynamic_data                         0x200017d8   Section       12  nrf_drv_clock.o(log_dynamic_data)
    __tagsym$$used                           0x200017d8   Number         0  nrf_drv_clock.o(log_dynamic_data)
    log_dynamic_data                         0x200017e4   Section       12  nrf_drv_gpiote.o(log_dynamic_data)
    __tagsym$$used                           0x200017e4   Number         0  nrf_drv_gpiote.o(log_dynamic_data)
    log_dynamic_data                         0x200017f0   Section       12  nrf_drv_uart.o(log_dynamic_data)
    __tagsym$$used                           0x200017f0   Number         0  nrf_drv_uart.o(log_dynamic_data)
    log_dynamic_data                         0x200017fc   Section       12  nrf_balloc.o(log_dynamic_data)
    __tagsym$$used                           0x200017fc   Number         0  nrf_balloc.o(log_dynamic_data)
    log_dynamic_data                         0x20001808   Section       12  nrf_pwr_mgmt.o(log_dynamic_data)
    __tagsym$$used                           0x20001808   Number         0  nrf_pwr_mgmt.o(log_dynamic_data)
    log_dynamic_data                         0x20001814   Section       12  nrf_log_frontend.o(log_dynamic_data)
    __tagsym$$used                           0x20001814   Number         0  nrf_log_frontend.o(log_dynamic_data)
    log_dynamic_data                         0x20001820   Section       12  nrf_sdh.o(log_dynamic_data)
    __tagsym$$used                           0x20001820   Number         0  nrf_sdh.o(log_dynamic_data)
    log_dynamic_data                         0x2000182c   Section       12  nrf_sdh_ble.o(log_dynamic_data)
    __tagsym$$used                           0x2000182c   Number         0  nrf_sdh_ble.o(log_dynamic_data)
    log_dynamic_data                         0x20001838   Section       12  nrf_sdh_soc.o(log_dynamic_data)
    __tagsym$$used                           0x20001838   Number         0  nrf_sdh_soc.o(log_dynamic_data)
    .bss                                     0x20001844   Section       16  main.o(.bss)
    m_adv_params                             0x20001844   Data          16  main.o(.bss)
    .bss                                     0x20001854   Section       32  bsp.o(.bss)
    m_leds_timer_id_data                     0x20001854   Data          32  bsp.o(.bss)
    .bss                                     0x20001874   Section       32  bsp.o(.bss)
    m_alert_timer_id_data                    0x20001874   Data          32  bsp.o(.bss)
    .bss                                     0x20001894   Section       12  bsp.o(.bss)
    m_events_list                            0x20001894   Data          12  bsp.o(.bss)
    .bss                                     0x200018a0   Section       32  bsp.o(.bss)
    m_button_timer_id_data                   0x200018a0   Data          32  bsp.o(.bss)
    .bss                                     0x200018c0   Section       20  nrf_drv_clock.o(.bss)
    m_clock_cb                               0x200018c0   Data          20  nrf_drv_clock.o(.bss)
    .bss                                     0x200018d4   Section       88  nrf_drv_gpiote.o(.bss)
    m_cb                                     0x200018d4   Data          88  nrf_drv_gpiote.o(.bss)
    .bss                                     0x2000192c   Section       32  nrf_drv_uart.o(.bss)
    m_cb                                     0x2000192c   Data          32  nrf_drv_uart.o(.bss)
    .bss                                     0x2000194c   Section       32  app_button.o(.bss)
    m_detection_delay_timer_id_data          0x2000194c   Data          32  app_button.o(.bss)
    .bss                                     0x2000196c   Section      268  app_timer.o(.bss)
    m_op_queue                               0x2000196c   Data         268  app_timer.o(.bss)
    .bss                                     0x20001a78   Section       12  app_util_platform.o(.bss)
    .bss                                     0x20001a84   Section       64  nrf_log_backend_uart.o(.bss)
    m_string_buff                            0x20001a84   Data          64  nrf_log_backend_uart.o(.bss)
    .bss                                     0x20001ac4   Section      192  nrf_log_frontend.o(.bss)
    mempool_nrf_balloc_pool_mem              0x20001ac4   Data         192  nrf_log_frontend.o(.bss)
    .bss                                     0x20001b84   Section     1056  nrf_log_frontend.o(.bss)
    m_log_data                               0x20001b84   Data        1056  nrf_log_frontend.o(.bss)
    STACK                                    0x20001fa8   Section     8192  arm_startup_nrf52.o(STACK)

    Global Symbols

    Symbol Name                              Value     Ov Type        Size  Object(Section)

    BuildAttributes$$THM_ISAv4$E$P$D$K$B$S$7EM$VFPi3$EXTD16$VFPS$VFMA$PE$A:L22UL41UL21$X:L11$S22US41US21$IEEE1$IW$USESV6$~STKCKD$USESV7$~SHL$OSPACE$EBA8$MICROLIB$REQ8$PRES8$EABIv2 0x00000000   Number         0  anon$$obj.o ABSOLUTE
    __ARM_use_no_argv                        0x00000000   Number         0  main.o ABSOLUTE
    __use_no_errno                           0x00000000   Number         0  useno.o ABSOLUTE
    __use_no_exception_handling              0x00000000   Number         0  useno.o ABSOLUTE
    __use_no_fp                              0x00000000   Number         0  useno.o ABSOLUTE
    __use_no_heap                            0x00000000   Number         0  useno.o ABSOLUTE
    __use_no_heap_region                     0x00000000   Number         0  useno.o ABSOLUTE
    __use_no_semihosting                     0x00000000   Number         0  useno.o ABSOLUTE
    __use_no_semihosting_swi                 0x00000000   Number         0  useno.o ABSOLUTE
    __use_no_signal_handling                 0x00000000   Number         0  useno.o ABSOLUTE
    __cpp_initialize__aeabi_                  - Undefined Weak Reference
    __cxa_finalize                            - Undefined Weak Reference
    __decompress                              - Undefined Weak Reference
    _clock_init                               - Undefined Weak Reference
    _microlib_exit                            - Undefined Weak Reference
    pwr_mgmt_data0$$Base                      - Undefined Reference
    pwr_mgmt_data0$$Limit                     - Undefined Reference
    pwr_mgmt_data1$$Base                      - Undefined Reference
    pwr_mgmt_data1$$Limit                     - Undefined Reference
    pwr_mgmt_data2$$Base                      - Undefined Reference
    pwr_mgmt_data2$$Limit                     - Undefined Reference
    sdh_ble_observers0$$Base                  - Undefined Reference
    sdh_ble_observers0$$Limit                 - Undefined Reference
    sdh_ble_observers1$$Base                  - Undefined Reference
    sdh_ble_observers1$$Limit                 - Undefined Reference
    sdh_ble_observers2$$Base                  - Undefined Reference
    sdh_ble_observers2$$Limit                 - Undefined Reference
    sdh_ble_observers3$$Base                  - Undefined Reference
    sdh_ble_observers3$$Limit                 - Undefined Reference
    sdh_req_observers0$$Base                  - Undefined Reference
    sdh_req_observers0$$Limit                 - Undefined Reference
    sdh_req_observers1$$Base                  - Undefined Reference
    sdh_req_observers1$$Limit                 - Undefined Reference
    sdh_soc_observers1$$Base                  - Undefined Reference
    sdh_soc_observers1$$Limit                 - Undefined Reference
    sdh_stack_observers1$$Base                - Undefined Reference
    sdh_stack_observers1$$Limit               - Undefined Reference
    sdh_state_observers1$$Base                - Undefined Reference
    sdh_state_observers1$$Limit               - Undefined Reference
    __Vectors_Size                           0x00000200   Number         0  arm_startup_nrf52.o ABSOLUTE
    __Vectors                                0x00023000   Data           4  arm_startup_nrf52.o(RESET)
    __Vectors_End                            0x00023200   Data           0  arm_startup_nrf52.o(RESET)
    __main                                   0x00023201   Thumb Code     0  entry.o(.ARM.Collect$$$$00000000)
    _main_stk                                0x00023201   Thumb Code     0  entry2.o(.ARM.Collect$$$$00000001)
    _main_scatterload                        0x00023205   Thumb Code     0  entry5.o(.ARM.Collect$$$$00000004)
    __main_after_scatterload                 0x00023209   Thumb Code     0  entry5.o(.ARM.Collect$$$$00000004)
    _main_clock                              0x00023209   Thumb Code     0  entry7b.o(.ARM.Collect$$$$00000008)
    _main_cpp_init                           0x00023209   Thumb Code     0  entry8b.o(.ARM.Collect$$$$0000000A)
    _main_init                               0x00023209   Thumb Code     0  entry9a.o(.ARM.Collect$$$$0000000B)
    __rt_final_cpp                           0x00023211   Thumb Code     0  entry10a.o(.ARM.Collect$$$$0000000D)
    __rt_final_exit                          0x00023211   Thumb Code     0  entry11a.o(.ARM.Collect$$$$0000000F)
    __asm___12_nrf_memobj_c_9bb9f865__nrf_atomic_internal_mov 0x00023215   Thumb Code    24  nrf_memobj.o(.emb_text)
    __asm___12_nrf_memobj_c_9bb9f865__nrf_atomic_internal_orr 0x0002322d   Thumb Code    26  nrf_memobj.o(.emb_text)
    __asm___12_nrf_memobj_c_9bb9f865__nrf_atomic_internal_and 0x00023247   Thumb Code    26  nrf_memobj.o(.emb_text)
    __asm___12_nrf_memobj_c_9bb9f865__nrf_atomic_internal_eor 0x00023261   Thumb Code    26  nrf_memobj.o(.emb_text)
    __asm___12_nrf_memobj_c_9bb9f865__nrf_atomic_internal_add 0x0002327b   Thumb Code    26  nrf_memobj.o(.emb_text)
    __asm___12_nrf_memobj_c_9bb9f865__nrf_atomic_internal_sub 0x00023295   Thumb Code    26  nrf_memobj.o(.emb_text)
    __asm___18_nrf_log_frontend_c_bc460776__nrf_atomic_internal_mov 0x000232b1   Thumb Code    24  nrf_log_frontend.o(.emb_text)
    __asm___18_nrf_log_frontend_c_bc460776__nrf_atomic_internal_orr 0x000232c9   Thumb Code    26  nrf_log_frontend.o(.emb_text)
    __asm___18_nrf_log_frontend_c_bc460776__nrf_atomic_internal_and 0x000232e3   Thumb Code    26  nrf_log_frontend.o(.emb_text)
    __asm___18_nrf_log_frontend_c_bc460776__nrf_atomic_internal_eor 0x000232fd   Thumb Code    26  nrf_log_frontend.o(.emb_text)
    __asm___18_nrf_log_frontend_c_bc460776__nrf_atomic_internal_add 0x00023317   Thumb Code    26  nrf_log_frontend.o(.emb_text)
    __asm___18_nrf_log_frontend_c_bc460776__nrf_atomic_internal_sub 0x00023331   Thumb Code    26  nrf_log_frontend.o(.emb_text)
    Reset_Handler                            0x0002334d   Thumb Code     8  arm_startup_nrf52.o(.text)
    NMI_Handler                              0x00023355   Thumb Code     2  arm_startup_nrf52.o(.text)
    HardFault_Handler                        0x00023357   Thumb Code     2  arm_startup_nrf52.o(.text)
    MemoryManagement_Handler                 0x00023359   Thumb Code     2  arm_startup_nrf52.o(.text)
    BusFault_Handler                         0x0002335b   Thumb Code     2  arm_startup_nrf52.o(.text)
    UsageFault_Handler                       0x0002335d   Thumb Code     2  arm_startup_nrf52.o(.text)
    SVC_Handler                              0x0002335f   Thumb Code     2  arm_startup_nrf52.o(.text)
    DebugMon_Handler                         0x00023361   Thumb Code     2  arm_startup_nrf52.o(.text)
    PendSV_Handler                           0x00023363   Thumb Code     2  arm_startup_nrf52.o(.text)
    SysTick_Handler                          0x00023365   Thumb Code     2  arm_startup_nrf52.o(.text)
    CCM_AAR_IRQHandler                       0x00023367   Thumb Code     0  arm_startup_nrf52.o(.text)
    COMP_LPCOMP_IRQHandler                   0x00023367   Thumb Code     0  arm_startup_nrf52.o(.text)
    ECB_IRQHandler                           0x00023367   Thumb Code     0  arm_startup_nrf52.o(.text)
    FPU_IRQHandler                           0x00023367   Thumb Code     0  arm_startup_nrf52.o(.text)
    I2S_IRQHandler                           0x00023367   Thumb Code     0  arm_startup_nrf52.o(.text)
    MWU_IRQHandler                           0x00023367   Thumb Code     0  arm_startup_nrf52.o(.text)
    NFCT_IRQHandler                          0x00023367   Thumb Code     0  arm_startup_nrf52.o(.text)
    PDM_IRQHandler                           0x00023367   Thumb Code     0  arm_startup_nrf52.o(.text)
    PWM0_IRQHandler                          0x00023367   Thumb Code     0  arm_startup_nrf52.o(.text)
    PWM1_IRQHandler                          0x00023367   Thumb Code     0  arm_startup_nrf52.o(.text)
    PWM2_IRQHandler                          0x00023367   Thumb Code     0  arm_startup_nrf52.o(.text)
    QDEC_IRQHandler                          0x00023367   Thumb Code     0  arm_startup_nrf52.o(.text)
    RADIO_IRQHandler                         0x00023367   Thumb Code     0  arm_startup_nrf52.o(.text)
    RNG_IRQHandler                           0x00023367   Thumb Code     0  arm_startup_nrf52.o(.text)
    RTC0_IRQHandler                          0x00023367   Thumb Code     0  arm_startup_nrf52.o(.text)
    RTC2_IRQHandler                          0x00023367   Thumb Code     0  arm_startup_nrf52.o(.text)
    SAADC_IRQHandler                         0x00023367   Thumb Code     0  arm_startup_nrf52.o(.text)
    SPIM0_SPIS0_TWIM0_TWIS0_SPI0_TWI0_IRQHandler 0x00023367   Thumb Code     0  arm_startup_nrf52.o(.text)
    SPIM1_SPIS1_TWIM1_TWIS1_SPI1_TWI1_IRQHandler 0x00023367   Thumb Code     0  arm_startup_nrf52.o(.text)
    SPIM2_SPIS2_SPI2_IRQHandler              0x00023367   Thumb Code     0  arm_startup_nrf52.o(.text)
    SWI1_EGU1_IRQHandler                     0x00023367   Thumb Code     0  arm_startup_nrf52.o(.text)
    SWI3_EGU3_IRQHandler                     0x00023367   Thumb Code     0  arm_startup_nrf52.o(.text)
    SWI4_EGU4_IRQHandler                     0x00023367   Thumb Code     0  arm_startup_nrf52.o(.text)
    SWI5_EGU5_IRQHandler                     0x00023367   Thumb Code     0  arm_startup_nrf52.o(.text)
    TEMP_IRQHandler                          0x00023367   Thumb Code     0  arm_startup_nrf52.o(.text)
    TIMER0_IRQHandler                        0x00023367   Thumb Code     0  arm_startup_nrf52.o(.text)
    TIMER1_IRQHandler                        0x00023367   Thumb Code     0  arm_startup_nrf52.o(.text)
    TIMER2_IRQHandler                        0x00023367   Thumb Code     0  arm_startup_nrf52.o(.text)
    TIMER3_IRQHandler                        0x00023367   Thumb Code     0  arm_startup_nrf52.o(.text)
    TIMER4_IRQHandler                        0x00023367   Thumb Code     0  arm_startup_nrf52.o(.text)
    WDT_IRQHandler                           0x00023367   Thumb Code     0  arm_startup_nrf52.o(.text)
    __aeabi_uldivmod                         0x00023371   Thumb Code    98  uldiv.o(.text)
    __rt_ctype_table                         0x000233d5   Thumb Code     4  ctype_o.o(.text)
    __aeabi_memcpy                           0x000233dd   Thumb Code    36  memcpya.o(.text)
    __aeabi_memcpy4                          0x000233dd   Thumb Code     0  memcpya.o(.text)
    __aeabi_memcpy8                          0x000233dd   Thumb Code     0  memcpya.o(.text)
    __aeabi_memset                           0x00023401   Thumb Code    14  memseta.o(.text)
    __aeabi_memset4                          0x00023401   Thumb Code     0  memseta.o(.text)
    __aeabi_memset8                          0x00023401   Thumb Code     0  memseta.o(.text)
    __aeabi_memclr                           0x0002340f   Thumb Code     4  memseta.o(.text)
    __aeabi_memclr4                          0x0002340f   Thumb Code     0  memseta.o(.text)
    __aeabi_memclr8                          0x0002340f   Thumb Code     0  memseta.o(.text)
    _memset$wrapper                          0x00023413   Thumb Code    18  memseta.o(.text)
    strlen                                   0x00023425   Thumb Code    14  strlen.o(.text)
    __aeabi_llsl                             0x00023433   Thumb Code    30  llshl.o(.text)
    _ll_shift_l                              0x00023433   Thumb Code     0  llshl.o(.text)
    __aeabi_llsr                             0x00023451   Thumb Code    32  llushr.o(.text)
    _ll_ushift_r                             0x00023451   Thumb Code     0  llushr.o(.text)
    __scatterload                            0x00023471   Thumb Code    28  init.o(.text)
    __scatterload_rt2                        0x00023471   Thumb Code     0  init.o(.text)
    GPIOTE_IRQHandler                        0x00023495   Thumb Code   362  nrf_drv_gpiote.o(i.GPIOTE_IRQHandler)
    POWER_CLOCK_IRQHandler                   0x0002366d   Thumb Code    84  nrf_drv_clock.o(i.POWER_CLOCK_IRQHandler)
    RTC1_IRQHandler                          0x000236c5   Thumb Code    32  app_timer.o(i.RTC1_IRQHandler)
    SWI0_EGU0_IRQHandler                     0x000236e9   Thumb Code     4  app_timer.o(i.SWI0_EGU0_IRQHandler)
    SWI2_EGU2_IRQHandler                     0x000236ed   Thumb Code     4  nrf_sdh.o(i.SWI2_EGU2_IRQHandler)
    SystemInit                               0x000236f1   Thumb Code   700  system_nrf52.o(i.SystemInit)
    UARTE0_UART0_IRQHandler                  0x000239ed   Thumb Code    20  nrf_drv_uart.o(i.UARTE0_UART0_IRQHandler)
    __scatterload_copy                       0x00023a09   Thumb Code    14  handlers.o(i.__scatterload_copy)
    __scatterload_null                       0x00023a17   Thumb Code     2  handlers.o(i.__scatterload_null)
    __scatterload_zeroinit                   0x00023a19   Thumb Code    14  handlers.o(i.__scatterload_zeroinit)
    app_button_enable                        0x00023ac9   Thumb Code    32  app_button.o(i.app_button_enable)
    app_button_init                          0x00023aed   Thumb Code    96  app_button.o(i.app_button_init)
    app_error_fault_handler                  0x00023b5d   Thumb Code    80  app_error_weak.o(i.app_error_fault_handler)
    app_error_handler_bare                   0x00023bd5   Thumb Code    22  app_error.o(i.app_error_handler_bare)
    app_timer_create                         0x00023bed   Thumb Code    32  app_timer.o(i.app_timer_create)
    app_timer_init                           0x00023c11   Thumb Code    70  app_timer.o(i.app_timer_init)
    app_timer_start                          0x00023c65   Thumb Code   128  app_timer.o(i.app_timer_start)
    app_timer_stop                           0x00023ced   Thumb Code    26  app_timer.o(i.app_timer_stop)
    app_util_critical_region_enter           0x00023d0d   Thumb Code    64  app_util_platform.o(i.app_util_critical_region_enter)
    app_util_critical_region_exit            0x00023d55   Thumb Code    46  app_util_platform.o(i.app_util_critical_region_exit)
    ble_advdata_encode                       0x00023e41   Thumb Code   386  ble_advdata.o(i.ble_advdata_encode)
    ble_advdata_set                          0x00023fc3   Thumb Code   104  ble_advdata.o(i.ble_advdata_set)
    bsp_board_led_invert                     0x0002408d   Thumb Code    32  boards.o(i.bsp_board_led_invert)
    bsp_board_led_off                        0x000240b1   Thumb Code    10  boards.o(i.bsp_board_led_off)
    bsp_board_led_on                         0x000240c1   Thumb Code    10  boards.o(i.bsp_board_led_on)
    bsp_board_led_state_get                  0x000240d1   Thumb Code    28  boards.o(i.bsp_board_led_state_get)
    bsp_board_leds_init                      0x000240f1   Thumb Code    38  boards.o(i.bsp_board_leds_init)
    bsp_board_leds_off                       0x0002411d   Thumb Code    18  boards.o(i.bsp_board_leds_off)
    bsp_board_leds_on                        0x0002412f   Thumb Code    18  boards.o(i.bsp_board_leds_on)
    bsp_board_pin_to_button_idx              0x00024141   Thumb Code    30  boards.o(i.bsp_board_pin_to_button_idx)
    bsp_event_to_button_action_assign        0x000241f5   Thumb Code    64  bsp.o(i.bsp_event_to_button_action_assign)
    bsp_indication_set                       0x00024239   Thumb Code    20  bsp.o(i.bsp_indication_set)
    bsp_init                                 0x00024251   Thumb Code   126  bsp.o(i.bsp_init)
    buffer_is_empty                          0x00024521   Thumb Code    16  nrf_log_frontend.o(i.buffer_is_empty)
    main                                     0x00024b1d   Thumb Code   148  main.o(i.main)
    nrf_balloc_alloc                         0x00024d8b   Thumb Code    68  nrf_balloc.o(i.nrf_balloc_alloc)
    nrf_balloc_free                          0x00024dcf   Thumb Code    48  nrf_balloc.o(i.nrf_balloc_free)
    nrf_balloc_init                          0x00024dff   Thumb Code    48  nrf_balloc.o(i.nrf_balloc_init)
    nrf_drv_clock_init                       0x00024ee9   Thumb Code    64  nrf_drv_clock.o(i.nrf_drv_clock_init)
    nrf_drv_clock_lfclk_release              0x00024f31   Thumb Code    40  nrf_drv_clock.o(i.nrf_drv_clock_lfclk_release)
    nrf_drv_common_irq_enable                0x00024f73   Thumb Code    56  nrf_drv_common.o(i.nrf_drv_common_irq_enable)
    nrf_drv_gpiote_in_event_enable           0x00024fb1   Thumb Code   156  nrf_drv_gpiote.o(i.nrf_drv_gpiote_in_event_enable)
    nrf_drv_gpiote_in_init                   0x00025055   Thumb Code   172  nrf_drv_gpiote.o(i.nrf_drv_gpiote_in_init)
    nrf_drv_gpiote_in_is_set                 0x0002510d   Thumb Code    20  nrf_drv_gpiote.o(i.nrf_drv_gpiote_in_is_set)
    nrf_drv_gpiote_init                      0x00025121   Thumb Code    84  nrf_drv_gpiote.o(i.nrf_drv_gpiote_init)
    nrf_drv_gpiote_is_init                   0x0002517d   Thumb Code    14  nrf_drv_gpiote.o(i.nrf_drv_gpiote_is_init)
    nrf_drv_uart_init                        0x000251a1   Thumb Code    98  nrf_drv_uart.o(i.nrf_drv_uart_init)
    nrf_drv_uart_tx                          0x00025209   Thumb Code   262  nrf_drv_uart.o(i.nrf_drv_uart_tx)
    nrf_drv_uart_tx_in_progress              0x00025315   Thumb Code    18  nrf_drv_uart.o(i.nrf_drv_uart_tx_in_progress)
    nrf_drv_uart_uninit                      0x0002532d   Thumb Code    74  nrf_drv_uart.o(i.nrf_drv_uart_uninit)
    nrf_fprintf                              0x00025381   Thumb Code    26  nrf_fprintf.o(i.nrf_fprintf)
    nrf_fprintf_buffer_flush                 0x0002539b   Thumb Code    24  nrf_fprintf.o(i.nrf_fprintf_buffer_flush)
    nrf_fprintf_fmt                          0x000253b3   Thumb Code   474  nrf_fprintf_format.o(i.nrf_fprintf_fmt)
    nrf_log_backend_add                      0x000256b5   Thumb Code    74  nrf_log_frontend.o(i.nrf_log_backend_add)
    nrf_log_backend_serial_put               0x00025705   Thumb Code   210  nrf_log_backend_serial.o(i.nrf_log_backend_serial_put)
    nrf_log_backend_uart_init                0x000257d9   Thumb Code     6  nrf_log_backend_uart.o(i.nrf_log_backend_uart_init)
    nrf_log_color_id_get                     0x00025811   Thumb Code    42  nrf_log_frontend.o(i.nrf_log_color_id_get)
    nrf_log_default_backends_init            0x00025841   Thumb Code    22  nrf_log_default_backends.o(i.nrf_log_default_backends_init)
    nrf_log_frontend_dequeue                 0x0002585d   Thumb Code   488  nrf_log_frontend.o(i.nrf_log_frontend_dequeue)
    nrf_log_frontend_std_0                   0x00025a4d   Thumb Code     8  nrf_log_frontend.o(i.nrf_log_frontend_std_0)
    nrf_log_frontend_std_1                   0x00025a55   Thumb Code    14  nrf_log_frontend.o(i.nrf_log_frontend_std_1)
    nrf_log_frontend_std_2                   0x00025a63   Thumb Code    16  nrf_log_frontend.o(i.nrf_log_frontend_std_2)
    nrf_log_hexdump_entry_process            0x00025a75   Thumb Code   146  nrf_log_str_formatter.o(i.nrf_log_hexdump_entry_process)
    nrf_log_init                             0x00025b21   Thumb Code    70  nrf_log_frontend.o(i.nrf_log_init)
    nrf_log_module_cnt_get                   0x00025b7d   Thumb Code    10  nrf_log_frontend.o(i.nrf_log_module_cnt_get)
    nrf_log_module_name_get                  0x00025b91   Thumb Code    24  nrf_log_frontend.o(i.nrf_log_module_name_get)
    nrf_log_panic                            0x00025bad   Thumb Code    34  nrf_log_frontend.o(i.nrf_log_panic)
    nrf_log_std_entry_process                0x00025bd5   Thumb Code   182  nrf_log_str_formatter.o(i.nrf_log_std_entry_process)
    nrf_memobj_alloc                         0x00025c8b   Thumb Code    96  nrf_memobj.o(i.nrf_memobj_alloc)
    nrf_memobj_free                          0x00025ceb   Thumb Code    50  nrf_memobj.o(i.nrf_memobj_free)
    nrf_memobj_get                           0x00025d1d   Thumb Code    14  nrf_memobj.o(i.nrf_memobj_get)
    nrf_memobj_pool_init                     0x00025d2b   Thumb Code     4  nrf_memobj.o(i.nrf_memobj_pool_init)
    nrf_memobj_put                           0x00025d2f   Thumb Code    34  nrf_memobj.o(i.nrf_memobj_put)
    nrf_memobj_read                          0x00025d51   Thumb Code    12  nrf_memobj.o(i.nrf_memobj_read)
    nrf_memobj_write                         0x00025d5d   Thumb Code    12  nrf_memobj.o(i.nrf_memobj_write)
    nrf_sdh_ble_app_ram_start_get            0x00025d69   Thumb Code    16  nrf_sdh_ble.o(i.nrf_sdh_ble_app_ram_start_get)
    nrf_sdh_ble_default_cfg_set              0x00025d7d   Thumb Code   232  nrf_sdh_ble.o(i.nrf_sdh_ble_default_cfg_set)
    nrf_sdh_ble_enable                       0x00025e7d   Thumb Code    96  nrf_sdh_ble.o(i.nrf_sdh_ble_enable)
    nrf_sdh_enable_request                   0x00025fa5   Thumb Code    96  nrf_sdh.o(i.nrf_sdh_enable_request)
    nrf_sdh_evts_poll                        0x00026011   Thumb Code    32  nrf_sdh.o(i.nrf_sdh_evts_poll)
    nrf_sdh_is_enabled                       0x00026035   Thumb Code     6  nrf_sdh.o(i.nrf_sdh_is_enabled)
    nrf_section_iter_init                    0x0002607d   Thumb Code    10  nrf_section_iter.o(i.nrf_section_iter_init)
    nrf_section_iter_next                    0x000260ab   Thumb Code    32  nrf_section_iter.o(i.nrf_section_iter_next)
    nrf_strerror_find                        0x000260cd   Thumb Code    52  nrf_strerror.o(i.nrf_strerror_find)
    nrf_strerror_get                         0x00026105   Thumb Code    14  nrf_strerror.o(i.nrf_strerror_get)
    nrf_log_backend_uart_api                 0x00026d34   Data          12  nrf_log_backend_uart.o(.constdata)
    m_ram_start                              0x00026dec   Data           4  nrf_sdh_ble.o(.constdata)
    __ctype_table                            0x00026e18   Data         129  ctype_o.o(.constdata)
    Region$$Table$$Base                      0x000273e8   Number         0  anon$$obj.o(Region$$Table)
    Region$$Table$$Limit                     0x00027408   Number         0  anon$$obj.o(Region$$Table)
    log_const_data$$Base                     0x00027408   Number         0  nrf_drv_clock.o(log_const_data)
    m_nrf_log_clock_logs_data_const          0x00027408   Data           8  nrf_drv_clock.o(log_const_data)
    m_nrf_log_gpiote_logs_data_const         0x00027410   Data           8  nrf_drv_gpiote.o(log_const_data)
    m_nrf_log_uart_logs_data_const           0x00027418   Data           8  nrf_drv_uart.o(log_const_data)
    m_nrf_log_balloc_logs_data_const         0x00027420   Data           8  nrf_balloc.o(log_const_data)
    m_nrf_log_pwr_mgmt_logs_data_const       0x00027428   Data           8  nrf_pwr_mgmt.o(log_const_data)
    m_nrf_log_app_logs_data_const            0x00027430   Data           8  nrf_log_frontend.o(log_const_data)
    m_nrf_log_nrf_sdh_logs_data_const        0x00027438   Data           8  nrf_sdh.o(log_const_data)
    m_nrf_log_nrf_sdh_ble_logs_data_const    0x00027440   Data           8  nrf_sdh_ble.o(log_const_data)
    m_nrf_log_nrf_sdh_soc_logs_data_const    0x00027448   Data           8  nrf_sdh_soc.o(log_const_data)
    log_const_data$$Limit                    0x00027450   Number         0  nrf_sdh_soc.o(log_const_data)
    sdh_soc_observers0$$Base                 0x00027450   Number         0  nrf_drv_clock.o(sdh_soc_observers0)
    sdh_soc_observers0$$Limit                0x00027458   Number         0  nrf_drv_clock.o(sdh_soc_observers0)
    sdh_stack_observers0$$Base               0x00027458   Number         0  nrf_sdh_ble.o(sdh_stack_observers0)
    sdh_stack_observers0$$Limit              0x00027468   Number         0  nrf_sdh_soc.o(sdh_stack_observers0)
    sdh_state_observers0$$Base               0x00027468   Number         0  nrf_drv_clock.o(sdh_state_observers0)
    sdh_state_observers0$$Limit              0x00027470   Number         0  nrf_drv_clock.o(sdh_state_observers0)
    Image$$RW_IRAM1$$Base                    0x20001720   Number         0  anon$$obj.o ABSOLUTE
    m_uart                                   0x20001774   Data           8  nrf_log_backend_uart.o(.data)
    SystemCoreClock                          0x200017d4   Data           4  system_nrf52.o(.data)
    log_dynamic_data$$Base                   0x200017d8   Number         0  nrf_drv_clock.o(log_dynamic_data)
    m_nrf_log_clock_logs_data_dynamic        0x200017d8   Data          12  nrf_drv_clock.o(log_dynamic_data)
    m_nrf_log_gpiote_logs_data_dynamic       0x200017e4   Data          12  nrf_drv_gpiote.o(log_dynamic_data)
    m_nrf_log_uart_logs_data_dynamic         0x200017f0   Data          12  nrf_drv_uart.o(log_dynamic_data)
    m_nrf_log_balloc_logs_data_dynamic       0x200017fc   Data          12  nrf_balloc.o(log_dynamic_data)
    m_nrf_log_pwr_mgmt_logs_data_dynamic     0x20001808   Data          12  nrf_pwr_mgmt.o(log_dynamic_data)
    m_nrf_log_app_logs_data_dynamic          0x20001814   Data          12  nrf_log_frontend.o(log_dynamic_data)
    m_nrf_log_nrf_sdh_logs_data_dynamic      0x20001820   Data          12  nrf_sdh.o(log_dynamic_data)
    m_nrf_log_nrf_sdh_ble_logs_data_dynamic  0x2000182c   Data          12  nrf_sdh_ble.o(log_dynamic_data)
    m_nrf_log_nrf_sdh_soc_logs_data_dynamic  0x20001838   Data          12  nrf_sdh_soc.o(log_dynamic_data)
    nrf_nvic_state                           0x20001a78   Data          12  app_util_platform.o(.bss)
    __initial_sp                             0x20003fa8   Data           0  arm_startup_nrf52.o(STACK)



==============================================================================

Memory Map of the image

  Image Entry point : 0x00023201

  Load Region LR_IROM1 (Base: 0x00023000, Size: 0x00004594, Max: 0x0005d000, ABSOLUTE)

    Execution Region ER_IROM1 (Exec base: 0x00023000, Load base: 0x00023000, Size: 0x00004470, Max: 0x0005d000, ABSOLUTE)

    Exec Addr    Load Addr    Size         Type   Attr      Idx    E Section Name        Object

    0x00023000   0x00023000   0x00000200   Data   RO         3246    RESET               arm_startup_nrf52.o
    0x00023200   0x00023200   0x00000000   Code   RO         3287  * .ARM.Collect$$$$00000000  mc_w.l(entry.o)
    0x00023200   0x00023200   0x00000004   Code   RO         3337    .ARM.Collect$$$$00000001  mc_w.l(entry2.o)
    0x00023204   0x00023204   0x00000004   Code   RO         3340    .ARM.Collect$$$$00000004  mc_w.l(entry5.o)
    0x00023208   0x00023208   0x00000000   Code   RO         3342    .ARM.Collect$$$$00000008  mc_w.l(entry7b.o)
    0x00023208   0x00023208   0x00000000   Code   RO         3344    .ARM.Collect$$$$0000000A  mc_w.l(entry8b.o)
    0x00023208   0x00023208   0x00000008   Code   RO         3345    .ARM.Collect$$$$0000000B  mc_w.l(entry9a.o)
    0x00023210   0x00023210   0x00000000   Code   RO         3347    .ARM.Collect$$$$0000000D  mc_w.l(entry10a.o)
    0x00023210   0x00023210   0x00000000   Code   RO         3349    .ARM.Collect$$$$0000000F  mc_w.l(entry11a.o)
    0x00023210   0x00023210   0x00000004   Code   RO         3338    .ARM.Collect$$$$00002712  mc_w.l(entry2.o)
    0x00023214   0x00023214   0x0000009a   Code   RO         2041    .emb_text           nrf_memobj.o
    0x000232ae   0x000232ae   0x00000002   PAD
    0x000232b0   0x000232b0   0x0000009a   Code   RO         2440    .emb_text           nrf_log_frontend.o
    0x0002334a   0x0002334a   0x00000002   PAD
    0x0002334c   0x0002334c   0x00000024   Code   RO         3247    .text               arm_startup_nrf52.o
    0x00023370   0x00023370   0x00000062   Code   RO         3295    .text               mc_w.l(uldiv.o)
    0x000233d2   0x000233d2   0x00000002   PAD
    0x000233d4   0x000233d4   0x00000008   Code   RO         3297    .text               mc_w.l(ctype_o.o)
    0x000233dc   0x000233dc   0x00000024   Code   RO         3325    .text               mc_w.l(memcpya.o)
    0x00023400   0x00023400   0x00000024   Code   RO         3327    .text               mc_w.l(memseta.o)
    0x00023424   0x00023424   0x0000000e   Code   RO         3329    .text               mc_w.l(strlen.o)
    0x00023432   0x00023432   0x0000001e   Code   RO         3352    .text               mc_w.l(llshl.o)
    0x00023450   0x00023450   0x00000020   Code   RO         3354    .text               mc_w.l(llushr.o)
    0x00023470   0x00023470   0x00000024   Code   RO         3357    .text               mc_w.l(init.o)
    0x00023494   0x00023494   0x00000174   Code   RO          888    i.GPIOTE_IRQHandler  nrf_drv_gpiote.o
    0x00023608   0x00023608   0x00000016   Code   RO         1562    i.NVIC_ClearPendingIRQ  app_timer.o
    0x0002361e   0x0002361e   0x00000016   Code   RO         1563    i.NVIC_EnableIRQ    app_timer.o
    0x00023634   0x00023634   0x00000016   Code   RO         1564    i.NVIC_SetPendingIRQ  app_timer.o
    0x0002364a   0x0002364a   0x00000020   Code   RO         1565    i.NVIC_SetPriority  app_timer.o
    0x0002366a   0x0002366a   0x00000002   PAD
    0x0002366c   0x0002366c   0x00000058   Code   RO          669    i.POWER_CLOCK_IRQHandler  nrf_drv_clock.o
    0x000236c4   0x000236c4   0x00000024   Code   RO         1566    i.RTC1_IRQHandler   app_timer.o
    0x000236e8   0x000236e8   0x00000004   Code   RO         1567    i.SWI0_EGU0_IRQHandler  app_timer.o
    0x000236ec   0x000236ec   0x00000004   Code   RO         3034    i.SWI2_EGU2_IRQHandler  nrf_sdh.o
    0x000236f0   0x000236f0   0x000002fc   Code   RO         3255    i.SystemInit        system_nrf52.o
    0x000239ec   0x000239ec   0x0000001c   Code   RO         1138    i.UARTE0_UART0_IRQHandler  nrf_drv_uart.o
    0x00023a08   0x00023a08   0x0000000e   Code   RO         3361    i.__scatterload_copy  mc_w.l(handlers.o)
    0x00023a16   0x00023a16   0x00000002   Code   RO         3362    i.__scatterload_null  mc_w.l(handlers.o)
    0x00023a18   0x00023a18   0x0000000e   Code   RO         3363    i.__scatterload_zeroinit  mc_w.l(handlers.o)
    0x00023a26   0x00023a26   0x00000002   PAD
    0x00023a28   0x00023a28   0x00000024   Code   RO         3035    i.__sd_nvic_app_accessible_irq  nrf_sdh.o
    0x00023a4c   0x00023a4c   0x00000016   Code   RO         3036    i.__sd_nvic_is_app_accessible_priority  nrf_sdh.o
    0x00023a62   0x00023a62   0x00000002   PAD
    0x00023a64   0x00023a64   0x0000005c   Code   RO            4    i.advertising_init  main.o
    0x00023ac0   0x00023ac0   0x00000006   Code   RO          355    i.alert_timer_handler  bsp.o
    0x00023ac6   0x00023ac6   0x00000002   PAD
    0x00023ac8   0x00023ac8   0x00000024   Code   RO         1370    i.app_button_enable  app_button.o
    0x00023aec   0x00023aec   0x00000070   Code   RO         1371    i.app_button_init   app_button.o
    0x00023b5c   0x00023b5c   0x00000078   Code   RO         1471    i.app_error_fault_handler  app_error_weak.o
    0x00023bd4   0x00023bd4   0x00000016   Code   RO         1432    i.app_error_handler_bare  app_error.o
    0x00023bea   0x00023bea   0x00000002   PAD
    0x00023bec   0x00023bec   0x00000024   Code   RO         1570    i.app_timer_create  app_timer.o
    0x00023c10   0x00023c10   0x00000054   Code   RO         1571    i.app_timer_init    app_timer.o
    0x00023c64   0x00023c64   0x00000088   Code   RO         1574    i.app_timer_start   app_timer.o
    0x00023cec   0x00023cec   0x00000020   Code   RO         1575    i.app_timer_stop    app_timer.o
    0x00023d0c   0x00023d0c   0x00000048   Code   RO         1731    i.app_util_critical_region_enter  app_util_platform.o
    0x00023d54   0x00023d54   0x00000034   Code   RO         1732    i.app_util_critical_region_exit  app_util_platform.o
    0x00023d88   0x00023d88   0x000000b8   Code   RO         1139    i.apply_config      nrf_drv_uart.o
    0x00023e40   0x00023e40   0x00000182   Code   RO          511    i.ble_advdata_encode  ble_advdata.o
    0x00023fc2   0x00023fc2   0x00000068   Code   RO          512    i.ble_advdata_set   ble_advdata.o
    0x0002402a   0x0002402a   0x00000060   Code   RO          513    i.ble_device_addr_encode  ble_advdata.o
    0x0002408a   0x0002408a   0x00000002   PAD
    0x0002408c   0x0002408c   0x00000024   Code   RO          250    i.bsp_board_led_invert  boards.o
    0x000240b0   0x000240b0   0x00000010   Code   RO          251    i.bsp_board_led_off  boards.o
    0x000240c0   0x000240c0   0x00000010   Code   RO          252    i.bsp_board_led_on  boards.o
    0x000240d0   0x000240d0   0x00000020   Code   RO          253    i.bsp_board_led_state_get  boards.o
    0x000240f0   0x000240f0   0x0000002c   Code   RO          254    i.bsp_board_leds_init  boards.o
    0x0002411c   0x0002411c   0x00000012   Code   RO          255    i.bsp_board_leds_off  boards.o
    0x0002412e   0x0002412e   0x00000012   Code   RO          256    i.bsp_board_leds_on  boards.o
    0x00024140   0x00024140   0x00000024   Code   RO          257    i.bsp_board_pin_to_button_idx  boards.o
    0x00024164   0x00024164   0x00000090   Code   RO          356    i.bsp_button_event_handler  bsp.o
    0x000241f4   0x000241f4   0x00000044   Code   RO          360    i.bsp_event_to_button_action_assign  bsp.o
    0x00024238   0x00024238   0x00000018   Code   RO          361    i.bsp_indication_set  bsp.o
    0x00024250   0x00024250   0x00000094   Code   RO          362    i.bsp_init          bsp.o
    0x000242e4   0x000242e4   0x000001b8   Code   RO          363    i.bsp_led_indication  bsp.o
    0x0002449c   0x0002449c   0x00000064   Code   RO         2441    i.buf_prealloc      nrf_log_frontend.o
    0x00024500   0x00024500   0x0000001e   Code   RO         2001    i.buffer_add        nrf_fprintf_format.o
    0x0002451e   0x0002451e   0x00000002   PAD
    0x00024520   0x00024520   0x00000014   Code   RO         2442    i.buffer_is_empty   nrf_log_frontend.o
    0x00024534   0x00024534   0x00000008   Code   RO          366    i.button_timer_handler  bsp.o
    0x0002453c   0x0002453c   0x0000001c   Code   RO          889    i.channel_free      nrf_drv_gpiote.o
    0x00024558   0x00024558   0x00000048   Code   RO          890    i.channel_port_alloc  nrf_drv_gpiote.o
    0x000245a0   0x000245a0   0x00000010   Code   RO          891    i.channel_port_get  nrf_drv_gpiote.o
    0x000245b0   0x000245b0   0x00000028   Code   RO          670    i.clock_clk_started_notify  nrf_drv_clock.o
    0x000245d8   0x000245d8   0x000000ac   Code   RO         1577    i.compare_reg_update  app_timer.o
    0x00024684   0x00024684   0x00000088   Code   RO          514    i.conn_int_encode   ble_advdata.o
    0x0002470c   0x0002470c   0x00000060   Code   RO         1373    i.detection_delay_timeout_handler  app_button.o
    0x0002476c   0x0002476c   0x00000040   Code   RO         1578    i.elapsed_ticks_acquire  app_timer.o
    0x000247ac   0x000247ac   0x00000058   Code   RO         1374    i.gpiote_event_handler  app_button.o
    0x00024804   0x00024804   0x000000a6   Code   RO         2002    i.int_print         nrf_fprintf_format.o
    0x000248aa   0x000248aa   0x00000002   PAD
    0x000248ac   0x000248ac   0x00000078   Code   RO         1140    i.interrupts_enable  nrf_drv_uart.o
    0x00024924   0x00024924   0x00000030   Code   RO          367    i.leds_off          bsp.o
    0x00024954   0x00024954   0x00000014   Code   RO          368    i.leds_timer_handler  bsp.o
    0x00024968   0x00024968   0x00000028   Code   RO          673    i.lfclk_stop        nrf_drv_clock.o
    0x00024990   0x00024990   0x000000f8   Code   RO         1579    i.list_insertions_handler  app_timer.o
    0x00024a88   0x00024a88   0x00000094   Code   RO         2444    i.log_skip          nrf_log_frontend.o
    0x00024b1c   0x00024b1c   0x000000b4   Code   RO            6    i.main              main.o
    0x00024bd0   0x00024bd0   0x00000064   Code   RO          515    i.manuf_specific_data_encode  ble_advdata.o
    0x00024c34   0x00024c34   0x00000076   Code   RO         2042    i.memobj_op         nrf_memobj.o
    0x00024caa   0x00024caa   0x00000002   PAD
    0x00024cac   0x00024cac   0x00000034   Code   RO         2445    i.module_idx_get    nrf_log_frontend.o
    0x00024ce0   0x00024ce0   0x0000009c   Code   RO          516    i.name_encode       ble_advdata.o
    0x00024d7c   0x00024d7c   0x0000000e   Code   RO         2446    i.nrf_atomic_flag_set  nrf_log_frontend.o
    0x00024d8a   0x00024d8a   0x00000044   Code   RO         1917    i.nrf_balloc_alloc  nrf_balloc.o
    0x00024dce   0x00024dce   0x00000030   Code   RO         1918    i.nrf_balloc_free   nrf_balloc.o
    0x00024dfe   0x00024dfe   0x00000030   Code   RO         1919    i.nrf_balloc_init   nrf_balloc.o
    0x00024e2e   0x00024e2e   0x00000010   Code   RO          892    i.nrf_bitmask_bit_is_set  nrf_drv_gpiote.o
    0x00024e3e   0x00024e3e   0x0000000e   Code   RO          674    i.nrf_clock_event_check  nrf_drv_clock.o
    0x00024e4c   0x00024e4c   0x00000010   Code   RO          675    i.nrf_clock_event_clear  nrf_drv_clock.o
    0x00024e5c   0x00024e5c   0x0000008c   Code   RO         1580    i.nrf_delay_us      app_timer.o
    0x00024ee8   0x00024ee8   0x00000048   Code   RO          682    i.nrf_drv_clock_init  nrf_drv_clock.o
    0x00024f30   0x00024f30   0x0000002c   Code   RO          686    i.nrf_drv_clock_lfclk_release  nrf_drv_clock.o
    0x00024f5c   0x00024f5c   0x00000016   Code   RO         1141    i.nrf_drv_common_irq_disable  nrf_drv_uart.o
    0x00024f72   0x00024f72   0x00000038   Code   RO          852    i.nrf_drv_common_irq_enable  nrf_drv_common.o
    0x00024faa   0x00024faa   0x00000006   Code   RO         1142    i.nrf_drv_get_IRQn  nrf_drv_uart.o
    0x00024fb0   0x00024fb0   0x000000a4   Code   RO          897    i.nrf_drv_gpiote_in_event_enable  nrf_drv_gpiote.o
    0x00025054   0x00025054   0x000000b8   Code   RO          898    i.nrf_drv_gpiote_in_init  nrf_drv_gpiote.o
    0x0002510c   0x0002510c   0x00000014   Code   RO          899    i.nrf_drv_gpiote_in_is_set  nrf_drv_gpiote.o
    0x00025120   0x00025120   0x0000005c   Code   RO          901    i.nrf_drv_gpiote_init  nrf_drv_gpiote.o
    0x0002517c   0x0002517c   0x00000014   Code   RO          902    i.nrf_drv_gpiote_is_init  nrf_drv_gpiote.o
    0x00025190   0x00025190   0x00000010   Code   RO         1143    i.nrf_drv_is_in_RAM  nrf_drv_uart.o
    0x000251a0   0x000251a0   0x00000068   Code   RO         1145    i.nrf_drv_uart_init  nrf_drv_uart.o
    0x00025208   0x00025208   0x0000010c   Code   RO         1153    i.nrf_drv_uart_tx   nrf_drv_uart.o
    0x00025314   0x00025314   0x00000018   Code   RO         1155    i.nrf_drv_uart_tx_in_progress  nrf_drv_uart.o
    0x0002532c   0x0002532c   0x00000054   Code   RO         1156    i.nrf_drv_uart_uninit  nrf_drv_uart.o
    0x00025380   0x00025380   0x0000001a   Code   RO         1958    i.nrf_fprintf       nrf_fprintf.o
    0x0002539a   0x0002539a   0x00000018   Code   RO         1959    i.nrf_fprintf_buffer_flush  nrf_fprintf.o
    0x000253b2   0x000253b2   0x000001da   Code   RO         2003    i.nrf_fprintf_fmt   nrf_fprintf_format.o
    0x0002558c   0x0002558c   0x00000024   Code   RO          259    i.nrf_gpio_cfg      boards.o
    0x000255b0   0x000255b0   0x00000024   Code   RO          916    i.nrf_gpio_cfg      nrf_drv_gpiote.o
    0x000255d4   0x000255d4   0x00000024   Code   RO         1157    i.nrf_gpio_cfg      nrf_drv_uart.o
    0x000255f8   0x000255f8   0x00000012   Code   RO         1158    i.nrf_gpio_cfg_default  nrf_drv_uart.o
    0x0002560a   0x0002560a   0x00000012   Code   RO         1159    i.nrf_gpio_cfg_input  nrf_drv_uart.o
    0x0002561c   0x0002561c   0x00000014   Code   RO         1160    i.nrf_gpio_cfg_output  nrf_drv_uart.o
    0x00025630   0x00025630   0x00000022   Code   RO          918    i.nrf_gpio_cfg_sense_set  nrf_drv_gpiote.o
    0x00025652   0x00025652   0x00000016   Code   RO          260    i.nrf_gpio_pin_write  boards.o
    0x00025668   0x00025668   0x00000028   Code   RO          919    i.nrf_gpio_ports_read  nrf_drv_gpiote.o
    0x00025690   0x00025690   0x00000014   Code   RO          920    i.nrf_gpiote_event_clear  nrf_drv_gpiote.o
    0x000256a4   0x000256a4   0x00000010   Code   RO          921    i.nrf_gpiote_event_is_set  nrf_drv_gpiote.o
    0x000256b4   0x000256b4   0x00000050   Code   RO         2447    i.nrf_log_backend_add  nrf_log_frontend.o
    0x00025704   0x00025704   0x000000d2   Code   RO         2295    i.nrf_log_backend_serial_put  nrf_log_backend_serial.o
    0x000257d6   0x000257d6   0x00000002   Code   RO         2335    i.nrf_log_backend_uart_flush  nrf_log_backend_uart.o
    0x000257d8   0x000257d8   0x00000006   Code   RO         2336    i.nrf_log_backend_uart_init  nrf_log_backend_uart.o
    0x000257de   0x000257de   0x00000002   PAD
    0x000257e0   0x000257e0   0x00000018   Code   RO         2337    i.nrf_log_backend_uart_panic_set  nrf_log_backend_uart.o
    0x000257f8   0x000257f8   0x00000018   Code   RO         2338    i.nrf_log_backend_uart_put  nrf_log_backend_uart.o
    0x00025810   0x00025810   0x00000030   Code   RO         2449    i.nrf_log_color_id_get  nrf_log_frontend.o
    0x00025840   0x00025840   0x0000001c   Code   RO         2407    i.nrf_log_default_backends_init  nrf_log_default_backends.o
    0x0002585c   0x0002585c   0x000001f0   Code   RO         2450    i.nrf_log_frontend_dequeue  nrf_log_frontend.o
    0x00025a4c   0x00025a4c   0x00000008   Code   RO         2452    i.nrf_log_frontend_std_0  nrf_log_frontend.o
    0x00025a54   0x00025a54   0x0000000e   Code   RO         2453    i.nrf_log_frontend_std_1  nrf_log_frontend.o
    0x00025a62   0x00025a62   0x00000010   Code   RO         2454    i.nrf_log_frontend_std_2  nrf_log_frontend.o
    0x00025a72   0x00025a72   0x00000002   PAD
    0x00025a74   0x00025a74   0x000000ac   Code   RO         2632    i.nrf_log_hexdump_entry_process  nrf_log_str_formatter.o
    0x00025b20   0x00025b20   0x0000005c   Code   RO         2459    i.nrf_log_init      nrf_log_frontend.o
    0x00025b7c   0x00025b7c   0x00000014   Code   RO         2460    i.nrf_log_module_cnt_get  nrf_log_frontend.o
    0x00025b90   0x00025b90   0x0000001c   Code   RO         2463    i.nrf_log_module_name_get  nrf_log_frontend.o
    0x00025bac   0x00025bac   0x00000028   Code   RO         2464    i.nrf_log_panic     nrf_log_frontend.o
    0x00025bd4   0x00025bd4   0x000000b6   Code   RO         2633    i.nrf_log_std_entry_process  nrf_log_str_formatter.o
    0x00025c8a   0x00025c8a   0x00000060   Code   RO         2043    i.nrf_memobj_alloc  nrf_memobj.o
    0x00025cea   0x00025cea   0x00000032   Code   RO         2044    i.nrf_memobj_free   nrf_memobj.o
    0x00025d1c   0x00025d1c   0x0000000e   Code   RO         2045    i.nrf_memobj_get    nrf_memobj.o
    0x00025d2a   0x00025d2a   0x00000004   Code   RO         2046    i.nrf_memobj_pool_init  nrf_memobj.o
    0x00025d2e   0x00025d2e   0x00000022   Code   RO         2047    i.nrf_memobj_put    nrf_memobj.o
    0x00025d50   0x00025d50   0x0000000c   Code   RO         2048    i.nrf_memobj_read   nrf_memobj.o
    0x00025d5c   0x00025d5c   0x0000000c   Code   RO         2049    i.nrf_memobj_write  nrf_memobj.o
    0x00025d68   0x00025d68   0x00000014   Code   RO         3165    i.nrf_sdh_ble_app_ram_start_get  nrf_sdh_ble.o
    0x00025d7c   0x00025d7c   0x00000100   Code   RO         3166    i.nrf_sdh_ble_default_cfg_set  nrf_sdh_ble.o
    0x00025e7c   0x00025e7c   0x000000d8   Code   RO         3167    i.nrf_sdh_ble_enable  nrf_sdh_ble.o
    0x00025f54   0x00025f54   0x00000050   Code   RO         3168    i.nrf_sdh_ble_evts_poll  nrf_sdh_ble.o
    0x00025fa4   0x00025fa4   0x0000006c   Code   RO         3038    i.nrf_sdh_enable_request  nrf_sdh.o
    0x00026010   0x00026010   0x00000024   Code   RO         3039    i.nrf_sdh_evts_poll  nrf_sdh.o
    0x00026034   0x00026034   0x0000000c   Code   RO         3040    i.nrf_sdh_is_enabled  nrf_sdh.o
    0x00026040   0x00026040   0x0000003c   Code   RO         3215    i.nrf_sdh_soc_evts_poll  nrf_sdh_soc.o
    0x0002607c   0x0002607c   0x0000000a   Code   RO         2209    i.nrf_section_iter_init  nrf_section_iter.o
    0x00026086   0x00026086   0x00000024   Code   RO         2210    i.nrf_section_iter_item_set  nrf_section_iter.o
    0x000260aa   0x000260aa   0x00000020   Code   RO         2211    i.nrf_section_iter_next  nrf_section_iter.o
    0x000260ca   0x000260ca   0x00000002   PAD
    0x000260cc   0x000260cc   0x00000038   Code   RO         2244    i.nrf_strerror_find  nrf_strerror.o
    0x00026104   0x00026104   0x00000014   Code   RO         2245    i.nrf_strerror_get  nrf_strerror.o
    0x00026118   0x00026118   0x0000000a   Code   RO         1161    i.nrf_uart_event_check  nrf_drv_uart.o
    0x00026122   0x00026122   0x0000000c   Code   RO         1162    i.nrf_uart_event_clear  nrf_drv_uart.o
    0x0002612e   0x0002612e   0x0000000c   Code   RO         1163    i.nrf_uart_int_enable_check  nrf_drv_uart.o
    0x0002613a   0x0002613a   0x0000000a   Code   RO         1164    i.nrf_uarte_event_check  nrf_drv_uart.o
    0x00026144   0x00026144   0x0000000c   Code   RO         1165    i.nrf_uarte_event_clear  nrf_drv_uart.o
    0x00026150   0x00026150   0x00000018   Code   RO          922    i.pin_in_use_by_port  nrf_drv_gpiote.o
    0x00026168   0x00026168   0x00000018   Code   RO          923    i.pin_in_use_by_te  nrf_drv_gpiote.o
    0x00026180   0x00026180   0x00000078   Code   RO         1166    i.pins_to_default   nrf_drv_uart.o
    0x000261f8   0x000261f8   0x0000003c   Code   RO         2634    i.postfix_process   nrf_log_str_formatter.o
    0x00026234   0x00026234   0x0000005c   Code   RO         2635    i.prefix_process    nrf_log_str_formatter.o
    0x00026290   0x00026290   0x0000003c   Code   RO         1581    i.rtc1_stop         app_timer.o
    0x000262cc   0x000262cc   0x00000032   Code   RO         1167    i.rx_byte           nrf_drv_uart.o
    0x000262fe   0x000262fe   0x00000018   Code   RO         1168    i.rx_done_event     nrf_drv_uart.o
    0x00026316   0x00026316   0x00000042   Code   RO         3045    i.sd_nvic_SetPriority  nrf_sdh.o
    0x00026358   0x00026358   0x00000054   Code   RO          689    i.sd_state_evt_handler  nrf_drv_clock.o
    0x000263ac   0x000263ac   0x00000030   Code   RO         3046    i.sdh_request_observer_notify  nrf_sdh.o
    0x000263dc   0x000263dc   0x0000002c   Code   RO         3047    i.sdh_state_observer_notify  nrf_sdh.o
    0x00026408   0x00026408   0x00000028   Code   RO         2339    i.serial_tx         nrf_log_backend_uart.o
    0x00026430   0x00026430   0x00000088   Code   RO          517    i.service_data_encode  ble_advdata.o
    0x000264b8   0x000264b8   0x0000000a   Code   RO          690    i.soc_evt_handler   nrf_drv_clock.o
    0x000264c2   0x000264c2   0x00000002   PAD
    0x000264c4   0x000264c4   0x00000050   Code   RO         3049    i.softdevices_evt_irq_enable  nrf_sdh.o
    0x00026514   0x00026514   0x00000090   Code   RO         2466    i.std_n             nrf_log_frontend.o
    0x000265a4   0x000265a4   0x00000080   Code   RO         1582    i.timer_list_handler  app_timer.o
    0x00026624   0x00026624   0x0000003c   Code   RO         1583    i.timer_list_insert  app_timer.o
    0x00026660   0x00026660   0x00000060   Code   RO         1584    i.timer_list_remove  app_timer.o
    0x000266c0   0x000266c0   0x00000048   Code   RO         1585    i.timer_stop_op_schedule  app_timer.o
    0x00026708   0x00026708   0x00000074   Code   RO         1586    i.timer_timeouts_check  app_timer.o
    0x0002677c   0x0002677c   0x00000020   Code   RO         1170    i.tx_byte           nrf_drv_uart.o
    0x0002679c   0x0002679c   0x0000001c   Code   RO         1171    i.tx_done_event     nrf_drv_uart.o
    0x000267b8   0x000267b8   0x0000000c   Code   RO         2340    i.uart_evt_handler  nrf_log_backend_uart.o
    0x000267c4   0x000267c4   0x00000050   Code   RO         2341    i.uart_init         nrf_log_backend_uart.o
    0x00026814   0x00026814   0x0000011e   Code   RO         1172    i.uart_irq_handler  nrf_drv_uart.o
    0x00026932   0x00026932   0x000000f0   Code   RO         1173    i.uarte_irq_handler  nrf_drv_uart.o
    0x00026a22   0x00026a22   0x0000000a   Code   RO          518    i.uint16_encode     ble_advdata.o
    0x00026a2c   0x00026a2c   0x000000b4   Code   RO         2004    i.unsigned_print    nrf_fprintf_format.o
    0x00026ae0   0x00026ae0   0x00000030   Code   RO         1587    i.user_op_alloc     app_timer.o
    0x00026b10   0x00026b10   0x00000030   Code   RO          519    i.uuid_list_encode  ble_advdata.o
    0x00026b40   0x00026b40   0x0000009e   Code   RO          520    i.uuid_list_sized_encode  ble_advdata.o
    0x00026bde   0x00026bde   0x00000008   Data   RO          261    .constdata          boards.o
    0x00026be6   0x00026be6   0x00000002   PAD
    0x00026be8   0x00026be8   0x0000002c   Data   RO          374    .constdata          bsp.o
    0x00026c14   0x00026c14   0x00000004   Data   RO          925    .constdata          nrf_drv_gpiote.o
    0x00026c18   0x00026c18   0x00000008   Data   RO         1376    .constdata          app_button.o
    0x00026c20   0x00026c20   0x00000010   Data   RO         2005    .constdata          nrf_fprintf_format.o
    0x00026c30   0x00026c30   0x00000104   Data   RO         2246    .constdata          nrf_strerror.o
    0x00026d34   0x00026d34   0x0000000c   Data   RO         2343    .constdata          nrf_log_backend_uart.o
    0x00026d40   0x00026d40   0x00000020   Data   RO         2344    .constdata          nrf_log_backend_uart.o
    0x00026d60   0x00026d60   0x00000014   Data   RO         2469    .constdata          nrf_log_frontend.o
    0x00026d74   0x00026d74   0x00000010   Data   RO         3050    .constdata          nrf_sdh.o
    0x00026d84   0x00026d84   0x00000028   Data   RO         3051    .constdata          nrf_sdh.o
    0x00026dac   0x00026dac   0x00000010   Data   RO         3052    .constdata          nrf_sdh.o
    0x00026dbc   0x00026dbc   0x00000010   Data   RO         3053    .constdata          nrf_sdh.o
    0x00026dcc   0x00026dcc   0x00000020   Data   RO         3169    .constdata          nrf_sdh_ble.o
    0x00026dec   0x00026dec   0x00000010   Data   RO         3170    .constdata          nrf_sdh_ble.o
    0x00026dfc   0x00026dfc   0x00000010   Data   RO         3216    .constdata          nrf_sdh_soc.o
    0x00026e0c   0x00026e0c   0x0000000c   Data   RO         3217    .constdata          nrf_sdh_soc.o
    0x00026e18   0x00026e18   0x00000081   Data   RO         3298    .constdata          mc_w.l(ctype_o.o)
    0x00026e99   0x00026e99   0x00000003   PAD
    0x00026e9c   0x00026e9c   0x00000004   Data   RO         3299    .constdata          mc_w.l(ctype_o.o)
    0x00026ea0   0x00026ea0   0x00000307   Data   RO         2247    .conststring        nrf_strerror.o
    0x000271a7   0x000271a7   0x00000001   PAD
    0x000271a8   0x000271a8   0x00000066   Data   RO         2636    .conststring        nrf_log_str_formatter.o
    0x0002720e   0x0002720e   0x00000002   PAD
    0x00027210   0x00027210   0x00000188   Data   RO         3171    .conststring        nrf_sdh_ble.o
    0x00027398   0x00027398   0x00000006   Data   RO          696    .conststrlit        nrf_drv_clock.o
    0x0002739e   0x0002739e   0x00000002   PAD
    0x000273a0   0x000273a0   0x00000007   Data   RO          929    .conststrlit        nrf_drv_gpiote.o
    0x000273a7   0x000273a7   0x00000001   PAD
    0x000273a8   0x000273a8   0x00000005   Data   RO         1175    .conststrlit        nrf_drv_uart.o
    0x000273ad   0x000273ad   0x00000003   PAD
    0x000273b0   0x000273b0   0x00000007   Data   RO         1920    .conststrlit        nrf_balloc.o
    0x000273b7   0x000273b7   0x00000001   PAD
    0x000273b8   0x000273b8   0x00000009   Data   RO         2138    .conststrlit        nrf_pwr_mgmt.o
    0x000273c1   0x000273c1   0x00000003   PAD
    0x000273c4   0x000273c4   0x00000004   Data   RO         2471    .conststrlit        nrf_log_frontend.o
    0x000273c8   0x000273c8   0x00000008   Data   RO         3054    .conststrlit        nrf_sdh.o
    0x000273d0   0x000273d0   0x0000000c   Data   RO         3172    .conststrlit        nrf_sdh_ble.o
    0x000273dc   0x000273dc   0x0000000c   Data   RO         3218    .conststrlit        nrf_sdh_soc.o
    0x000273e8   0x000273e8   0x00000020   Data   RO         3359    Region$$Table       anon$$obj.o
    0x00027408   0x00027408   0x00000008   Data   RO          697    log_const_data      nrf_drv_clock.o
    0x00027410   0x00027410   0x00000008   Data   RO          930    log_const_data      nrf_drv_gpiote.o
    0x00027418   0x00027418   0x00000008   Data   RO         1176    log_const_data      nrf_drv_uart.o
    0x00027420   0x00027420   0x00000008   Data   RO         1921    log_const_data      nrf_balloc.o
    0x00027428   0x00027428   0x00000008   Data   RO         2140    log_const_data      nrf_pwr_mgmt.o
    0x00027430   0x00027430   0x00000008   Data   RO         2475    log_const_data      nrf_log_frontend.o
    0x00027438   0x00027438   0x00000008   Data   RO         3056    log_const_data      nrf_sdh.o
    0x00027440   0x00027440   0x00000008   Data   RO         3173    log_const_data      nrf_sdh_ble.o
    0x00027448   0x00027448   0x00000008   Data   RO         3219    log_const_data      nrf_sdh_soc.o
    0x00027450   0x00027450   0x00000008   Data   RO          699    sdh_soc_observers0  nrf_drv_clock.o
    0x00027458   0x00027458   0x00000008   Data   RO         3175    sdh_stack_observers0  nrf_sdh_ble.o
    0x00027460   0x00027460   0x00000008   Data   RO         3221    sdh_stack_observers0  nrf_sdh_soc.o
    0x00027468   0x00027468   0x00000008   Data   RO          700    sdh_state_observers0  nrf_drv_clock.o


    Execution Region RW_IRAM1 (Exec base: 0x20001720, Load base: 0x00027470, Size: 0x00002888, Max: 0x0000e8e0, ABSOLUTE)

    Exec Addr    Load Addr    Size         Type   Attr      Idx    E Section Name        Object

    0x20001720   0x00027470   0x00000017   Data   RW            8    .data               main.o
    0x20001737   0x00027487   0x00000001   PAD
    0x20001738   0x00027488   0x00000010   Data   RW          375    .data               bsp.o
    0x20001748   0x00027498   0x00000014   Data   RW         1377    .data               app_button.o
    0x2000175c   0x000274ac   0x00000014   Data   RW         1589    .data               app_timer.o
    0x20001770   0x000274c0   0x0000000c   Data   RW         2345    .data               nrf_log_backend_uart.o
    0x2000177c   0x000274cc   0x0000000c   Data   RW         2408    .data               nrf_log_default_backends.o
    0x20001788   0x000274d8   0x00000008   Data   RW         2473    .data               nrf_log_frontend.o
    0x20001790   0x000274e0   0x00000008   Data   RW         2474    .data               nrf_log_frontend.o
    0x20001798   0x000274e8   0x00000038   Data   RW         2637    .data               nrf_log_str_formatter.o
    0x200017d0   0x00027520   0x00000003   Data   RW         3055    .data               nrf_sdh.o
    0x200017d3   0x00027523   0x00000001   PAD
    0x200017d4   0x00027524   0x00000004   Data   RW         3256    .data               system_nrf52.o
    0x200017d8   0x00027528   0x0000000c   Data   RW          698    log_dynamic_data    nrf_drv_clock.o
    0x200017e4   0x00027534   0x0000000c   Data   RW          931    log_dynamic_data    nrf_drv_gpiote.o
    0x200017f0   0x00027540   0x0000000c   Data   RW         1177    log_dynamic_data    nrf_drv_uart.o
    0x200017fc   0x0002754c   0x0000000c   Data   RW         1922    log_dynamic_data    nrf_balloc.o
    0x20001808   0x00027558   0x0000000c   Data   RW         2141    log_dynamic_data    nrf_pwr_mgmt.o
    0x20001814   0x00027564   0x0000000c   Data   RW         2476    log_dynamic_data    nrf_log_frontend.o
    0x20001820   0x00027570   0x0000000c   Data   RW         3057    log_dynamic_data    nrf_sdh.o
    0x2000182c   0x0002757c   0x0000000c   Data   RW         3174    log_dynamic_data    nrf_sdh_ble.o
    0x20001838   0x00027588   0x0000000c   Data   RW         3220    log_dynamic_data    nrf_sdh_soc.o
    0x20001844        -       0x00000010   Zero   RW            7    .bss                main.o
    0x20001854        -       0x00000020   Zero   RW          370    .bss                bsp.o
    0x20001874        -       0x00000020   Zero   RW          371    .bss                bsp.o
    0x20001894        -       0x0000000c   Zero   RW          372    .bss                bsp.o
    0x200018a0        -       0x00000020   Zero   RW          373    .bss                bsp.o
    0x200018c0        -       0x00000014   Zero   RW          691    .bss                nrf_drv_clock.o
    0x200018d4        -       0x00000058   Zero   RW          924    .bss                nrf_drv_gpiote.o
    0x2000192c        -       0x00000020   Zero   RW         1174    .bss                nrf_drv_uart.o
    0x2000194c        -       0x00000020   Zero   RW         1375    .bss                app_button.o
    0x2000196c        -       0x0000010c   Zero   RW         1588    .bss                app_timer.o
    0x20001a78        -       0x0000000c   Zero   RW         1737    .bss                app_util_platform.o
    0x20001a84        -       0x00000040   Zero   RW         2342    .bss                nrf_log_backend_uart.o
    0x20001ac4        -       0x000000c0   Zero   RW         2467    .bss                nrf_log_frontend.o
    0x20001b84        -       0x00000420   Zero   RW         2468    .bss                nrf_log_frontend.o
    0x20001fa4   0x00027594   0x00000004   PAD
    0x20001fa8        -       0x00002000   Zero   RW         3244    STACK               arm_startup_nrf52.o


==============================================================================

Image component sizes


      Code (inc. data)   RO Data    RW Data    ZI Data      Debug   Object Name

       332         34          8         20         32      10322   app_button.o
        22          0          0          0          0       2157   app_error.o
       120         40          0          0          0      30545   app_error_weak.o
      1630        122          0         20        268      48131   app_timer.o
       124         14          0          0         12       9562   app_util_platform.o
        36          8        512          0       8192        948   arm_startup_nrf52.o
      1330          0          0          0          0      37359   ble_advdata.o
       274         32          8          0          0      12073   boards.o
       906         84         44         16        108      13708   bsp.o
       272         40          0         23         16     122347   main.o
       164          0         15         12          0       4017   nrf_balloc.o
       408         40         30         12         20      51819   nrf_drv_clock.o
        56          0          0          0          0      27575   nrf_drv_common.o
      1178         84         19         12         88      30990   nrf_drv_gpiote.o
      1784         60         13         12         32      41354   nrf_drv_uart.o
        50          0          0          0          0       3605   nrf_fprintf.o
       850          4         16          0          0       5578   nrf_fprintf_format.o
       210          0          0          0          0      11215   nrf_log_backend_serial.o
       188         36         44         12         64      12558   nrf_log_backend_uart.o
        28          6          0         12          0       3279   nrf_log_default_backends.o
      1474         88         32         28       1248      31719   nrf_log_frontend.o
       506         66        102         56          0       5720   nrf_log_str_formatter.o
       494          0          0          0          0      13347   nrf_memobj.o
         0          0         17         12          0       7357   nrf_pwr_mgmt.o
       456         44        104         15          0      48139   nrf_sdh.o
       572        154        468         12          0       5993   nrf_sdh_ble.o
        60          4         56         12          0       2636   nrf_sdh_soc.o
        78          0          0          0          0       2852   nrf_section_iter.o
        76         10       1035          0          0       2819   nrf_strerror.o
       764         64          0          4          0       3015   system_nrf52.o

    ----------------------------------------------------------------------
     14470       1034       2570        292      10084     602739   Object Totals
         0          0         32          0          0          0   (incl. Generated)
        28          0         15          2          4          0   (incl. Padding)

    ----------------------------------------------------------------------

      Code (inc. data)   RO Data    RW Data    ZI Data      Debug   Library Member Name

         8          4        133          0          0         68   ctype_o.o
         0          0          0          0          0          0   entry.o
         0          0          0          0          0          0   entry10a.o
         0          0          0          0          0          0   entry11a.o
         8          4          0          0          0          0   entry2.o
         4          0          0          0          0          0   entry5.o
         0          0          0          0          0          0   entry7b.o
         0          0          0          0          0          0   entry8b.o
         8          4          0          0          0          0   entry9a.o
        30          0          0          0          0          0   handlers.o
        36          8          0          0          0         68   init.o
        30          0          0          0          0         68   llshl.o
        32          0          0          0          0         68   llushr.o
        36          0          0          0          0         68   memcpya.o
        36          0          0          0          0        108   memseta.o
        14          0          0          0          0         68   strlen.o
        98          0          0          0          0         92   uldiv.o

    ----------------------------------------------------------------------
       344         20        136          0          0        608   Library Totals
         4          0          3          0          0          0   (incl. Padding)

    ----------------------------------------------------------------------

      Code (inc. data)   RO Data    RW Data    ZI Data      Debug   Library Name

       340         20        133          0          0        608   mc_w.l

    ----------------------------------------------------------------------
       344         20        136          0          0        608   Library Totals

    ----------------------------------------------------------------------

==============================================================================


      Code (inc. data)   RO Data    RW Data    ZI Data      Debug   

     14814       1054       2706        292      10084     585795   Grand Totals
     14814       1054       2706        292      10084     585795   ELF Image Totals
     14814       1054       2706        292          0          0   ROM Totals

==============================================================================

    Total RO  Size (Code + RO Data)                17520 (  17.11kB)
    Total RW  Size (RW Data + ZI Data)             10376 (  10.13kB)
    Total ROM Size (Code + RO Data + RW Data)      17812 (  17.39kB)

==============================================================================

