Component: ARM Compiler 5.06 update 5 (build 528) Tool: armlink [4d35e2]

==============================================================================

Section Cross References

    main.o(i.assert_nrf_callback) refers to app_error.o(i.app_error_handler) for app_error_handler
    main.o(i.ble_evt_handler) refers to nrf_log_frontend.o(i.nrf_log_frontend_std_0) for nrf_log_frontend_std_0
    main.o(i.ble_evt_handler) refers to main.o(i.is_uuid_present) for is_uuid_present
    main.o(i.ble_evt_handler) refers to bsp.o(i.bsp_indication_set) for bsp_indication_set
    main.o(i.ble_evt_handler) refers to app_error.o(i.app_error_handler_bare) for app_error_handler_bare
    main.o(i.ble_evt_handler) refers to nrf_log_frontend.o(i.nrf_log_frontend_std_6) for nrf_log_frontend_std_6
    main.o(i.ble_evt_handler) refers to ble_nus_c.o(i.ble_nus_c_handles_assign) for ble_nus_c_handles_assign
    main.o(i.ble_evt_handler) refers to ble_db_discovery.o(i.ble_db_discovery_start) for ble_db_discovery_start
    main.o(i.ble_evt_handler) refers to main.o(i.scan_start) for scan_start
    main.o(i.ble_evt_handler) refers to nrf_log_frontend.o(log_dynamic_data) for m_nrf_log_app_logs_data_dynamic
    main.o(i.ble_evt_handler) refers to main.o(.constdata) for .constdata
    main.o(i.ble_evt_handler) refers to main.o(.bss) for .bss
    main.o(i.ble_evt_handler) refers to main.o(.data) for .data
    main.o(i.ble_nus_c_evt_handler) refers to nrf_log_frontend.o(i.nrf_log_frontend_std_0) for nrf_log_frontend_std_0
    main.o(i.ble_nus_c_evt_handler) refers to main.o(i.scan_start) for scan_start
    main.o(i.ble_nus_c_evt_handler) refers to ble_nus_c.o(i.ble_nus_c_handles_assign) for ble_nus_c_handles_assign
    main.o(i.ble_nus_c_evt_handler) refers to app_error.o(i.app_error_handler_bare) for app_error_handler_bare
    main.o(i.ble_nus_c_evt_handler) refers to ble_nus_c.o(i.ble_nus_c_tx_notif_enable) for ble_nus_c_tx_notif_enable
    main.o(i.ble_nus_c_evt_handler) refers to main.o(i.ble_nus_chars_received_uart_print) for ble_nus_chars_received_uart_print
    main.o(i.ble_nus_c_evt_handler) refers to nrf_log_frontend.o(log_dynamic_data) for m_nrf_log_app_logs_data_dynamic
    main.o(i.ble_nus_chars_received_uart_print) refers to app_uart_fifo.o(i.app_uart_put) for app_uart_put
    main.o(i.ble_nus_chars_received_uart_print) refers to nrf_log_frontend.o(i.nrf_log_frontend_std_1) for nrf_log_frontend_std_1
    main.o(i.ble_nus_chars_received_uart_print) refers to app_error.o(i.app_error_handler_bare) for app_error_handler_bare
    main.o(i.ble_nus_chars_received_uart_print) refers to ble_nus_c.o(i.ble_nus_c_string_send) for ble_nus_c_string_send
    main.o(i.ble_nus_chars_received_uart_print) refers to nrf_log_frontend.o(log_dynamic_data) for m_nrf_log_app_logs_data_dynamic
    main.o(i.ble_nus_chars_received_uart_print) refers to main.o(.bss) for .bss
    main.o(i.bsp_event_handler) refers to nrf_pwr_mgmt.o(i.nrf_pwr_mgmt_shutdown) for nrf_pwr_mgmt_shutdown
    main.o(i.bsp_event_handler) refers to app_error.o(i.app_error_handler_bare) for app_error_handler_bare
    main.o(i.bsp_event_handler) refers to main.o(.bss) for .bss
    main.o(i.db_disc_handler) refers to ble_nus_c.o(i.ble_nus_c_on_db_disc_evt) for ble_nus_c_on_db_disc_evt
    main.o(i.db_disc_handler) refers to main.o(.bss) for .bss
    main.o(i.gatt_evt_handler) refers to nrf_log_frontend.o(i.nrf_log_frontend_std_0) for nrf_log_frontend_std_0
    main.o(i.gatt_evt_handler) refers to nrf_log_frontend.o(i.nrf_log_frontend_std_2) for nrf_log_frontend_std_2
    main.o(i.gatt_evt_handler) refers to nrf_log_frontend.o(log_dynamic_data) for m_nrf_log_app_logs_data_dynamic
    main.o(i.gatt_evt_handler) refers to main.o(.data) for .data
    main.o(i.gatt_init) refers to nrf_ble_gatt.o(i.nrf_ble_gatt_init) for nrf_ble_gatt_init
    main.o(i.gatt_init) refers to app_error.o(i.app_error_handler_bare) for app_error_handler_bare
    main.o(i.gatt_init) refers to nrf_ble_gatt.o(i.nrf_ble_gatt_att_mtu_central_set) for nrf_ble_gatt_att_mtu_central_set
    main.o(i.gatt_init) refers to main.o(i.gatt_evt_handler) for gatt_evt_handler
    main.o(i.gatt_init) refers to main.o(.bss) for .bss
    main.o(i.main) refers to nrf_log_frontend.o(i.nrf_log_init) for nrf_log_init
    main.o(i.main) refers to app_error.o(i.app_error_handler_bare) for app_error_handler_bare
    main.o(i.main) refers to nrf_log_default_backends.o(i.nrf_log_default_backends_init) for nrf_log_default_backends_init
    main.o(i.main) refers to app_timer.o(i.app_timer_init) for app_timer_init
    main.o(i.main) refers to nrf_pwr_mgmt.o(i.nrf_pwr_mgmt_init) for nrf_pwr_mgmt_init
    main.o(i.main) refers to memcpya.o(.text) for __aeabi_memcpy4
    main.o(i.main) refers to app_uart_fifo.o(i.app_uart_init) for app_uart_init
    main.o(i.main) refers to bsp.o(i.bsp_init) for bsp_init
    main.o(i.main) refers to bsp_btn_ble.o(i.bsp_btn_ble_init) for bsp_btn_ble_init
[...]
    __tagsym$$used                           0x00027c70   Number         0  nrf_sdh_ble.o(sdh_stack_observers0)
    m_nrf_sdh_ble_evts_poll                  0x00027c70   Data           8  nrf_sdh_ble.o(sdh_stack_observers0)
    sdh_stack_observers0                     0x00027c78   Section        8  nrf_sdh_soc.o(sdh_stack_observers0)
    __tagsym$$used                           0x00027c78   Number         0  nrf_sdh_soc.o(sdh_stack_observers0)
    m_nrf_sdh_soc_evts_poll                  0x00027c78   Data           8  nrf_sdh_soc.o(sdh_stack_observers0)
    sdh_state_observers0                     0x00027c80   Section        8  nrf_drv_clock.o(sdh_state_observers0)
    __tagsym$$used                           0x00027c80   Number         0  nrf_drv_clock.o(sdh_state_observers0)
    m_sd_state_observer                      0x00027c80   Data           8  nrf_drv_clock.o(sdh_state_observers0)
    .data                                    0x20002978   Section      720  main.o(.data)
    m_ble_nus_max_data_len                   0x20002978   Data           2  main.o(.data)
    index                                    0x2000297a   Data           2  main.o(.data)
    m_db_disc                                0x2000297c   Data         716  main.o(.data)
    .data                                    0x20002c48   Section       16  bsp.o(.data)
    m_stable_state                           0x20002c48   Data           1  bsp.o(.data)
    m_leds_clear                             0x20002c49   Data           1  bsp.o(.data)
    m_alert_on                               0x20002c4a   Data           1  bsp.o(.data)
    current_long_push_pin_no                 0x20002c4b   Data           1  bsp.o(.data)
    m_indication_type                        0x20002c4c   Data           4  bsp.o(.data)
    m_registered_callback                    0x20002c50   Data           4  bsp.o(.data)
    release_event_at_push                    0x20002c54   Data           4  bsp.o(.data)
    .data                                    0x20002c58   Section        8  bsp_btn_ble.o(.data)
    m_error_handler                          0x20002c58   Data           4  bsp_btn_ble.o(.data)
    m_num_connections                        0x20002c5c   Data           4  bsp_btn_ble.o(.data)
    .data                                    0x20002c60   Section       16  ble_db_discovery.o(.data)
    m_initialized                            0x20002c60   Data           1  ble_db_discovery.o(.data)
    m_evt_handler                            0x20002c64   Data           4  ble_db_discovery.o(.data)
    m_pending_usr_evt_index                  0x20002c68   Data           4  ble_db_discovery.o(.data)
    m_num_of_handlers_reg                    0x20002c6c   Data           4  ble_db_discovery.o(.data)
    .data                                    0x20002c70   Section       20  app_button.o(.data)
    m_button_count                           0x20002c70   Data           1  app_button.o(.data)
    mp_buttons                               0x20002c74   Data           4  app_button.o(.data)
    m_detection_delay                        0x20002c78   Data           4  app_button.o(.data)
    m_pin_state                              0x20002c7c   Data           4  app_button.o(.data)
    m_pin_transition                         0x20002c80   Data           4  app_button.o(.data)
    .data                                    0x20002c84   Section       20  app_timer.o(.data)
    m_ticks_elapsed_q_read_ind               0x20002c84   Data           1  app_timer.o(.data)
    m_ticks_elapsed_q_write_ind              0x20002c85   Data           1  app_timer.o(.data)
    m_rtc1_running                           0x20002c86   Data           1  app_timer.o(.data)
    m_rtc1_reset                             0x20002c87   Data           1  app_timer.o(.data)
    mp_timer_id_head                         0x20002c88   Data           4  app_timer.o(.data)
    m_ticks_latest                           0x20002c8c   Data           4  app_timer.o(.data)
    m_ticks_elapsed                          0x20002c90   Data           8  app_timer.o(.data)
    .data                                    0x20002c98   Section       16  app_uart_fifo.o(.data)
    tx_buffer                                0x20002c98   Data           1  app_uart_fifo.o(.data)
    rx_buffer                                0x20002c99   Data           1  app_uart_fifo.o(.data)
    m_rx_ovf                                 0x20002c9a   Data           1  app_uart_fifo.o(.data)
    m_event_handler                          0x20002c9c   Data           4  app_uart_fifo.o(.data)
    app_uart_inst                            0x20002ca0   Data           8  app_uart_fifo.o(.data)
    .data                                    0x20002ca8   Section        8  nrf_pwr_mgmt.o(.data)
    m_pwr_mgmt_evt                           0x20002ca8   Data           1  nrf_pwr_mgmt.o(.data)
    m_shutdown_started                       0x20002ca9   Data           1  nrf_pwr_mgmt.o(.data)
    m_sysoff_mtx                             0x20002cac   Data           4  nrf_pwr_mgmt.o(.data)
    .data                                    0x20002cb0   Section        4  retarget.o(.data)
    .data                                    0x20002cb4   Section       12  nrf_log_default_backends.o(.data)
    rtt_log_backend                          0x20002cb4   Data          12  nrf_log_default_backends.o(.data)
    .data                                    0x20002cc0   Section        8  nrf_log_frontend.o(.data)
    mempool_nrf_balloc_pool_stack            0x20002cc0   Data           8  nrf_log_frontend.o(.data)
    .data                                    0x20002cc8   Section        8  nrf_log_frontend.o(.data)
    mempool_nrf_balloc_cb                    0x20002cc8   Data           8  nrf_log_frontend.o(.data)
    .data                                    0x20002cd0   Section       56  nrf_log_str_formatter.o(.data)
    severity_names                           0x20002cd0   Data          20  nrf_log_str_formatter.o(.data)
    m_colors                                 0x20002ce4   Data          36  nrf_log_str_formatter.o(.data)
    .data                                    0x20002d08   Section        3  nrf_sdh.o(.data)
    m_nrf_sdh_enabled                        0x20002d08   Data           1  nrf_sdh.o(.data)
    m_nrf_sdh_suspended                      0x20002d09   Data           1  nrf_sdh.o(.data)
    m_nrf_sdh_continue                       0x20002d0a   Data           1  nrf_sdh.o(.data)
    .data                                    0x20002d0c   Section        4  system_nrf52840.o(.data)
    __tagsym$$used                           0x20002d0c   Number         0  system_nrf52840.o(.data)
    log_dynamic_data                         0x20002d10   Section       12  ble_db_discovery.o(log_dynamic_data)
    __tagsym$$used                           0x20002d10   Number         0  ble_db_discovery.o(log_dynamic_data)
    log_dynamic_data                         0x20002d1c   Section       12  nrf_ble_gatt.o(log_dynamic_data)
    __tagsym$$used                           0x20002d1c   Number         0  nrf_ble_gatt.o(log_dynamic_data)
    log_dynamic_data                         0x20002d28   Section       12  ble_nus_c.o(log_dynamic_data)
    __tagsym$$used                           0x20002d28   Number         0  ble_nus_c.o(log_dynamic_data)
    log_dynamic_data                         0x20002d34   Section       12  nrf_drv_clock.o(log_dynamic_data)
    __tagsym$$used                           0x20002d34   Number         0  nrf_drv_clock.o(log_dynamic_data)
    log_dynamic_data                         0x20002d40   Section       12  nrf_drv_gpiote.o(log_dynamic_data)
    __tagsym$$used                           0x20002d40   Number         0  nrf_drv_gpiote.o(log_dynamic_data)
    log_dynamic_data                         0x20002d4c   Section       12  nrf_drv_uart.o(log_dynamic_data)
    __tagsym$$used                           0x20002d4c   Number         0  nrf_drv_uart.o(log_dynamic_data)
    log_dynamic_data                         0x20002d58   Section       12  nrf_balloc.o(log_dynamic_data)
    __tagsym$$used                           0x20002d58   Number         0  nrf_balloc.o(log_dynamic_data)
    log_dynamic_data                         0x20002d64   Section       12  nrf_pwr_mgmt.o(log_dynamic_data)
    __tagsym$$used                           0x20002d64   Number         0  nrf_pwr_mgmt.o(log_dynamic_data)
    log_dynamic_data                         0x20002d70   Section       12  nrf_log_frontend.o(log_dynamic_data)
    __tagsym$$used                           0x20002d70   Number         0  nrf_log_frontend.o(log_dynamic_data)
    log_dynamic_data                         0x20002d7c   Section       12  nrf_sdh.o(log_dynamic_data)
    __tagsym$$used                           0x20002d7c   Number         0  nrf_sdh.o(log_dynamic_data)
    log_dynamic_data                         0x20002d88   Section       12  nrf_sdh_ble.o(log_dynamic_data)
    __tagsym$$used                           0x20002d88   Number         0  nrf_sdh_ble.o(log_dynamic_data)
    log_dynamic_data                         0x20002d94   Section       12  nrf_sdh_soc.o(log_dynamic_data)
    __tagsym$$used                           0x20002d94   Number         0  nrf_sdh_soc.o(log_dynamic_data)
    .bss                                     0x20002da0   Section      792  main.o(.bss)
    data_array                               0x20002da0   Data         244  main.o(.bss)
    rx_buf                                   0x20002e94   Data         256  main.o(.bss)
    tx_buf                                   0x20002f94   Data         256  main.o(.bss)
    m_ble_nus_c                              0x20003094   Data          16  main.o(.bss)
    m_gatt                                   0x200030a4   Data          20  main.o(.bss)
    .bss                                     0x200030b8   Section       32  bsp.o(.bss)
    m_leds_timer_id_data                     0x200030b8   Data          32  bsp.o(.bss)
    .bss                                     0x200030d8   Section       32  bsp.o(.bss)
    m_alert_timer_id_data                    0x200030d8   Data          32  bsp.o(.bss)
    .bss                                     0x200030f8   Section       12  bsp.o(.bss)
    m_events_list                            0x200030f8   Data          12  bsp.o(.bss)
    .bss                                     0x20003104   Section       32  bsp.o(.bss)
    m_button_timer_id_data                   0x20003104   Data          32  bsp.o(.bss)
    .bss                                     0x20003124   Section      792  ble_db_discovery.o(.bss)
    m_registered_handlers                    0x20003124   Data          24  ble_db_discovery.o(.bss)
    m_pending_user_evts                      0x2000313c   Data         768  ble_db_discovery.o(.bss)
    .bss                                     0x2000343c   Section       20  nrf_drv_clock.o(.bss)
    m_clock_cb                               0x2000343c   Data          20  nrf_drv_clock.o(.bss)
    .bss                                     0x20003450   Section      104  nrf_drv_gpiote.o(.bss)
    m_cb                                     0x20003450   Data         104  nrf_drv_gpiote.o(.bss)
    .bss                                     0x200034b8   Section       32  nrf_drv_uart.o(.bss)
    m_cb                                     0x200034b8   Data          32  nrf_drv_uart.o(.bss)
    .bss                                     0x200034d8   Section       32  app_button.o(.bss)
    m_detection_delay_timer_id_data          0x200034d8   Data          32  app_button.o(.bss)
    .bss                                     0x200034f8   Section      268  app_timer.o(.bss)
    m_op_queue                               0x200034f8   Data         268  app_timer.o(.bss)
    .bss                                     0x20003604   Section       32  app_uart_fifo.o(.bss)
    m_rx_fifo                                0x20003604   Data          16  app_uart_fifo.o(.bss)
    m_tx_fifo                                0x20003614   Data          16  app_uart_fifo.o(.bss)
    .bss                                     0x20003624   Section       12  app_util_platform.o(.bss)
    .bss                                     0x20003630   Section       12  nrf_pwr_mgmt.o(.bss)
    m_handlers_iter                          0x20003630   Data          12  nrf_pwr_mgmt.o(.bss)
    .bss                                     0x2000363c   Section       64  nrf_log_backend_rtt.o(.bss)
    m_string_buff                            0x2000363c   Data          64  nrf_log_backend_rtt.o(.bss)
    .bss                                     0x2000367c   Section      192  nrf_log_frontend.o(.bss)
    mempool_nrf_balloc_pool_mem              0x2000367c   Data         192  nrf_log_frontend.o(.bss)
    .bss                                     0x2000373c   Section     1056  nrf_log_frontend.o(.bss)
    m_log_data                               0x2000373c   Data        1056  nrf_log_frontend.o(.bss)
    .bss                                     0x20003b5c   Section      648  segger_rtt.o(.bss)
    _acUpBuffer                              0x20003bd4   Data         512  segger_rtt.o(.bss)
    _acDownBuffer                            0x20003dd4   Data          16  segger_rtt.o(.bss)
    STACK                                    0x20003de8   Section     8192  arm_startup_nrf52840.o(STACK)

    Global Symbols

    Symbol Name                              Value     Ov Type        Size  Object(Section)

    BuildAttributes$$THM_ISAv4$E$P$D$K$B$S$7EM$VFPi3$EXTD16$VFPS$VFMA$PE$A:L22UL41UL21$X:L11$S22US41US21$IEEE1$IW$USESV6$~STKCKD$USESV7$~SHL$OSPACE$ROPI$EBA8$MICROLIB$REQ8$PRES8$EABIv2 0x00000000   Number         0  anon$$obj.o ABSOLUTE
    __ARM_use_no_argv                        0x00000000   Number         0  main.o ABSOLUTE
    __cpp_initialize__aeabi_                  - Undefined Weak Reference
    __cxa_finalize                            - Undefined Weak Reference
    _clock_init                               - Undefined Weak Reference
    _microlib_exit                            - Undefined Weak Reference
    pwr_mgmt_data0$$Base                      - Undefined Reference
    pwr_mgmt_data0$$Limit                     - Undefined Reference
    pwr_mgmt_data2$$Base                      - Undefined Reference
    pwr_mgmt_data2$$Limit                     - Undefined Reference
    sdh_ble_observers0$$Base                  - Undefined Reference
    sdh_ble_observers0$$Limit                 - Undefined Reference
    sdh_req_observers0$$Base                  - Undefined Reference
    sdh_req_observers0$$Limit                 - Undefined Reference
    sdh_req_observers1$$Base                  - Undefined Reference
    sdh_req_observers1$$Limit                 - Undefined Reference
    sdh_soc_observers1$$Base                  - Undefined Reference
    sdh_soc_observers1$$Limit                 - Undefined Reference
    sdh_stack_observers1$$Base                - Undefined Reference
    sdh_stack_observers1$$Limit               - Undefined Reference
    sdh_state_observers1$$Base                - Undefined Reference
    sdh_state_observers1$$Limit               - Undefined Reference
    __Vectors_Size                           0x00000200   Number         0  arm_startup_nrf52840.o ABSOLUTE
    __Vectors                                0x00022000   Data           4  arm_startup_nrf52840.o(RESET)
    __Vectors_End                            0x00022200   Data           0  arm_startup_nrf52840.o(RESET)
    __main                                   0x00022201   Thumb Code     0  entry.o(.ARM.Collect$$$$00000000)
    _main_stk                                0x00022201   Thumb Code     0  entry2.o(.ARM.Collect$$$$00000001)
    _main_scatterload                        0x00022205   Thumb Code     0  entry5.o(.ARM.Collect$$$$00000004)
    __main_after_scatterload                 0x00022209   Thumb Code     0  entry5.o(.ARM.Collect$$$$00000004)
    _main_clock                              0x00022209   Thumb Code     0  entry7b.o(.ARM.Collect$$$$00000008)
    _main_cpp_init                           0x00022209   Thumb Code     0  entry8b.o(.ARM.Collect$$$$0000000A)
    _main_init                               0x00022209   Thumb Code     0  entry9a.o(.ARM.Collect$$$$0000000B)
    __rt_final_cpp                           0x00022211   Thumb Code     0  entry10a.o(.ARM.Collect$$$$0000000D)
    __rt_final_exit                          0x00022211   Thumb Code     0  entry11a.o(.ARM.Collect$$$$0000000F)
    __asm___12_nrf_memobj_c_9bb9f865__nrf_atomic_internal_mov 0x00022215   Thumb Code    24  nrf_memobj.o(.emb_text)
    __asm___12_nrf_memobj_c_9bb9f865__nrf_atomic_internal_orr 0x0002222d   Thumb Code    26  nrf_memobj.o(.emb_text)
    __asm___12_nrf_memobj_c_9bb9f865__nrf_atomic_internal_and 0x00022247   Thumb Code    26  nrf_memobj.o(.emb_text)
    __asm___12_nrf_memobj_c_9bb9f865__nrf_atomic_internal_eor 0x00022261   Thumb Code    26  nrf_memobj.o(.emb_text)
    __asm___12_nrf_memobj_c_9bb9f865__nrf_atomic_internal_add 0x0002227b   Thumb Code    26  nrf_memobj.o(.emb_text)
    __asm___12_nrf_memobj_c_9bb9f865__nrf_atomic_internal_sub 0x00022295   Thumb Code    26  nrf_memobj.o(.emb_text)
    __asm___14_nrf_pwr_mgmt_c_f22138a6__nrf_atomic_internal_mov 0x000222b1   Thumb Code    24  nrf_pwr_mgmt.o(.emb_text)
    __asm___14_nrf_pwr_mgmt_c_f22138a6__nrf_atomic_internal_orr 0x000222c9   Thumb Code    26  nrf_pwr_mgmt.o(.emb_text)
    __asm___14_nrf_pwr_mgmt_c_f22138a6__nrf_atomic_internal_and 0x000222e3   Thumb Code    26  nrf_pwr_mgmt.o(.emb_text)
    __asm___14_nrf_pwr_mgmt_c_f22138a6__nrf_atomic_internal_eor 0x000222fd   Thumb Code    26  nrf_pwr_mgmt.o(.emb_text)
    __asm___14_nrf_pwr_mgmt_c_f22138a6__nrf_atomic_internal_add 0x00022317   Thumb Code    26  nrf_pwr_mgmt.o(.emb_text)
    __asm___14_nrf_pwr_mgmt_c_f22138a6__nrf_atomic_internal_sub 0x00022331   Thumb Code    26  nrf_pwr_mgmt.o(.emb_text)
    __asm___18_nrf_log_frontend_c_bc460776__nrf_atomic_internal_mov 0x0002234d   Thumb Code    24  nrf_log_frontend.o(.emb_text)
    __asm___18_nrf_log_frontend_c_bc460776__nrf_atomic_internal_orr 0x00022365   Thumb Code    26  nrf_log_frontend.o(.emb_text)
    __asm___18_nrf_log_frontend_c_bc460776__nrf_atomic_internal_and 0x0002237f   Thumb Code    26  nrf_log_frontend.o(.emb_text)
    __asm___18_nrf_log_frontend_c_bc460776__nrf_atomic_internal_eor 0x00022399   Thumb Code    26  nrf_log_frontend.o(.emb_text)
    __asm___18_nrf_log_frontend_c_bc460776__nrf_atomic_internal_add 0x000223b3   Thumb Code    26  nrf_log_frontend.o(.emb_text)
    __asm___18_nrf_log_frontend_c_bc460776__nrf_atomic_internal_sub 0x000223cd   Thumb Code    26  nrf_log_frontend.o(.emb_text)
    Reset_Handler                            0x000223e9   Thumb Code     8  arm_startup_nrf52840.o(.text)
    NMI_Handler                              0x000223f1   Thumb Code     2  arm_startup_nrf52840.o(.text)
    HardFault_Handler                        0x000223f3   Thumb Code     2  arm_startup_nrf52840.o(.text)
    MemoryManagement_Handler                 0x000223f5   Thumb Code     2  arm_startup_nrf52840.o(.text)
    BusFault_Handler                         0x000223f7   Thumb Code     2  arm_startup_nrf52840.o(.text)
    UsageFault_Handler                       0x000223f9   Thumb Code     2  arm_startup_nrf52840.o(.text)
    SVC_Handler                              0x000223fb   Thumb Code     2  arm_startup_nrf52840.o(.text)
    DebugMon_Handler                         0x000223fd   Thumb Code     2  arm_startup_nrf52840.o(.text)
    PendSV_Handler                           0x000223ff   Thumb Code     2  arm_startup_nrf52840.o(.text)
    SysTick_Handler                          0x00022401   Thumb Code     2  arm_startup_nrf52840.o(.text)
    CCM_AAR_IRQHandler                       0x00022403   Thumb Code     0  arm_startup_nrf52840.o(.text)
    COMP_LPCOMP_IRQHandler                   0x00022403   Thumb Code     0  arm_startup_nrf52840.o(.text)
    CRYPTOCELL_IRQHandler                    0x00022403   Thumb Code     0  arm_startup_nrf52840.o(.text)
    ECB_IRQHandler                           0x00022403   Thumb Code     0  arm_startup_nrf52840.o(.text)
    FPU_IRQHandler                           0x00022403   Thumb Code     0  arm_startup_nrf52840.o(.text)
    I2S_IRQHandler                           0x00022403   Thumb Code     0  arm_startup_nrf52840.o(.text)
    MWU_IRQHandler                           0x00022403   Thumb Code     0  arm_startup_nrf52840.o(.text)
    NFCT_IRQHandler                          0x00022403   Thumb Code     0  arm_startup_nrf52840.o(.text)
    PDM_IRQHandler                           0x00022403   Thumb Code     0  arm_startup_nrf52840.o(.text)
    PWM0_IRQHandler                          0x00022403   Thumb Code     0  arm_startup_nrf52840.o(.text)
    PWM1_IRQHandler                          0x00022403   Thumb Code     0  arm_startup_nrf52840.o(.text)
    PWM2_IRQHandler                          0x00022403   Thumb Code     0  arm_startup_nrf52840.o(.text)
    PWM3_IRQHandler                          0x00022403   Thumb Code     0  arm_startup_nrf52840.o(.text)
    QDEC_IRQHandler                          0x00022403   Thumb Code     0  arm_startup_nrf52840.o(.text)
    QSPI_IRQHandler                          0x00022403   Thumb Code     0  arm_startup_nrf52840.o(.text)
    RADIO_IRQHandler                         0x00022403   Thumb Code     0  arm_startup_nrf52840.o(.text)
    RNG_IRQHandler                           0x00022403   Thumb Code     0  arm_startup_nrf52840.o(.text)
    RTC0_IRQHandler                          0x00022403   Thumb Code     0  arm_startup_nrf52840.o(.text)
    RTC2_IRQHandler                          0x00022403   Thumb Code     0  arm_startup_nrf52840.o(.text)
    SAADC_IRQHandler                         0x00022403   Thumb Code     0  arm_startup_nrf52840.o(.text)
    SPIM0_SPIS0_TWIM0_TWIS0_SPI0_TWI0_IRQHandler 0x00022403   Thumb Code     0  arm_startup_nrf52840.o(.text)
    SPIM1_SPIS1_TWIM1_TWIS1_SPI1_TWI1_IRQHandler 0x00022403   Thumb Code     0  arm_startup_nrf52840.o(.text)
    SPIM2_SPIS2_SPI2_IRQHandler              0x00022403   Thumb Code     0  arm_startup_nrf52840.o(.text)
    SPIM3_IRQHandler                         0x00022403   Thumb Code     0  arm_startup_nrf52840.o(.text)
    SWI1_EGU1_IRQHandler                     0x00022403   Thumb Code     0  arm_startup_nrf52840.o(.text)
    SWI3_EGU3_IRQHandler                     0x00022403   Thumb Code     0  arm_startup_nrf52840.o(.text)
    SWI4_EGU4_IRQHandler                     0x00022403   Thumb Code     0  arm_startup_nrf52840.o(.text)
    SWI5_EGU5_IRQHandler                     0x00022403   Thumb Code     0  arm_startup_nrf52840.o(.text)
    TEMP_IRQHandler                          0x00022403   Thumb Code     0  arm_startup_nrf52840.o(.text)
    TIMER0_IRQHandler                        0x00022403   Thumb Code     0  arm_startup_nrf52840.o(.text)
    TIMER1_IRQHandler                        0x00022403   Thumb Code     0  arm_startup_nrf52840.o(.text)
    TIMER2_IRQHandler                        0x00022403   Thumb Code     0  arm_startup_nrf52840.o(.text)
    TIMER3_IRQHandler                        0x00022403   Thumb Code     0  arm_startup_nrf52840.o(.text)
    TIMER4_IRQHandler                        0x00022403   Thumb Code     0  arm_startup_nrf52840.o(.text)
    UARTE1_IRQHandler                        0x00022403   Thumb Code     0  arm_startup_nrf52840.o(.text)
    USBD_IRQHandler                          0x00022403   Thumb Code     0  arm_startup_nrf52840.o(.text)
    WDT_IRQHandler                           0x00022403   Thumb Code     0  arm_startup_nrf52840.o(.text)
    __aeabi_uldivmod                         0x0002240d   Thumb Code    98  uldiv.o(.text)
    __rt_ctype_table                         0x00022471   Thumb Code     4  ctype_o.o(.text)
    __aeabi_memcpy                           0x00022479   Thumb Code    36  memcpya.o(.text)
    __aeabi_memcpy4                          0x00022479   Thumb Code     0  memcpya.o(.text)
    __aeabi_memcpy8                          0x00022479   Thumb Code     0  memcpya.o(.text)
    __aeabi_memset                           0x0002249d   Thumb Code    14  memseta.o(.text)
    __aeabi_memset4                          0x0002249d   Thumb Code     0  memseta.o(.text)
    __aeabi_memset8                          0x0002249d   Thumb Code     0  memseta.o(.text)
    __aeabi_memclr                           0x000224ab   Thumb Code     4  memseta.o(.text)
    __aeabi_memclr4                          0x000224ab   Thumb Code     0  memseta.o(.text)
    __aeabi_memclr8                          0x000224ab   Thumb Code     0  memseta.o(.text)
    _memset$wrapper                          0x000224af   Thumb Code    18  memseta.o(.text)
    strlen                                   0x000224c1   Thumb Code    14  strlen.o(.text)
    strcpy                                   0x000224cf   Thumb Code    18  strcpy.o(.text)
    __aeabi_llsl                             0x000224e1   Thumb Code    30  llshl.o(.text)
    _ll_shift_l                              0x000224e1   Thumb Code     0  llshl.o(.text)
    __aeabi_llsr                             0x000224ff   Thumb Code    32  llushr.o(.text)
    _ll_ushift_r                             0x000224ff   Thumb Code     0  llushr.o(.text)
    __scatterload                            0x00022521   Thumb Code    28  init.o(.text)
    __scatterload_rt2                        0x00022521   Thumb Code     0  init.o(.text)
    __decompress                             0x00022545   Thumb Code     0  __dczerorl2.o(.text)
    __decompress1                            0x00022545   Thumb Code    86  __dczerorl2.o(.text)
    GPIOTE_IRQHandler                        0x0002259d   Thumb Code   444  nrf_drv_gpiote.o(i.GPIOTE_IRQHandler)
    POWER_CLOCK_IRQHandler                   0x000227c5   Thumb Code    84  nrf_drv_clock.o(i.POWER_CLOCK_IRQHandler)
    RTC1_IRQHandler                          0x0002281d   Thumb Code    32  app_timer.o(i.RTC1_IRQHandler)
    SEGGER_RTT_Init                          0x00022841   Thumb Code     4  segger_rtt.o(i.SEGGER_RTT_Init)
    SEGGER_RTT_WriteNoLock                   0x00022845   Thumb Code    86  segger_rtt.o(i.SEGGER_RTT_WriteNoLock)
    SWI0_EGU0_IRQHandler                     0x000228a1   Thumb Code     4  app_timer.o(i.SWI0_EGU0_IRQHandler)
    SWI2_EGU2_IRQHandler                     0x000228a5   Thumb Code     4  nrf_sdh.o(i.SWI2_EGU2_IRQHandler)
    SystemInit                               0x000228a9   Thumb Code   460  system_nrf52840.o(i.SystemInit)
    UARTE0_UART0_IRQHandler                  0x00022ab1   Thumb Code    20  nrf_drv_uart.o(i.UARTE0_UART0_IRQHandler)
    __0printf$bare                           0x00022be9   Thumb Code     8  printfb.o(i.__0printf$bare)
    __1printf$bare                           0x00022be9   Thumb Code     0  printfb.o(i.__0printf$bare)
    __2printf                                0x00022be9   Thumb Code     0  printfb.o(i.__0printf$bare)
    __scatterload_copy                       0x00022bf9   Thumb Code    14  handlers.o(i.__scatterload_copy)
    __scatterload_null                       0x00022c07   Thumb Code     2  handlers.o(i.__scatterload_null)
    __scatterload_zeroinit                   0x00022c09   Thumb Code    14  handlers.o(i.__scatterload_zeroinit)
    app_button_enable                        0x00022c9d   Thumb Code    32  app_button.o(i.app_button_enable)
    app_button_init                          0x00022cc1   Thumb Code    96  app_button.o(i.app_button_init)
    app_error_fault_handler                  0x00022d31   Thumb Code    80  app_error_weak.o(i.app_error_fault_handler)
    app_error_handler_bare                   0x00022da9   Thumb Code    22  app_error.o(i.app_error_handler_bare)
    app_fifo_get                             0x00022dbf   Thumb Code    22  app_fifo.o(i.app_fifo_get)
    app_fifo_init                            0x00022dd5   Thumb Code    32  app_fifo.o(i.app_fifo_init)
    app_fifo_put                             0x00022df5   Thumb Code    26  app_fifo.o(i.app_fifo_put)
    app_timer_create                         0x00022e11   Thumb Code    32  app_timer.o(i.app_timer_create)
    app_timer_init                           0x00022e35   Thumb Code    70  app_timer.o(i.app_timer_init)
    app_timer_start                          0x00022e89   Thumb Code   128  app_timer.o(i.app_timer_start)
    app_timer_stop                           0x00022f11   Thumb Code    26  app_timer.o(i.app_timer_stop)
    app_uart_get                             0x00022f31   Thumb Code    42  app_uart_fifo.o(i.app_uart_get)
    app_uart_init                            0x00022f65   Thumb Code   164  app_uart_fifo.o(i.app_uart_init)
    app_uart_put                             0x00023019   Thumb Code    52  app_uart_fifo.o(i.app_uart_put)
    app_util_critical_region_enter           0x00023055   Thumb Code    64  app_util_platform.o(i.app_util_critical_region_enter)
    app_util_critical_region_exit            0x0002309d   Thumb Code    46  app_util_platform.o(i.app_util_critical_region_exit)
    ble_db_discovery_evt_register            0x00023179   Thumb Code    56  ble_db_discovery.o(i.ble_db_discovery_evt_register)
    ble_db_discovery_init                    0x000231b9   Thumb Code    24  ble_db_discovery.o(i.ble_db_discovery_init)
    ble_db_discovery_on_ble_evt              0x000231d5   Thumb Code   138  ble_db_discovery.o(i.ble_db_discovery_on_ble_evt)
    ble_db_discovery_start                   0x00023265   Thumb Code    34  ble_db_discovery.o(i.ble_db_discovery_start)
    ble_nus_c_handles_assign                 0x00023549   Thumb Code    26  ble_nus_c.o(i.ble_nus_c_handles_assign)
    ble_nus_c_init                           0x00023565   Thumb Code    72  ble_nus_c.o(i.ble_nus_c_init)
    ble_nus_c_on_ble_evt                     0x000235b1   Thumb Code   108  ble_nus_c.o(i.ble_nus_c_on_ble_evt)
    ble_nus_c_on_db_disc_evt                 0x0002361d   Thumb Code   128  ble_nus_c.o(i.ble_nus_c_on_db_disc_evt)
    ble_nus_c_string_send                    0x0002369d   Thumb Code    82  ble_nus_c.o(i.ble_nus_c_string_send)
    ble_nus_c_tx_notif_enable                0x00023729   Thumb Code    66  ble_nus_c.o(i.ble_nus_c_tx_notif_enable)
    bsp_board_button_idx_to_pin              0x00023851   Thumb Code     6  boards.o(i.bsp_board_button_idx_to_pin)
    bsp_board_button_state_get               0x0002385d   Thumb Code    36  boards.o(i.bsp_board_button_state_get)
    bsp_board_led_invert                     0x00023885   Thumb Code    40  boards.o(i.bsp_board_led_invert)
    bsp_board_led_off                        0x000238b1   Thumb Code    10  boards.o(i.bsp_board_led_off)
    bsp_board_led_on                         0x000238c1   Thumb Code    10  boards.o(i.bsp_board_led_on)
    bsp_board_led_state_get                  0x000238d1   Thumb Code    36  boards.o(i.bsp_board_led_state_get)
    bsp_board_leds_init                      0x000238f9   Thumb Code    38  boards.o(i.bsp_board_leds_init)
    bsp_board_leds_off                       0x00023925   Thumb Code    18  boards.o(i.bsp_board_leds_off)
    bsp_board_leds_on                        0x00023937   Thumb Code    18  boards.o(i.bsp_board_leds_on)
    bsp_board_pin_to_button_idx              0x00023949   Thumb Code    30  boards.o(i.bsp_board_pin_to_button_idx)
    bsp_btn_ble_init                         0x0002396d   Thumb Code    52  bsp_btn_ble.o(i.bsp_btn_ble_init)
    bsp_btn_ble_sleep_mode_prepare           0x000239a5   Thumb Code    30  bsp_btn_ble.o(i.bsp_btn_ble_sleep_mode_prepare)
    bsp_button_is_pressed                    0x00023a55   Thumb Code     4  bsp.o(i.bsp_button_is_pressed)
    bsp_event_handler                        0x00023a59   Thumb Code    36  main.o(i.bsp_event_handler)
    bsp_event_to_button_action_assign        0x00023a81   Thumb Code    64  bsp.o(i.bsp_event_to_button_action_assign)
    bsp_indication_set                       0x00023ac5   Thumb Code    20  bsp.o(i.bsp_indication_set)
    bsp_init                                 0x00023add   Thumb Code   126  bsp.o(i.bsp_init)
    bsp_wakeup_button_enable                 0x00023d29   Thumb Code    16  bsp.o(i.bsp_wakeup_button_enable)
    buffer_is_empty                          0x00023dbd   Thumb Code    16  nrf_log_frontend.o(i.buffer_is_empty)
    fputc                                    0x000241eb   Thumb Code    14  retarget.o(i.fputc)
    gatt_evt_handler                         0x000241f9   Thumb Code    60  main.o(i.gatt_evt_handler)
    gatt_init                                0x00024281   Thumb Code    38  main.o(i.gatt_init)
    main                                     0x0002475d   Thumb Code   226  main.o(i.main)
    nrf_balloc_alloc                         0x00024967   Thumb Code    68  nrf_balloc.o(i.nrf_balloc_alloc)
    nrf_balloc_free                          0x000249ab   Thumb Code    48  nrf_balloc.o(i.nrf_balloc_free)
    nrf_balloc_init                          0x000249db   Thumb Code    48  nrf_balloc.o(i.nrf_balloc_init)
    nrf_ble_gatt_att_mtu_central_set         0x00024a1b   Thumb Code    24  nrf_ble_gatt.o(i.nrf_ble_gatt_att_mtu_central_set)
    nrf_ble_gatt_init                        0x00024a33   Thumb Code    34  nrf_ble_gatt.o(i.nrf_ble_gatt_init)
    nrf_ble_gatt_on_ble_evt                  0x00024a55   Thumb Code   312  nrf_ble_gatt.o(i.nrf_ble_gatt_on_ble_evt)
    nrf_drv_clock_init                       0x00024c49   Thumb Code    64  nrf_drv_clock.o(i.nrf_drv_clock_init)
    nrf_drv_clock_lfclk_release              0x00024c91   Thumb Code    40  nrf_drv_clock.o(i.nrf_drv_clock_lfclk_release)
    nrf_drv_common_irq_enable                0x00024cbd   Thumb Code    56  nrf_drv_common.o(i.nrf_drv_common_irq_enable)
    nrf_drv_gpiote_in_event_enable           0x00024cfd   Thumb Code   144  nrf_drv_gpiote.o(i.nrf_drv_gpiote_in_event_enable)
    nrf_drv_gpiote_in_init                   0x00024d95   Thumb Code   178  nrf_drv_gpiote.o(i.nrf_drv_gpiote_in_init)
    nrf_drv_gpiote_in_is_set                 0x00024e55   Thumb Code    14  nrf_drv_gpiote.o(i.nrf_drv_gpiote_in_is_set)
    nrf_drv_gpiote_init                      0x00024e65   Thumb Code    84  nrf_drv_gpiote.o(i.nrf_drv_gpiote_init)
    nrf_drv_gpiote_is_init                   0x00024ec1   Thumb Code    14  nrf_drv_gpiote.o(i.nrf_drv_gpiote_is_init)
    nrf_drv_uart_init                        0x00024ee5   Thumb Code    98  nrf_drv_uart.o(i.nrf_drv_uart_init)
    nrf_drv_uart_rx                          0x00024f4d   Thumb Code   170  nrf_drv_uart.o(i.nrf_drv_uart_rx)
    nrf_drv_uart_rx_enable                   0x00024ffd   Thumb Code    42  nrf_drv_uart.o(i.nrf_drv_uart_rx_enable)
    nrf_drv_uart_tx                          0x00025185   Thumb Code   262  nrf_drv_uart.o(i.nrf_drv_uart_tx)
    nrf_drv_uart_tx_in_progress              0x00025291   Thumb Code    18  nrf_drv_uart.o(i.nrf_drv_uart_tx_in_progress)
    nrf_fprintf                              0x000252a9   Thumb Code    26  nrf_fprintf.o(i.nrf_fprintf)
    nrf_fprintf_buffer_flush                 0x000252c3   Thumb Code    24  nrf_fprintf.o(i.nrf_fprintf_buffer_flush)
    nrf_fprintf_fmt                          0x000252db   Thumb Code   474  nrf_fprintf_format.o(i.nrf_fprintf_fmt)
    nrf_log_backend_add                      0x000256c9   Thumb Code    74  nrf_log_frontend.o(i.nrf_log_backend_add)
    nrf_log_backend_rtt_init                 0x0002571b   Thumb Code     4  nrf_log_backend_rtt.o(i.nrf_log_backend_rtt_init)
    nrf_log_backend_serial_put               0x00025739   Thumb Code   210  nrf_log_backend_serial.o(i.nrf_log_backend_serial_put)
    nrf_log_color_id_get                     0x0002580d   Thumb Code    42  nrf_log_frontend.o(i.nrf_log_color_id_get)
    nrf_log_default_backends_init            0x0002583d   Thumb Code    22  nrf_log_default_backends.o(i.nrf_log_default_backends_init)
    nrf_log_frontend_dequeue                 0x00025859   Thumb Code   488  nrf_log_frontend.o(i.nrf_log_frontend_dequeue)
    nrf_log_frontend_std_0                   0x00025a49   Thumb Code     8  nrf_log_frontend.o(i.nrf_log_frontend_std_0)
    nrf_log_frontend_std_1                   0x00025a51   Thumb Code    14  nrf_log_frontend.o(i.nrf_log_frontend_std_1)
    nrf_log_frontend_std_2                   0x00025a5f   Thumb Code    16  nrf_log_frontend.o(i.nrf_log_frontend_std_2)
    nrf_log_frontend_std_6                   0x00025a6f   Thumb Code    28  nrf_log_frontend.o(i.nrf_log_frontend_std_6)
    nrf_log_hexdump_entry_process            0x00025a8d   Thumb Code   146  nrf_log_str_formatter.o(i.nrf_log_hexdump_entry_process)
    nrf_log_init                             0x00025b39   Thumb Code    70  nrf_log_frontend.o(i.nrf_log_init)
    nrf_log_module_cnt_get                   0x00025b95   Thumb Code    10  nrf_log_frontend.o(i.nrf_log_module_cnt_get)
    nrf_log_module_name_get                  0x00025ba9   Thumb Code    24  nrf_log_frontend.o(i.nrf_log_module_name_get)
    nrf_log_panic                            0x00025bc5   Thumb Code    34  nrf_log_frontend.o(i.nrf_log_panic)
    nrf_log_std_entry_process                0x00025bed   Thumb Code   182  nrf_log_str_formatter.o(i.nrf_log_std_entry_process)
    nrf_memobj_alloc                         0x00025ca3   Thumb Code    96  nrf_memobj.o(i.nrf_memobj_alloc)
    nrf_memobj_free                          0x00025d03   Thumb Code    50  nrf_memobj.o(i.nrf_memobj_free)
    nrf_memobj_get                           0x00025d35   Thumb Code    14  nrf_memobj.o(i.nrf_memobj_get)
    nrf_memobj_pool_init                     0x00025d43   Thumb Code     4  nrf_memobj.o(i.nrf_memobj_pool_init)
    nrf_memobj_put                           0x00025d47   Thumb Code    34  nrf_memobj.o(i.nrf_memobj_put)
    nrf_memobj_read                          0x00025d69   Thumb Code    12  nrf_memobj.o(i.nrf_memobj_read)
    nrf_memobj_write                         0x00025d75   Thumb Code    12  nrf_memobj.o(i.nrf_memobj_write)
    nrf_pwr_mgmt_init                        0x00025d81   Thumb Code    28  nrf_pwr_mgmt.o(i.nrf_pwr_mgmt_init)
    nrf_pwr_mgmt_run                         0x00025da9   Thumb Code    64  nrf_pwr_mgmt.o(i.nrf_pwr_mgmt_run)
    nrf_pwr_mgmt_shutdown                    0x00025ded   Thumb Code    58  nrf_pwr_mgmt.o(i.nrf_pwr_mgmt_shutdown)
    nrf_sdh_ble_app_ram_start_get            0x00025e2d   Thumb Code    16  nrf_sdh_ble.o(i.nrf_sdh_ble_app_ram_start_get)
    nrf_sdh_ble_default_cfg_set              0x00025e41   Thumb Code   312  nrf_sdh_ble.o(i.nrf_sdh_ble_default_cfg_set)
    nrf_sdh_ble_enable                       0x00025f95   Thumb Code    96  nrf_sdh_ble.o(i.nrf_sdh_ble_enable)
    nrf_sdh_enable_request                   0x000260bd   Thumb Code    68  nrf_sdh.o(i.nrf_sdh_enable_request)
    nrf_sdh_evts_poll                        0x0002610d   Thumb Code    32  nrf_sdh.o(i.nrf_sdh_evts_poll)
    nrf_sdh_is_enabled                       0x00026131   Thumb Code     6  nrf_sdh.o(i.nrf_sdh_is_enabled)
    nrf_section_iter_init                    0x00026179   Thumb Code    10  nrf_section_iter.o(i.nrf_section_iter_init)
    nrf_section_iter_next                    0x000261a7   Thumb Code    32  nrf_section_iter.o(i.nrf_section_iter_next)
    nrf_strerror_find                        0x000261c9   Thumb Code    52  nrf_strerror.o(i.nrf_strerror_find)
    nrf_strerror_get                         0x00026201   Thumb Code    14  nrf_strerror.o(i.nrf_strerror_get)
    uart_event_handle                        0x00026c99   Thumb Code   114  main.o(i.uart_event_handle)
    nrf_log_backend_rtt_api                  0x00027390   Data          12  nrf_log_backend_rtt.o(.constdata)
    m_ram_start                              0x00027428   Data           4  nrf_sdh_ble.o(.constdata)
    __ctype_table                            0x00027454   Data         129  ctype_o.o(.constdata)
    Region$$Table$$Base                      0x00027bbc   Number         0  anon$$obj.o(Region$$Table)
    Region$$Table$$Limit                     0x00027bdc   Number         0  anon$$obj.o(Region$$Table)
    log_const_data$$Base                     0x00027bdc   Number         0  ble_db_discovery.o(log_const_data)
    m_nrf_log_ble_db_disc_logs_data_const    0x00027bdc   Data           8  ble_db_discovery.o(log_const_data)
    m_nrf_log_ble_gatt_logs_data_const       0x00027be4   Data           8  nrf_ble_gatt.o(log_const_data)
    m_nrf_log_ble_nus_logs_data_const        0x00027bec   Data           8  ble_nus_c.o(log_const_data)
    m_nrf_log_clock_logs_data_const          0x00027bf4   Data           8  nrf_drv_clock.o(log_const_data)
    m_nrf_log_gpiote_logs_data_const         0x00027bfc   Data           8  nrf_drv_gpiote.o(log_const_data)
    m_nrf_log_uart_logs_data_const           0x00027c04   Data           8  nrf_drv_uart.o(log_const_data)
    m_nrf_log_balloc_logs_data_const         0x00027c0c   Data           8  nrf_balloc.o(log_const_data)
    m_nrf_log_pwr_mgmt_logs_data_const       0x00027c14   Data           8  nrf_pwr_mgmt.o(log_const_data)
    m_nrf_log_app_logs_data_const            0x00027c1c   Data           8  nrf_log_frontend.o(log_const_data)
    m_nrf_log_nrf_sdh_logs_data_const        0x00027c24   Data           8  nrf_sdh.o(log_const_data)
    m_nrf_log_nrf_sdh_ble_logs_data_const    0x00027c2c   Data           8  nrf_sdh_ble.o(log_const_data)
    m_nrf_log_nrf_sdh_soc_logs_data_const    0x00027c34   Data           8  nrf_sdh_soc.o(log_const_data)
    log_const_data$$Limit                    0x00027c3c   Number         0  nrf_sdh_soc.o(log_const_data)
    pwr_mgmt_data1$$Base                     0x00027c3c   Number         0  main.o(pwr_mgmt_data1)
    pwr_mgmt_data1$$Limit                    0x00027c40   Number         0  main.o(pwr_mgmt_data1)
    sdh_ble_observers1$$Base                 0x00027c40   Number         0  main.o(sdh_ble_observers1)
    sdh_ble_observers1$$Limit                0x00027c58   Number         0  bsp_btn_ble.o(sdh_ble_observers1)
    sdh_ble_observers2$$Base                 0x00027c58   Number         0  main.o(sdh_ble_observers2)
    sdh_ble_observers2$$Limit                0x00027c60   Number         0  main.o(sdh_ble_observers2)
    sdh_ble_observers3$$Base                 0x00027c60   Number         0  main.o(sdh_ble_observers3)
    sdh_ble_observers3$$Limit                0x00027c68   Number         0  main.o(sdh_ble_observers3)
    sdh_soc_observers0$$Base                 0x00027c68   Number         0  nrf_drv_clock.o(sdh_soc_observers0)
    sdh_soc_observers0$$Limit                0x00027c70   Number         0  nrf_drv_clock.o(sdh_soc_observers0)
    sdh_stack_observers0$$Base               0x00027c70   Number         0  nrf_sdh_ble.o(sdh_stack_observers0)
    sdh_stack_observers0$$Limit              0x00027c80   Number         0  nrf_sdh_soc.o(sdh_stack_observers0)
    sdh_state_observers0$$Base               0x00027c80   Number         0  nrf_drv_clock.o(sdh_state_observers0)
    sdh_state_observers0$$Limit              0x00027c88   Number         0  nrf_drv_clock.o(sdh_state_observers0)
    Image$$RW_IRAM1$$Base                    0x20002978   Number         0  anon$$obj.o ABSOLUTE
    __stdout                                 0x20002cb0   Data           4  retarget.o(.data)
    SystemCoreClock                          0x20002d0c   Data           4  system_nrf52840.o(.data)
    log_dynamic_data$$Base                   0x20002d10   Number         0  ble_db_discovery.o(log_dynamic_data)
    m_nrf_log_ble_db_disc_logs_data_dynamic  0x20002d10   Data          12  ble_db_discovery.o(log_dynamic_data)
    m_nrf_log_ble_gatt_logs_data_dynamic     0x20002d1c   Data          12  nrf_ble_gatt.o(log_dynamic_data)
    m_nrf_log_ble_nus_logs_data_dynamic      0x20002d28   Data          12  ble_nus_c.o(log_dynamic_data)
    m_nrf_log_clock_logs_data_dynamic        0x20002d34   Data          12  nrf_drv_clock.o(log_dynamic_data)
    m_nrf_log_gpiote_logs_data_dynamic       0x20002d40   Data          12  nrf_drv_gpiote.o(log_dynamic_data)
    m_nrf_log_uart_logs_data_dynamic         0x20002d4c   Data          12  nrf_drv_uart.o(log_dynamic_data)
    m_nrf_log_balloc_logs_data_dynamic       0x20002d58   Data          12  nrf_balloc.o(log_dynamic_data)
    m_nrf_log_pwr_mgmt_logs_data_dynamic     0x20002d64   Data          12  nrf_pwr_mgmt.o(log_dynamic_data)
    m_nrf_log_app_logs_data_dynamic          0x20002d70   Data          12  nrf_log_frontend.o(log_dynamic_data)
    m_nrf_log_nrf_sdh_logs_data_dynamic      0x20002d7c   Data          12  nrf_sdh.o(log_dynamic_data)
    m_nrf_log_nrf_sdh_ble_logs_data_dynamic  0x20002d88   Data          12  nrf_sdh_ble.o(log_dynamic_data)
    m_nrf_log_nrf_sdh_soc_logs_data_dynamic  0x20002d94   Data          12  nrf_sdh_soc.o(log_dynamic_data)
    nrf_nvic_state                           0x20003624   Data          12  app_util_platform.o(.bss)
    _SEGGER_RTT                              0x20003b5c   Data         120  segger_rtt.o(.bss)
    __initial_sp                             0x20005de8   Data           0  arm_startup_nrf52840.o(STACK)



==============================================================================

Memory Map of the image

  Image Entry point : 0x00022201

  Load Region LR_IROM1 (Base: 0x00022000, Size: 0x000060b0, Max: 0x000de000, ABSOLUTE, COMPRESSED[0x00005ccc])

    Execution Region ER_IROM1 (Exec base: 0x00022000, Load base: 0x00022000, Size: 0x00005c88, Max: 0x000de000, ABSOLUTE)

    Exec Addr    Load Addr    Size         Type   Attr      Idx    E Section Name        Object

    0x00022000   0x00022000   0x00000200   Data   RO         3721    RESET               arm_startup_nrf52840.o
    0x00022200   0x00022200   0x00000000   Code   RO         3762  * .ARM.Collect$$$$00000000  mc_w.l(entry.o)
    0x00022200   0x00022200   0x00000004   Code   RO         4065    .ARM.Collect$$$$00000001  mc_w.l(entry2.o)
    0x00022204   0x00022204   0x00000004   Code   RO         4068    .ARM.Collect$$$$00000004  mc_w.l(entry5.o)
    0x00022208   0x00022208   0x00000000   Code   RO         4070    .ARM.Collect$$$$00000008  mc_w.l(entry7b.o)
    0x00022208   0x00022208   0x00000000   Code   RO         4072    .ARM.Collect$$$$0000000A  mc_w.l(entry8b.o)
    0x00022208   0x00022208   0x00000008   Code   RO         4073    .ARM.Collect$$$$0000000B  mc_w.l(entry9a.o)
    0x00022210   0x00022210   0x00000000   Code   RO         4075    .ARM.Collect$$$$0000000D  mc_w.l(entry10a.o)
    0x00022210   0x00022210   0x00000000   Code   RO         4077    .ARM.Collect$$$$0000000F  mc_w.l(entry11a.o)
    0x00022210   0x00022210   0x00000004   Code   RO         4066    .ARM.Collect$$$$00002712  mc_w.l(entry2.o)
    0x00022214   0x00022214   0x0000009a   Code   RO         2624    .emb_text           nrf_memobj.o
    0x000222ae   0x000222ae   0x00000002   PAD
    0x000222b0   0x000222b0   0x0000009a   Code   RO         2712    .emb_text           nrf_pwr_mgmt.o
    0x0002234a   0x0002234a   0x00000002   PAD
    0x0002234c   0x0002234c   0x0000009a   Code   RO         3026    .emb_text           nrf_log_frontend.o
    0x000223e6   0x000223e6   0x00000002   PAD
    0x000223e8   0x000223e8   0x00000024   Code   RO         3722    .text               arm_startup_nrf52840.o
    0x0002240c   0x0002240c   0x00000062   Code   RO         3765    .text               mc_w.l(uldiv.o)
    0x0002246e   0x0002246e   0x00000002   PAD
    0x00022470   0x00022470   0x00000008   Code   RO         3767    .text               mc_w.l(ctype_o.o)
    0x00022478   0x00022478   0x00000024   Code   RO         3795    .text               mc_w.l(memcpya.o)
    0x0002249c   0x0002249c   0x00000024   Code   RO         3797    .text               mc_w.l(memseta.o)
    0x000224c0   0x000224c0   0x0000000e   Code   RO         3799    .text               mc_w.l(strlen.o)
    0x000224ce   0x000224ce   0x00000012   Code   RO         3801    .text               mc_w.l(strcpy.o)
    0x000224e0   0x000224e0   0x0000001e   Code   RO         4081    .text               mc_w.l(llshl.o)
    0x000224fe   0x000224fe   0x00000020   Code   RO         4083    .text               mc_w.l(llushr.o)
    0x0002251e   0x0002251e   0x00000002   PAD
    0x00022520   0x00022520   0x00000024   Code   RO         4096    .text               mc_w.l(init.o)
    0x00022544   0x00022544   0x00000056   Code   RO         4110    .text               mc_w.l(__dczerorl2.o)
    0x0002259a   0x0002259a   0x00000002   PAD
    0x0002259c   0x0002259c   0x000001c4   Code   RO         1311    i.GPIOTE_IRQHandler  nrf_drv_gpiote.o
    0x00022760   0x00022760   0x00000016   Code   RO         2079    i.NVIC_ClearPendingIRQ  app_timer.o
    0x00022776   0x00022776   0x00000016   Code   RO         2080    i.NVIC_EnableIRQ    app_timer.o
    0x0002278c   0x0002278c   0x00000016   Code   RO         2081    i.NVIC_SetPendingIRQ  app_timer.o
    0x000227a2   0x000227a2   0x00000020   Code   RO         2082    i.NVIC_SetPriority  app_timer.o
    0x000227c2   0x000227c2   0x00000002   PAD
    0x000227c4   0x000227c4   0x00000058   Code   RO         1105    i.POWER_CLOCK_IRQHandler  nrf_drv_clock.o
    0x0002281c   0x0002281c   0x00000024   Code   RO         2083    i.RTC1_IRQHandler   app_timer.o
    0x00022840   0x00022840   0x00000004   Code   RO         3271    i.SEGGER_RTT_Init   segger_rtt.o
    0x00022844   0x00022844   0x0000005c   Code   RO         3285    i.SEGGER_RTT_WriteNoLock  segger_rtt.o
    0x000228a0   0x000228a0   0x00000004   Code   RO         2084    i.SWI0_EGU0_IRQHandler  app_timer.o
    0x000228a4   0x000228a4   0x00000004   Code   RO         3519    i.SWI2_EGU2_IRQHandler  nrf_sdh.o
    0x000228a8   0x000228a8   0x00000208   Code   RO         3730    i.SystemInit        system_nrf52840.o
    0x00022ab0   0x00022ab0   0x0000001c   Code   RO         1578    i.UARTE0_UART0_IRQHandler  nrf_drv_uart.o
    0x00022acc   0x00022acc   0x00000068   Code   RO         3289    i._DoInit           segger_rtt.o
    0x00022b34   0x00022b34   0x00000016   Code   RO         3290    i._GetAvailWriteSpace  segger_rtt.o
    0x00022b4a   0x00022b4a   0x0000005a   Code   RO         3292    i._WriteBlocking    segger_rtt.o
    0x00022ba4   0x00022ba4   0x00000042   Code   RO         3293    i._WriteNoCheck     segger_rtt.o
    0x00022be6   0x00022be6   0x00000002   PAD
    0x00022be8   0x00022be8   0x00000010   Code   RO         3806    i.__0printf$bare    mc_w.l(printfb.o)
    0x00022bf8   0x00022bf8   0x0000000e   Code   RO         4104    i.__scatterload_copy  mc_w.l(handlers.o)
    0x00022c06   0x00022c06   0x00000002   Code   RO         4105    i.__scatterload_null  mc_w.l(handlers.o)
    0x00022c08   0x00022c08   0x0000000e   Code   RO         4106    i.__scatterload_zeroinit  mc_w.l(handlers.o)
    0x00022c16   0x00022c16   0x00000002   PAD
    0x00022c18   0x00022c18   0x00000024   Code   RO         3520    i.__sd_nvic_app_accessible_irq  nrf_sdh.o
    0x00022c3c   0x00022c3c   0x00000022   Code   RO         3813    i._printf_core      mc_w.l(printfb.o)
    0x00022c5e   0x00022c5e   0x00000036   Code   RO          569    i.advertising_buttons_configure  bsp_btn_ble.o
    0x00022c94   0x00022c94   0x00000006   Code   RO          449    i.alert_timer_handler  bsp.o
    0x00022c9a   0x00022c9a   0x00000002   PAD
    0x00022c9c   0x00022c9c   0x00000024   Code   RO         1820    i.app_button_enable  app_button.o
    0x00022cc0   0x00022cc0   0x00000070   Code   RO         1821    i.app_button_init   app_button.o
    0x00022d30   0x00022d30   0x00000078   Code   RO         1921    i.app_error_fault_handler  app_error_weak.o
    0x00022da8   0x00022da8   0x00000016   Code   RO         1882    i.app_error_handler_bare  app_error.o
    0x00022dbe   0x00022dbe   0x00000016   Code   RO         1956    i.app_fifo_get      app_fifo.o
    0x00022dd4   0x00022dd4   0x00000020   Code   RO         1957    i.app_fifo_init     app_fifo.o
    0x00022df4   0x00022df4   0x0000001a   Code   RO         1959    i.app_fifo_put      app_fifo.o
    0x00022e0e   0x00022e0e   0x00000002   PAD
    0x00022e10   0x00022e10   0x00000024   Code   RO         2087    i.app_timer_create  app_timer.o
    0x00022e34   0x00022e34   0x00000054   Code   RO         2088    i.app_timer_init    app_timer.o
    0x00022e88   0x00022e88   0x00000088   Code   RO         2091    i.app_timer_start   app_timer.o
    0x00022f10   0x00022f10   0x00000020   Code   RO         2092    i.app_timer_stop    app_timer.o
    0x00022f30   0x00022f30   0x00000034   Code   RO         2250    i.app_uart_get      app_uart_fifo.o
    0x00022f64   0x00022f64   0x000000b4   Code   RO         2251    i.app_uart_init     app_uart_fifo.o
    0x00023018   0x00023018   0x0000003c   Code   RO         2252    i.app_uart_put      app_uart_fifo.o
    0x00023054   0x00023054   0x00000048   Code   RO         2314    i.app_util_critical_region_enter  app_util_platform.o
    0x0002309c   0x0002309c   0x00000034   Code   RO         2315    i.app_util_critical_region_exit  app_util_platform.o
    0x000230d0   0x000230d0   0x000000a8   Code   RO         1579    i.apply_config      nrf_drv_uart.o
    0x00023178   0x00023178   0x00000040   Code   RO          738    i.ble_db_discovery_evt_register  ble_db_discovery.o
    0x000231b8   0x000231b8   0x0000001c   Code   RO          739    i.ble_db_discovery_init  ble_db_discovery.o
    0x000231d4   0x000231d4   0x00000090   Code   RO          740    i.ble_db_discovery_on_ble_evt  ble_db_discovery.o
    0x00023264   0x00023264   0x00000028   Code   RO          741    i.ble_db_discovery_start  ble_db_discovery.o
    0x0002328c   0x0002328c   0x00000184   Code   RO            5    i.ble_evt_handler   main.o
    0x00023410   0x00023410   0x00000070   Code   RO          570    i.ble_evt_handler   bsp_btn_ble.o
    0x00023480   0x00023480   0x000000c8   Code   RO            6    i.ble_nus_c_evt_handler  main.o
    0x00023548   0x00023548   0x0000001a   Code   RO         1023    i.ble_nus_c_handles_assign  ble_nus_c.o
    0x00023562   0x00023562   0x00000002   PAD
    0x00023564   0x00023564   0x0000004c   Code   RO         1024    i.ble_nus_c_init    ble_nus_c.o
    0x000235b0   0x000235b0   0x0000006c   Code   RO         1025    i.ble_nus_c_on_ble_evt  ble_nus_c.o
    0x0002361c   0x0002361c   0x00000080   Code   RO         1026    i.ble_nus_c_on_db_disc_evt  ble_nus_c.o
    0x0002369c   0x0002369c   0x0000008c   Code   RO         1027    i.ble_nus_c_string_send  ble_nus_c.o
    0x00023728   0x00023728   0x00000048   Code   RO         1028    i.ble_nus_c_tx_notif_enable  ble_nus_c.o
    0x00023770   0x00023770   0x000000e0   Code   RO            7    i.ble_nus_chars_received_uart_print  main.o
    0x00023850   0x00023850   0x0000000c   Code   RO          332    i.bsp_board_button_idx_to_pin  boards.o
    0x0002385c   0x0002385c   0x00000028   Code   RO          333    i.bsp_board_button_state_get  boards.o
    0x00023884   0x00023884   0x0000002c   Code   RO          336    i.bsp_board_led_invert  boards.o
    0x000238b0   0x000238b0   0x00000010   Code   RO          337    i.bsp_board_led_off  boards.o
    0x000238c0   0x000238c0   0x00000010   Code   RO          338    i.bsp_board_led_on  boards.o
    0x000238d0   0x000238d0   0x00000028   Code   RO          339    i.bsp_board_led_state_get  boards.o
    0x000238f8   0x000238f8   0x0000002c   Code   RO          340    i.bsp_board_leds_init  boards.o
    0x00023924   0x00023924   0x00000012   Code   RO          341    i.bsp_board_leds_off  boards.o
    0x00023936   0x00023936   0x00000012   Code   RO          342    i.bsp_board_leds_on  boards.o
    0x00023948   0x00023948   0x00000024   Code   RO          343    i.bsp_board_pin_to_button_idx  boards.o
    0x0002396c   0x0002396c   0x00000038   Code   RO          571    i.bsp_btn_ble_init  bsp_btn_ble.o
    0x000239a4   0x000239a4   0x0000001e   Code   RO          572    i.bsp_btn_ble_sleep_mode_prepare  bsp_btn_ble.o
    0x000239c2   0x000239c2   0x00000002   PAD
    0x000239c4   0x000239c4   0x00000090   Code   RO          450    i.bsp_button_event_handler  bsp.o
    0x00023a54   0x00023a54   0x00000004   Code   RO          451    i.bsp_button_is_pressed  bsp.o
    0x00023a58   0x00023a58   0x00000028   Code   RO            8    i.bsp_event_handler  main.o
    0x00023a80   0x00023a80   0x00000044   Code   RO          454    i.bsp_event_to_button_action_assign  bsp.o
    0x00023ac4   0x00023ac4   0x00000018   Code   RO          455    i.bsp_indication_set  bsp.o
    0x00023adc   0x00023adc   0x00000094   Code   RO          456    i.bsp_init          bsp.o
    0x00023b70   0x00023b70   0x000001b8   Code   RO          457    i.bsp_led_indication  bsp.o
    0x00023d28   0x00023d28   0x00000010   Code   RO          459    i.bsp_wakeup_button_enable  bsp.o
    0x00023d38   0x00023d38   0x00000064   Code   RO         3027    i.buf_prealloc      nrf_log_frontend.o
    0x00023d9c   0x00023d9c   0x0000001e   Code   RO         2584    i.buffer_add        nrf_fprintf_format.o
    0x00023dba   0x00023dba   0x00000002   PAD
    0x00023dbc   0x00023dbc   0x00000014   Code   RO         3028    i.buffer_is_empty   nrf_log_frontend.o
    0x00023dd0   0x00023dd0   0x00000008   Code   RO          460    i.button_timer_handler  bsp.o
    0x00023dd8   0x00023dd8   0x0000001c   Code   RO         1312    i.channel_free      nrf_drv_gpiote.o
    0x00023df4   0x00023df4   0x00000048   Code   RO         1313    i.channel_port_alloc  nrf_drv_gpiote.o
    0x00023e3c   0x00023e3c   0x00000010   Code   RO         1314    i.channel_port_get  nrf_drv_gpiote.o
    0x00023e4c   0x00023e4c   0x00000042   Code   RO          742    i.characteristics_discover  ble_db_discovery.o
    0x00023e8e   0x00023e8e   0x00000002   PAD
    0x00023e90   0x00023e90   0x00000028   Code   RO         1106    i.clock_clk_started_notify  nrf_drv_clock.o
    0x00023eb8   0x00023eb8   0x000000ac   Code   RO         2094    i.compare_reg_update  app_timer.o
    0x00023f64   0x00023f64   0x0000000c   Code   RO            9    i.db_disc_handler   main.o
    0x00023f70   0x00023f70   0x0000008c   Code   RO          743    i.descriptors_discover  ble_db_discovery.o
    0x00023ffc   0x00023ffc   0x00000060   Code   RO         1823    i.detection_delay_timeout_handler  app_button.o
    0x0002405c   0x0002405c   0x00000090   Code   RO          744    i.discovery_complete_evt_trigger  ble_db_discovery.o
    0x000240ec   0x000240ec   0x0000003c   Code   RO          745    i.discovery_error_evt_trigger  ble_db_discovery.o
    0x00024128   0x00024128   0x0000005c   Code   RO          746    i.discovery_start   ble_db_discovery.o
    0x00024184   0x00024184   0x00000040   Code   RO         2095    i.elapsed_ticks_acquire  app_timer.o
    0x000241c4   0x000241c4   0x00000014   Code   RO         1962    i.fifo_get          app_fifo.o
    0x000241d8   0x000241d8   0x00000012   Code   RO         1963    i.fifo_put          app_fifo.o
    0x000241ea   0x000241ea   0x0000000e   Code   RO         2858    i.fputc             retarget.o
    0x000241f8   0x000241f8   0x00000088   Code   RO           10    i.gatt_evt_handler  main.o
    0x00024280   0x00024280   0x00000030   Code   RO           11    i.gatt_init         main.o
    0x000242b0   0x000242b0   0x00000058   Code   RO         1824    i.gpiote_event_handler  app_button.o
    0x00024308   0x00024308   0x000000a6   Code   RO         2585    i.int_print         nrf_fprintf_format.o
    0x000243ae   0x000243ae   0x00000002   PAD
    0x000243b0   0x000243b0   0x00000078   Code   RO         1580    i.interrupts_enable  nrf_drv_uart.o
    0x00024428   0x00024428   0x0000004c   Code   RO          747    i.is_desc_discovery_reqd  ble_db_discovery.o
    0x00024474   0x00024474   0x000000d6   Code   RO           12    i.is_uuid_present   main.o
    0x0002454a   0x0002454a   0x00000002   PAD
    0x0002454c   0x0002454c   0x00000030   Code   RO          461    i.leds_off          bsp.o
    0x0002457c   0x0002457c   0x00000014   Code   RO          462    i.leds_timer_handler  bsp.o
    0x00024590   0x00024590   0x00000028   Code   RO         1109    i.lfclk_stop        nrf_drv_clock.o
    0x000245b8   0x000245b8   0x00000018   Code   RO          929    i.link_init         nrf_ble_gatt.o
    0x000245d0   0x000245d0   0x000000f8   Code   RO         2096    i.list_insertions_handler  app_timer.o
    0x000246c8   0x000246c8   0x00000094   Code   RO         3030    i.log_skip          nrf_log_frontend.o
    0x0002475c   0x0002475c   0x00000150   Code   RO           13    i.main              main.o
    0x000248ac   0x000248ac   0x00000076   Code   RO         2625    i.memobj_op         nrf_memobj.o
    0x00024922   0x00024922   0x00000002   PAD
    0x00024924   0x00024924   0x00000034   Code   RO         3031    i.module_idx_get    nrf_log_frontend.o
    0x00024958   0x00024958   0x0000000e   Code   RO         3032    i.nrf_atomic_flag_set  nrf_log_frontend.o
    0x00024966   0x00024966   0x00000044   Code   RO         2500    i.nrf_balloc_alloc  nrf_balloc.o
    0x000249aa   0x000249aa   0x00000030   Code   RO         2501    i.nrf_balloc_free   nrf_balloc.o
    0x000249da   0x000249da   0x00000030   Code   RO         2502    i.nrf_balloc_init   nrf_balloc.o
    0x00024a0a   0x00024a0a   0x00000010   Code   RO         1315    i.nrf_bitmask_bit_is_set  nrf_drv_gpiote.o
    0x00024a1a   0x00024a1a   0x00000018   Code   RO          930    i.nrf_ble_gatt_att_mtu_central_set  nrf_ble_gatt.o
    0x00024a32   0x00024a32   0x00000022   Code   RO          935    i.nrf_ble_gatt_init  nrf_ble_gatt.o
    0x00024a54   0x00024a54   0x00000148   Code   RO          936    i.nrf_ble_gatt_on_ble_evt  nrf_ble_gatt.o
    0x00024b9c   0x00024b9c   0x0000000e   Code   RO         1110    i.nrf_clock_event_check  nrf_drv_clock.o
    0x00024baa   0x00024baa   0x00000010   Code   RO         1111    i.nrf_clock_event_clear  nrf_drv_clock.o
    0x00024bba   0x00024bba   0x00000002   PAD
    0x00024bbc   0x00024bbc   0x0000008c   Code   RO         2097    i.nrf_delay_us      app_timer.o
    0x00024c48   0x00024c48   0x00000048   Code   RO         1118    i.nrf_drv_clock_init  nrf_drv_clock.o
    0x00024c90   0x00024c90   0x0000002c   Code   RO         1122    i.nrf_drv_clock_lfclk_release  nrf_drv_clock.o
    0x00024cbc   0x00024cbc   0x00000038   Code   RO         1275    i.nrf_drv_common_irq_enable  nrf_drv_common.o
    0x00024cf4   0x00024cf4   0x00000006   Code   RO         1582    i.nrf_drv_get_IRQn  nrf_drv_uart.o
    0x00024cfa   0x00024cfa   0x00000002   PAD
    0x00024cfc   0x00024cfc   0x00000098   Code   RO         1320    i.nrf_drv_gpiote_in_event_enable  nrf_drv_gpiote.o
    0x00024d94   0x00024d94   0x000000c0   Code   RO         1321    i.nrf_drv_gpiote_in_init  nrf_drv_gpiote.o
    0x00024e54   0x00024e54   0x0000000e   Code   RO         1322    i.nrf_drv_gpiote_in_is_set  nrf_drv_gpiote.o
    0x00024e62   0x00024e62   0x00000002   PAD
    0x00024e64   0x00024e64   0x0000005c   Code   RO         1324    i.nrf_drv_gpiote_init  nrf_drv_gpiote.o
    0x00024ec0   0x00024ec0   0x00000014   Code   RO         1325    i.nrf_drv_gpiote_is_init  nrf_drv_gpiote.o
    0x00024ed4   0x00024ed4   0x00000010   Code   RO         1583    i.nrf_drv_is_in_RAM  nrf_drv_uart.o
    0x00024ee4   0x00024ee4   0x00000068   Code   RO         1585    i.nrf_drv_uart_init  nrf_drv_uart.o
    0x00024f4c   0x00024f4c   0x000000b0   Code   RO         1586    i.nrf_drv_uart_rx   nrf_drv_uart.o
    0x00024ffc   0x00024ffc   0x00000030   Code   RO         1589    i.nrf_drv_uart_rx_enable  nrf_drv_uart.o
    0x0002502c   0x0002502c   0x000000a8   Code   RO         1590    i.nrf_drv_uart_rx_for_uart  nrf_drv_uart.o
    0x000250d4   0x000250d4   0x000000b0   Code   RO         1591    i.nrf_drv_uart_rx_for_uarte  nrf_drv_uart.o
    0x00025184   0x00025184   0x0000010c   Code   RO         1593    i.nrf_drv_uart_tx   nrf_drv_uart.o
    0x00025290   0x00025290   0x00000018   Code   RO         1595    i.nrf_drv_uart_tx_in_progress  nrf_drv_uart.o
    0x000252a8   0x000252a8   0x0000001a   Code   RO         2541    i.nrf_fprintf       nrf_fprintf.o
    0x000252c2   0x000252c2   0x00000018   Code   RO         2542    i.nrf_fprintf_buffer_flush  nrf_fprintf.o
    0x000252da   0x000252da   0x000001da   Code   RO         2586    i.nrf_fprintf_fmt   nrf_fprintf_format.o
    0x000254b4   0x000254b4   0x00000032   Code   RO          345    i.nrf_gpio_cfg      boards.o
    0x000254e6   0x000254e6   0x00000032   Code   RO         1339    i.nrf_gpio_cfg      nrf_drv_gpiote.o
    0x00025518   0x00025518   0x00000032   Code   RO         1597    i.nrf_gpio_cfg      nrf_drv_uart.o
    0x0002554a   0x0002554a   0x00000012   Code   RO         1599    i.nrf_gpio_cfg_input  nrf_drv_uart.o
    0x0002555c   0x0002555c   0x00000014   Code   RO         1600    i.nrf_gpio_cfg_output  nrf_drv_uart.o
    0x00025570   0x00025570   0x00000034   Code   RO          463    i.nrf_gpio_cfg_sense_set  bsp.o
    0x000255a4   0x000255a4   0x00000030   Code   RO         1341    i.nrf_gpio_cfg_sense_set  nrf_drv_gpiote.o
    0x000255d4   0x000255d4   0x0000001c   Code   RO          346    i.nrf_gpio_pin_port_decode  boards.o
    0x000255f0   0x000255f0   0x0000001c   Code   RO         1343    i.nrf_gpio_pin_port_decode  nrf_drv_gpiote.o
    0x0002560c   0x0002560c   0x0000001c   Code   RO         1601    i.nrf_gpio_pin_port_decode  nrf_drv_uart.o
    0x00025628   0x00025628   0x00000016   Code   RO         1344    i.nrf_gpio_pin_read  nrf_drv_gpiote.o
    0x0002563e   0x0002563e   0x00000014   Code   RO         1602    i.nrf_gpio_pin_set  nrf_drv_uart.o
    0x00025652   0x00025652   0x00000026   Code   RO          347    i.nrf_gpio_pin_write  boards.o
    0x00025678   0x00025678   0x0000002c   Code   RO         1346    i.nrf_gpio_ports_read  nrf_drv_gpiote.o
    0x000256a4   0x000256a4   0x00000014   Code   RO         1347    i.nrf_gpiote_event_clear  nrf_drv_gpiote.o
    0x000256b8   0x000256b8   0x00000010   Code   RO         1348    i.nrf_gpiote_event_is_set  nrf_drv_gpiote.o
    0x000256c8   0x000256c8   0x00000050   Code   RO         3033    i.nrf_log_backend_add  nrf_log_frontend.o
    0x00025718   0x00025718   0x00000002   Code   RO         2895    i.nrf_log_backend_rtt_flush  nrf_log_backend_rtt.o
    0x0002571a   0x0002571a   0x00000004   Code   RO         2896    i.nrf_log_backend_rtt_init  nrf_log_backend_rtt.o
    0x0002571e   0x0002571e   0x00000002   Code   RO         2897    i.nrf_log_backend_rtt_panic_set  nrf_log_backend_rtt.o
    0x00025720   0x00025720   0x00000018   Code   RO         2898    i.nrf_log_backend_rtt_put  nrf_log_backend_rtt.o
    0x00025738   0x00025738   0x000000d2   Code   RO         2959    i.nrf_log_backend_serial_put  nrf_log_backend_serial.o
    0x0002580a   0x0002580a   0x00000002   PAD
    0x0002580c   0x0002580c   0x00000030   Code   RO         3035    i.nrf_log_color_id_get  nrf_log_frontend.o
    0x0002583c   0x0002583c   0x0000001c   Code   RO         2993    i.nrf_log_default_backends_init  nrf_log_default_backends.o
    0x00025858   0x00025858   0x000001f0   Code   RO         3036    i.nrf_log_frontend_dequeue  nrf_log_frontend.o
    0x00025a48   0x00025a48   0x00000008   Code   RO         3038    i.nrf_log_frontend_std_0  nrf_log_frontend.o
    0x00025a50   0x00025a50   0x0000000e   Code   RO         3039    i.nrf_log_frontend_std_1  nrf_log_frontend.o
    0x00025a5e   0x00025a5e   0x00000010   Code   RO         3040    i.nrf_log_frontend_std_2  nrf_log_frontend.o
    0x00025a6e   0x00025a6e   0x0000001c   Code   RO         3044    i.nrf_log_frontend_std_6  nrf_log_frontend.o
    0x00025a8a   0x00025a8a   0x00000002   PAD
    0x00025a8c   0x00025a8c   0x000000ac   Code   RO         3218    i.nrf_log_hexdump_entry_process  nrf_log_str_formatter.o
    0x00025b38   0x00025b38   0x0000005c   Code   RO         3045    i.nrf_log_init      nrf_log_frontend.o
    0x00025b94   0x00025b94   0x00000014   Code   RO         3046    i.nrf_log_module_cnt_get  nrf_log_frontend.o
    0x00025ba8   0x00025ba8   0x0000001c   Code   RO         3049    i.nrf_log_module_name_get  nrf_log_frontend.o
    0x00025bc4   0x00025bc4   0x00000028   Code   RO         3050    i.nrf_log_panic     nrf_log_frontend.o
    0x00025bec   0x00025bec   0x000000b6   Code   RO         3219    i.nrf_log_std_entry_process  nrf_log_str_formatter.o
    0x00025ca2   0x00025ca2   0x00000060   Code   RO         2626    i.nrf_memobj_alloc  nrf_memobj.o
    0x00025d02   0x00025d02   0x00000032   Code   RO         2627    i.nrf_memobj_free   nrf_memobj.o
    0x00025d34   0x00025d34   0x0000000e   Code   RO         2628    i.nrf_memobj_get    nrf_memobj.o
    0x00025d42   0x00025d42   0x00000004   Code   RO         2629    i.nrf_memobj_pool_init  nrf_memobj.o
    0x00025d46   0x00025d46   0x00000022   Code   RO         2630    i.nrf_memobj_put    nrf_memobj.o
    0x00025d68   0x00025d68   0x0000000c   Code   RO         2631    i.nrf_memobj_read   nrf_memobj.o
    0x00025d74   0x00025d74   0x0000000c   Code   RO         2632    i.nrf_memobj_write  nrf_memobj.o
    0x00025d80   0x00025d80   0x00000028   Code   RO         2714    i.nrf_pwr_mgmt_init  nrf_pwr_mgmt.o
    0x00025da8   0x00025da8   0x00000044   Code   RO         2715    i.nrf_pwr_mgmt_run  nrf_pwr_mgmt.o
    0x00025dec   0x00025dec   0x00000040   Code   RO         2716    i.nrf_pwr_mgmt_shutdown  nrf_pwr_mgmt.o
    0x00025e2c   0x00025e2c   0x00000014   Code   RO         3640    i.nrf_sdh_ble_app_ram_start_get  nrf_sdh_ble.o
    0x00025e40   0x00025e40   0x00000154   Code   RO         3641    i.nrf_sdh_ble_default_cfg_set  nrf_sdh_ble.o
    0x00025f94   0x00025f94   0x000000d8   Code   RO         3642    i.nrf_sdh_ble_enable  nrf_sdh_ble.o
    0x0002606c   0x0002606c   0x00000050   Code   RO         3643    i.nrf_sdh_ble_evts_poll  nrf_sdh_ble.o
    0x000260bc   0x000260bc   0x00000050   Code   RO         3522    i.nrf_sdh_enable_request  nrf_sdh.o
    0x0002610c   0x0002610c   0x00000024   Code   RO         3523    i.nrf_sdh_evts_poll  nrf_sdh.o
    0x00026130   0x00026130   0x0000000c   Code   RO         3524    i.nrf_sdh_is_enabled  nrf_sdh.o
    0x0002613c   0x0002613c   0x0000003c   Code   RO         3690    i.nrf_sdh_soc_evts_poll  nrf_sdh_soc.o
    0x00026178   0x00026178   0x0000000a   Code   RO         2789    i.nrf_section_iter_init  nrf_section_iter.o
    0x00026182   0x00026182   0x00000024   Code   RO         2790    i.nrf_section_iter_item_set  nrf_section_iter.o
    0x000261a6   0x000261a6   0x00000020   Code   RO         2791    i.nrf_section_iter_next  nrf_section_iter.o
    0x000261c6   0x000261c6   0x00000002   PAD
    0x000261c8   0x000261c8   0x00000038   Code   RO         2824    i.nrf_strerror_find  nrf_strerror.o
    0x00026200   0x00026200   0x00000014   Code   RO         2825    i.nrf_strerror_get  nrf_strerror.o
    0x00026214   0x00026214   0x0000000a   Code   RO         1603    i.nrf_uart_event_check  nrf_drv_uart.o
    0x0002621e   0x0002621e   0x0000000c   Code   RO         1604    i.nrf_uart_event_clear  nrf_drv_uart.o
    0x0002622a   0x0002622a   0x0000000c   Code   RO         1605    i.nrf_uart_int_enable_check  nrf_drv_uart.o
    0x00026236   0x00026236   0x0000000a   Code   RO         1606    i.nrf_uarte_event_check  nrf_drv_uart.o
    0x00026240   0x00026240   0x0000000c   Code   RO         1607    i.nrf_uarte_event_clear  nrf_drv_uart.o
    0x0002624c   0x0002624c   0x00000114   Code   RO          748    i.on_characteristic_discovery_rsp  ble_db_discovery.o
    0x00026360   0x00026360   0x0000009c   Code   RO          937    i.on_connected_evt  nrf_ble_gatt.o
    0x000263fc   0x000263fc   0x000000f0   Code   RO          749    i.on_descriptor_discovery_rsp  ble_db_discovery.o
    0x000264ec   0x000264ec   0x00000074   Code   RO          938    i.on_exchange_mtu_request_evt  nrf_ble_gatt.o
    0x00026560   0x00026560   0x0000006c   Code   RO          750    i.on_primary_srv_discovery_rsp  ble_db_discovery.o
    0x000265cc   0x000265cc   0x0000007c   Code   RO          751    i.on_srv_disc_completion  ble_db_discovery.o
    0x00026648   0x00026648   0x00000018   Code   RO         1349    i.pin_in_use_by_port  nrf_drv_gpiote.o
    0x00026660   0x00026660   0x00000018   Code   RO         1350    i.pin_in_use_by_te  nrf_drv_gpiote.o
    0x00026678   0x00026678   0x0000003c   Code   RO         3220    i.postfix_process   nrf_log_str_formatter.o
    0x000266b4   0x000266b4   0x0000005c   Code   RO         3221    i.prefix_process    nrf_log_str_formatter.o
    0x00026710   0x00026710   0x00000038   Code   RO          752    i.registered_handler_get  ble_db_discovery.o
    0x00026748   0x00026748   0x0000003c   Code   RO         2098    i.rtc1_stop         app_timer.o
    0x00026784   0x00026784   0x00000032   Code   RO         1609    i.rx_byte           nrf_drv_uart.o
    0x000267b6   0x000267b6   0x00000018   Code   RO         1610    i.rx_done_event     nrf_drv_uart.o
    0x000267ce   0x000267ce   0x00000020   Code   RO         1611    i.rx_enable         nrf_drv_uart.o
    0x000267ee   0x000267ee   0x00000002   PAD
    0x000267f0   0x000267f0   0x00000024   Code   RO           14    i.scan_start        main.o
    0x00026814   0x00026814   0x00000054   Code   RO         1125    i.sd_state_evt_handler  nrf_drv_clock.o
    0x00026868   0x00026868   0x00000030   Code   RO         3529    i.sdh_request_observer_notify  nrf_sdh.o
    0x00026898   0x00026898   0x0000002c   Code   RO         3530    i.sdh_state_observer_notify  nrf_sdh.o
    0x000268c4   0x000268c4   0x0000002a   Code   RO         2899    i.serial_tx         nrf_log_backend_rtt.o
    0x000268ee   0x000268ee   0x00000020   Code   RO           15    i.shutdown_handler  main.o
    0x0002690e   0x0002690e   0x00000002   PAD
    0x00026910   0x00026910   0x0000007c   Code   RO         2717    i.shutdown_process  nrf_pwr_mgmt.o
    0x0002698c   0x0002698c   0x0000000a   Code   RO         1126    i.soc_evt_handler   nrf_drv_clock.o
    0x00026996   0x00026996   0x00000002   PAD
    0x00026998   0x00026998   0x0000005c   Code   RO         3532    i.softdevices_evt_irq_enable  nrf_sdh.o
    0x000269f4   0x000269f4   0x00000090   Code   RO         3052    i.std_n             nrf_log_frontend.o
    0x00026a84   0x00026a84   0x00000080   Code   RO         2099    i.timer_list_handler  app_timer.o
    0x00026b04   0x00026b04   0x0000003c   Code   RO         2100    i.timer_list_insert  app_timer.o
    0x00026b40   0x00026b40   0x00000060   Code   RO         2101    i.timer_list_remove  app_timer.o
    0x00026ba0   0x00026ba0   0x00000048   Code   RO         2102    i.timer_stop_op_schedule  app_timer.o
    0x00026be8   0x00026be8   0x00000074   Code   RO         2103    i.timer_timeouts_check  app_timer.o
    0x00026c5c   0x00026c5c   0x00000020   Code   RO         1612    i.tx_byte           nrf_drv_uart.o
    0x00026c7c   0x00026c7c   0x0000001c   Code   RO         1613    i.tx_done_event     nrf_drv_uart.o
    0x00026c98   0x00026c98   0x000000e0   Code   RO           16    i.uart_event_handle  main.o
    0x00026d78   0x00026d78   0x000000a0   Code   RO         2253    i.uart_event_handler  app_uart_fifo.o
    0x00026e18   0x00026e18   0x0000011e   Code   RO         1614    i.uart_irq_handler  nrf_drv_uart.o
    0x00026f36   0x00026f36   0x000000f0   Code   RO         1615    i.uarte_irq_handler  nrf_drv_uart.o
    0x00027026   0x00027026   0x00000002   PAD
    0x00027028   0x00027028   0x000000b4   Code   RO         2587    i.unsigned_print    nrf_fprintf_format.o
    0x000270dc   0x000270dc   0x00000030   Code   RO         2104    i.user_op_alloc     app_timer.o
    0x0002710c   0x0002710c   0x0000002c   Data   RO           18    .constdata          main.o
    0x00027138   0x00027138   0x00000008   Data   RO          348    .constdata          boards.o
    0x00027140   0x00027140   0x0000002c   Data   RO          468    .constdata          bsp.o
    0x0002716c   0x0002716c   0x0000007c   Data   RO          754    .constdata          ble_db_discovery.o
    0x000271e8   0x000271e8   0x00000016   Data   RO          939    .constdata          nrf_ble_gatt.o
    0x000271fe   0x000271fe   0x00000002   PAD
    0x00027200   0x00027200   0x00000028   Data   RO         1029    .constdata          ble_nus_c.o
    0x00027228   0x00027228   0x00000008   Data   RO         1352    .constdata          nrf_drv_gpiote.o
    0x00027230   0x00027230   0x00000008   Data   RO         1826    .constdata          app_button.o
    0x00027238   0x00027238   0x00000020   Data   RO         2255    .constdata          app_uart_fifo.o
    0x00027258   0x00027258   0x00000010   Data   RO         2588    .constdata          nrf_fprintf_format.o
    0x00027268   0x00027268   0x00000018   Data   RO         2719    .constdata          nrf_pwr_mgmt.o
    0x00027280   0x00027280   0x0000000c   Data   RO         2720    .constdata          nrf_pwr_mgmt.o
    0x0002728c   0x0002728c   0x00000104   Data   RO         2826    .constdata          nrf_strerror.o
    0x00027390   0x00027390   0x0000000c   Data   RO         2901    .constdata          nrf_log_backend_rtt.o
    0x0002739c   0x0002739c   0x00000014   Data   RO         3055    .constdata          nrf_log_frontend.o
    0x000273b0   0x000273b0   0x00000010   Data   RO         3533    .constdata          nrf_sdh.o
    0x000273c0   0x000273c0   0x00000028   Data   RO         3534    .constdata          nrf_sdh.o
    0x000273e8   0x000273e8   0x00000010   Data   RO         3535    .constdata          nrf_sdh.o
    0x000273f8   0x000273f8   0x00000010   Data   RO         3536    .constdata          nrf_sdh.o
    0x00027408   0x00027408   0x00000020   Data   RO         3644    .constdata          nrf_sdh_ble.o
    0x00027428   0x00027428   0x00000010   Data   RO         3645    .constdata          nrf_sdh_ble.o
    0x00027438   0x00027438   0x00000010   Data   RO         3691    .constdata          nrf_sdh_soc.o
    0x00027448   0x00027448   0x0000000c   Data   RO         3692    .constdata          nrf_sdh_soc.o
    0x00027454   0x00027454   0x00000081   Data   RO         3768    .constdata          mc_w.l(ctype_o.o)
    0x000274d5   0x000274d5   0x00000003   PAD
    0x000274d8   0x000274d8   0x00000004   Data   RO         3769    .constdata          mc_w.l(ctype_o.o)
    0x000274dc   0x000274dc   0x0000012d   Data   RO          940    .conststring        nrf_ble_gatt.o
    0x00027609   0x00027609   0x00000003   PAD
    0x0002760c   0x0002760c   0x00000307   Data   RO         2827    .conststring        nrf_strerror.o
    0x00027913   0x00027913   0x00000001   PAD
    0x00027914   0x00027914   0x00000066   Data   RO         3222    .conststring        nrf_log_str_formatter.o
    0x0002797a   0x0002797a   0x00000002   PAD
    0x0002797c   0x0002797c   0x000001cf   Data   RO         3646    .conststring        nrf_sdh_ble.o
    0x00027b4b   0x00027b4b   0x00000001   PAD
    0x00027b4c   0x00027b4c   0x0000000c   Data   RO          755    .conststrlit        ble_db_discovery.o
    0x00027b58   0x00027b58   0x00000009   Data   RO          941    .conststrlit        nrf_ble_gatt.o
    0x00027b61   0x00027b61   0x00000003   PAD
    0x00027b64   0x00027b64   0x00000008   Data   RO         1030    .conststrlit        ble_nus_c.o
    0x00027b6c   0x00027b6c   0x00000006   Data   RO         1132    .conststrlit        nrf_drv_clock.o
    0x00027b72   0x00027b72   0x00000002   PAD
    0x00027b74   0x00027b74   0x00000007   Data   RO         1356    .conststrlit        nrf_drv_gpiote.o
    0x00027b7b   0x00027b7b   0x00000001   PAD
    0x00027b7c   0x00027b7c   0x00000005   Data   RO         1617    .conststrlit        nrf_drv_uart.o
    0x00027b81   0x00027b81   0x00000003   PAD
    0x00027b84   0x00027b84   0x00000007   Data   RO         2503    .conststrlit        nrf_balloc.o
    0x00027b8b   0x00027b8b   0x00000001   PAD
    0x00027b8c   0x00027b8c   0x00000009   Data   RO         2721    .conststrlit        nrf_pwr_mgmt.o
    0x00027b95   0x00027b95   0x00000003   PAD
    0x00027b98   0x00027b98   0x00000004   Data   RO         3057    .conststrlit        nrf_log_frontend.o
    0x00027b9c   0x00027b9c   0x00000008   Data   RO         3537    .conststrlit        nrf_sdh.o
    0x00027ba4   0x00027ba4   0x0000000c   Data   RO         3647    .conststrlit        nrf_sdh_ble.o
    0x00027bb0   0x00027bb0   0x0000000c   Data   RO         3693    .conststrlit        nrf_sdh_soc.o
    0x00027bbc   0x00027bbc   0x00000020   Data   RO         4102    Region$$Table       anon$$obj.o
    0x00027bdc   0x00027bdc   0x00000008   Data   RO          757    log_const_data      ble_db_discovery.o
    0x00027be4   0x00027be4   0x00000008   Data   RO          942    log_const_data      nrf_ble_gatt.o
    0x00027bec   0x00027bec   0x00000008   Data   RO         1031    log_const_data      ble_nus_c.o
    0x00027bf4   0x00027bf4   0x00000008   Data   RO         1133    log_const_data      nrf_drv_clock.o
    0x00027bfc   0x00027bfc   0x00000008   Data   RO         1357    log_const_data      nrf_drv_gpiote.o
    0x00027c04   0x00027c04   0x00000008   Data   RO         1618    log_const_data      nrf_drv_uart.o
    0x00027c0c   0x00027c0c   0x00000008   Data   RO         2504    log_const_data      nrf_balloc.o
    0x00027c14   0x00027c14   0x00000008   Data   RO         2723    log_const_data      nrf_pwr_mgmt.o
    0x00027c1c   0x00027c1c   0x00000008   Data   RO         3061    log_const_data      nrf_log_frontend.o
    0x00027c24   0x00027c24   0x00000008   Data   RO         3539    log_const_data      nrf_sdh.o
    0x00027c2c   0x00027c2c   0x00000008   Data   RO         3648    log_const_data      nrf_sdh_ble.o
    0x00027c34   0x00027c34   0x00000008   Data   RO         3694    log_const_data      nrf_sdh_soc.o
    0x00027c3c   0x00027c3c   0x00000004   Data   RO           20    pwr_mgmt_data1      main.o
    0x00027c40   0x00027c40   0x00000010   Data   RO           21    sdh_ble_observers1  main.o
    0x00027c50   0x00027c50   0x00000008   Data   RO          574    sdh_ble_observers1  bsp_btn_ble.o
    0x00027c58   0x00027c58   0x00000008   Data   RO           22    sdh_ble_observers2  main.o
    0x00027c60   0x00027c60   0x00000008   Data   RO           23    sdh_ble_observers3  main.o
    0x00027c68   0x00027c68   0x00000008   Data   RO         1135    sdh_soc_observers0  nrf_drv_clock.o
    0x00027c70   0x00027c70   0x00000008   Data   RO         3650    sdh_stack_observers0  nrf_sdh_ble.o
    0x00027c78   0x00027c78   0x00000008   Data   RO         3696    sdh_stack_observers0  nrf_sdh_soc.o
    0x00027c80   0x00027c80   0x00000008   Data   RO         1136    sdh_state_observers0  nrf_drv_clock.o


    Execution Region RW_IRAM1 (Exec base: 0x20002978, Load base: 0x00027c88, Size: 0x00003470, Max: 0x0003d688, ABSOLUTE, COMPRESSED[0x00000044])

    Exec Addr    Load Addr    Size         Type   Attr      Idx    E Section Name        Object

    0x20002978   COMPRESSED   0x000002d0   Data   RW           19    .data               main.o
    0x20002c48   COMPRESSED   0x00000010   Data   RW          469    .data               bsp.o
    0x20002c58   COMPRESSED   0x00000008   Data   RW          573    .data               bsp_btn_ble.o
    0x20002c60   COMPRESSED   0x00000010   Data   RW          756    .data               ble_db_discovery.o
    0x20002c70   COMPRESSED   0x00000014   Data   RW         1827    .data               app_button.o
    0x20002c84   COMPRESSED   0x00000014   Data   RW         2106    .data               app_timer.o
    0x20002c98   COMPRESSED   0x00000010   Data   RW         2256    .data               app_uart_fifo.o
    0x20002ca8   COMPRESSED   0x00000008   Data   RW         2722    .data               nrf_pwr_mgmt.o
    0x20002cb0   COMPRESSED   0x00000004   Data   RW         2859    .data               retarget.o
    0x20002cb4   COMPRESSED   0x0000000c   Data   RW         2994    .data               nrf_log_default_backends.o
    0x20002cc0   COMPRESSED   0x00000008   Data   RW         3059    .data               nrf_log_frontend.o
    0x20002cc8   COMPRESSED   0x00000008   Data   RW         3060    .data               nrf_log_frontend.o
    0x20002cd0   COMPRESSED   0x00000038   Data   RW         3223    .data               nrf_log_str_formatter.o
    0x20002d08   COMPRESSED   0x00000003   Data   RW         3538    .data               nrf_sdh.o
    0x20002d0b   COMPRESSED   0x00000001   PAD
    0x20002d0c   COMPRESSED   0x00000004   Data   RW         3731    .data               system_nrf52840.o
    0x20002d10   COMPRESSED   0x0000000c   Data   RW          758    log_dynamic_data    ble_db_discovery.o
    0x20002d1c   COMPRESSED   0x0000000c   Data   RW          943    log_dynamic_data    nrf_ble_gatt.o
    0x20002d28   COMPRESSED   0x0000000c   Data   RW         1032    log_dynamic_data    ble_nus_c.o
    0x20002d34   COMPRESSED   0x0000000c   Data   RW         1134    log_dynamic_data    nrf_drv_clock.o
    0x20002d40   COMPRESSED   0x0000000c   Data   RW         1358    log_dynamic_data    nrf_drv_gpiote.o
    0x20002d4c   COMPRESSED   0x0000000c   Data   RW         1619    log_dynamic_data    nrf_drv_uart.o
    0x20002d58   COMPRESSED   0x0000000c   Data   RW         2505    log_dynamic_data    nrf_balloc.o
    0x20002d64   COMPRESSED   0x0000000c   Data   RW         2724    log_dynamic_data    nrf_pwr_mgmt.o
    0x20002d70   COMPRESSED   0x0000000c   Data   RW         3062    log_dynamic_data    nrf_log_frontend.o
    0x20002d7c   COMPRESSED   0x0000000c   Data   RW         3540    log_dynamic_data    nrf_sdh.o
    0x20002d88   COMPRESSED   0x0000000c   Data   RW         3649    log_dynamic_data    nrf_sdh_ble.o
    0x20002d94   COMPRESSED   0x0000000c   Data   RW         3695    log_dynamic_data    nrf_sdh_soc.o
    0x20002da0        -       0x00000318   Zero   RW           17    .bss                main.o
    0x200030b8        -       0x00000020   Zero   RW          464    .bss                bsp.o
    0x200030d8        -       0x00000020   Zero   RW          465    .bss                bsp.o
    0x200030f8        -       0x0000000c   Zero   RW          466    .bss                bsp.o
    0x20003104        -       0x00000020   Zero   RW          467    .bss                bsp.o
    0x20003124        -       0x00000318   Zero   RW          753    .bss                ble_db_discovery.o
    0x2000343c        -       0x00000014   Zero   RW         1127    .bss                nrf_drv_clock.o
    0x20003450        -       0x00000068   Zero   RW         1351    .bss                nrf_drv_gpiote.o
    0x200034b8        -       0x00000020   Zero   RW         1616    .bss                nrf_drv_uart.o
    0x200034d8        -       0x00000020   Zero   RW         1825    .bss                app_button.o
    0x200034f8        -       0x0000010c   Zero   RW         2105    .bss                app_timer.o
    0x20003604        -       0x00000020   Zero   RW         2254    .bss                app_uart_fifo.o
    0x20003624        -       0x0000000c   Zero   RW         2320    .bss                app_util_platform.o
    0x20003630        -       0x0000000c   Zero   RW         2718    .bss                nrf_pwr_mgmt.o
    0x2000363c        -       0x00000040   Zero   RW         2900    .bss                nrf_log_backend_rtt.o
    0x2000367c        -       0x000000c0   Zero   RW         3053    .bss                nrf_log_frontend.o
    0x2000373c        -       0x00000420   Zero   RW         3054    .bss                nrf_log_frontend.o
    0x20003b5c        -       0x00000288   Zero   RW         3294    .bss                segger_rtt.o
    0x20003de4   COMPRESSED   0x00000004   PAD
    0x20003de8        -       0x00002000   Zero   RW         3719    STACK               arm_startup_nrf52840.o


==============================================================================

Image component sizes


      Code (inc. data)   RO Data    RW Data    ZI Data      Debug   Object Name

       332         34          8         20         32      10318   app_button.o
        22          0          0          0          0       2149   app_error.o
       120         40          0          0          0      30305   app_error_weak.o
       118          0          0          0          0       5118   app_fifo.o
      1630        122          0         20        268      48059   app_timer.o
       452         42         32         16         32      11014   app_uart_fifo.o
       124         14          0          0         12       9546   app_util_platform.o
        36          8        512          0       8192        952   arm_startup_nrf52840.o
         0          0          0          0          0        392   ble_advdata.o
      1658         78        144         28        792      26311   ble_db_discovery.o
       550         68         56         12          0      19134   ble_nus_c.o
       400         48          8          0          0      14248   boards.o
       978         90         44         16        108      15747   bsp.o
       252         10          8          8          0       4900   bsp_btn_ble.o
      1890        634         80        720        792     123898   main.o
       164          0         15         12          0       4009   nrf_balloc.o
       682         44        340         12          0      33187   nrf_ble_gatt.o
       408         40         30         12         20      41347   nrf_drv_clock.o
        56          0          0          0          0      27571   nrf_drv_common.o
      1330         90         23         12        104      31978   nrf_drv_gpiote.o
      2186         74         13         12         32      44055   nrf_drv_uart.o
        50          0          0          0          0       3593   nrf_fprintf.o
       850          4         16          0          0       5558   nrf_fprintf_format.o
        74          8         12          0         64       5617   nrf_log_backend_rtt.o
       210          0          0          0          0      10467   nrf_log_backend_serial.o
        28          6          0         12          0       3254   nrf_log_default_backends.o
      1502         88         32         28       1248      32524   nrf_log_frontend.o
       506         66        102         56          0       5700   nrf_log_str_formatter.o
       494          0          0          0          0      13315   nrf_memobj.o
       450         42         53         20         12      41867   nrf_pwr_mgmt.o
       352         44        104         15          0      46395   nrf_sdh.o
       656        158        539         12          0       6049   nrf_sdh_ble.o
        60          4         56         12          0       2628   nrf_sdh_soc.o
        78          0          0          0          0       2848   nrf_section_iter.o
        76         10       1035          0          0       2807   nrf_strerror.o
        14          0          0          4          0       2922   retarget.o
       378         34          0          0        648       9137   segger_rtt.o
       520         60          0          4          0       2615   system_nrf52840.o

    ----------------------------------------------------------------------
     19734       1960       3316       1064      12360     701534   Object Totals
         0          0         32          0          0          0   (incl. Generated)
        48          0         22          1          4          0   (incl. Padding)

    ----------------------------------------------------------------------

      Code (inc. data)   RO Data    RW Data    ZI Data      Debug   Library Member Name

        86          0          0          0          0          0   __dczerorl2.o
         8          4        133          0          0         68   ctype_o.o
         0          0          0          0          0          0   entry.o
         0          0          0          0          0          0   entry10a.o
         0          0          0          0          0          0   entry11a.o
         8          4          0          0          0          0   entry2.o
         4          0          0          0          0          0   entry5.o
         0          0          0          0          0          0   entry7b.o
         0          0          0          0          0          0   entry8b.o
         8          4          0          0          0          0   entry9a.o
        30          0          0          0          0          0   handlers.o
        36          8          0          0          0         68   init.o
        30          0          0          0          0         68   llshl.o
        32          0          0          0          0         68   llushr.o
        36          0          0          0          0         68   memcpya.o
        36          0          0          0          0        108   memseta.o
        50          8          0          0          0        152   printfb.o
        18          0          0          0          0         68   strcpy.o
        14          0          0          0          0         68   strlen.o
        98          0          0          0          0         92   uldiv.o

    ----------------------------------------------------------------------
       502         28        136          0          0        828   Library Totals
         8          0          3          0          0          0   (incl. Padding)

    ----------------------------------------------------------------------

      Code (inc. data)   RO Data    RW Data    ZI Data      Debug   Library Name

       494         28        133          0          0        828   mc_w.l

    ----------------------------------------------------------------------
       502         28        136          0          0        828   Library Totals

    ----------------------------------------------------------------------

==============================================================================


      Code (inc. data)   RO Data    RW Data    ZI Data      Debug   

     20236       1988       3452       1064      12360     678734   Grand Totals
     20236       1988       3452         68      12360     678734   ELF Image Totals (compressed)
     20236       1988       3452         68          0          0   ROM Totals

==============================================================================

    Total RO  Size (Code + RO Data)                23688 (  23.13kB)
    Total RW  Size (RW Data + ZI Data)             13424 (  13.11kB)
    Total ROM Size (Code + RO Data + RW Data)      23756 (  23.20kB)

==============================================================================

