Archive member included to satisfy reference by file (symbol)

c:/program files (x86)/gnu tools arm embedded/6 2017-q2-update/bin/../lib/gcc/arm-none-eabi/6.3.1/../../../../arm-none-eabi/lib/thumb/v7e-m/fpv4-sp/hard\libc_nano.a(lib_a-exit.o)
                              c:/program files (x86)/gnu tools arm embedded/6 2017-q2-update/bin/../lib/gcc/arm-none-eabi/6.3.1/../../../../arm-none-eabi/lib/thumb/v7e-m/fpv4-sp/hard/crt0.o (exit)
c:/program files (x86)/gnu tools arm embedded/6 2017-q2-update/bin/../lib/gcc/arm-none-eabi/6.3.1/../../../../arm-none-eabi/lib/thumb/v7e-m/fpv4-sp/hard\libc_nano.a(lib_a-impure.o)
                              c:/program files (x86)/gnu tools arm embedded/6 2017-q2-update/bin/../lib/gcc/arm-none-eabi/6.3.1/../../../../arm-none-eabi/lib/thumb/v7e-m/fpv4-sp/hard\libc_nano.a(lib_a-exit.o) (_global_impure_ptr)
c:/program files (x86)/gnu tools arm embedded/6 2017-q2-update/bin/../lib/gcc/arm-none-eabi/6.3.1/../../../../arm-none-eabi/lib/thumb/v7e-m/fpv4-sp/hard\libc_nano.a(lib_a-init.o)
                              c:/program files (x86)/gnu tools arm embedded/6 2017-q2-update/bin/../lib/gcc/arm-none-eabi/6.3.1/../../../../arm-none-eabi/lib/thumb/v7e-m/fpv4-sp/hard/crt0.o (__libc_init_array)
c:/program files (x86)/gnu tools arm embedded/6 2017-q2-update/bin/../lib/gcc/arm-none-eabi/6.3.1/../../../../arm-none-eabi/lib/thumb/v7e-m/fpv4-sp/hard\libc_nano.a(lib_a-locale.o)
                              _build/nrf52840_xxaa/nrf_log_str_formatter.c.o (__locale_ctype_ptr)
c:/program files (x86)/gnu tools arm embedded/6 2017-q2-update/bin/../lib/gcc/arm-none-eabi/6.3.1/../../../../arm-none-eabi/lib/thumb/v7e-m/fpv4-sp/hard\libc_nano.a(lib_a-mbtowc_r.o)
                              c:/program files (x86)/gnu tools arm embedded/6 2017-q2-update/bin/../lib/gcc/arm-none-eabi/6.3.1/../../../../arm-none-eabi/lib/thumb/v7e-m/fpv4-sp/hard\libc_nano.a(lib_a-locale.o) (__ascii_mbtowc)
c:/program files (x86)/gnu tools arm embedded/6 2017-q2-update/bin/../lib/gcc/arm-none-eabi/6.3.1/../../../../arm-none-eabi/lib/thumb/v7e-m/fpv4-sp/hard\libc_nano.a(lib_a-memcpy-stub.o)
                              _build/nrf52840_xxaa/nrf_log_frontend.c.o (memcpy)
c:/program files (x86)/gnu tools arm embedded/6 2017-q2-update/bin/../lib/gcc/arm-none-eabi/6.3.1/../../../../arm-none-eabi/lib/thumb/v7e-m/fpv4-sp/hard\libc_nano.a(lib_a-memset.o)
                              c:/program files (x86)/gnu tools arm embedded/6 2017-q2-update/bin/../lib/gcc/arm-none-eabi/6.3.1/../../../../arm-none-eabi/lib/thumb/v7e-m/fpv4-sp/hard/crt0.o (memset)
c:/program files (x86)/gnu tools arm embedded/6 2017-q2-update/bin/../lib/gcc/arm-none-eabi/6.3.1/../../../../arm-none-eabi/lib/thumb/v7e-m/fpv4-sp/hard\libc_nano.a(lib_a-strcmp.o)
                              c:/program files (x86)/gnu tools arm embedded/6 2017-q2-update/bin/../lib/gcc/arm-none-eabi/6.3.1/../../../../arm-none-eabi/lib/thumb/v7e-m/fpv4-sp/hard\libc_nano.a(lib_a-locale.o) (strcmp)
c:/program files (x86)/gnu tools arm embedded/6 2017-q2-update/bin/../lib/gcc/arm-none-eabi/6.3.1/../../../../arm-none-eabi/lib/thumb/v7e-m/fpv4-sp/hard\libc_nano.a(lib_a-strcpy.o)
                              _build/nrf52840_xxaa/SEGGER_RTT.c.o (strcpy)
c:/program files (x86)/gnu tools arm embedded/6 2017-q2-update/bin/../lib/gcc/arm-none-eabi/6.3.1/../../../../arm-none-eabi/lib/thumb/v7e-m/fpv4-sp/hard\libc_nano.a(lib_a-strlen.o)
                              _build/nrf52840_xxaa/nrf_log_frontend.c.o (strlen)
c:/program files (x86)/gnu tools arm embedded/6 2017-q2-update/bin/../lib/gcc/arm-none-eabi/6.3.1/../../../../arm-none-eabi/lib/thumb/v7e-m/fpv4-sp/hard\libc_nano.a(lib_a-wctomb_r.o)
                              c:/program files (x86)/gnu tools arm embedded/6 2017-q2-update/bin/../lib/gcc/arm-none-eabi/6.3.1/../../../../arm-none-eabi/lib/thumb/v7e-m/fpv4-sp/hard\libc_nano.a(lib_a-locale.o) (__ascii_wctomb)
c:/program files (x86)/gnu tools arm embedded/6 2017-q2-update/bin/../lib/gcc/arm-none-eabi/6.3.1/../../../../arm-none-eabi/lib/thumb/v7e-m/fpv4-sp/hard\libc_nano.a(lib_a-ctype_.o)
                              c:/program files (x86)/gnu tools arm embedded/6 2017-q2-update/bin/../lib/gcc/arm-none-eabi/6.3.1/../../../../arm-none-eabi/lib/thumb/v7e-m/fpv4-sp/hard\libc_nano.a(lib_a-locale.o) (_ctype_)
c:/program files (x86)/gnu tools arm embedded/6 2017-q2-update/bin/../lib/gcc/arm-none-eabi/6.3.1/../../../../arm-none-eabi/lib/thumb/v7e-m/fpv4-sp/hard\libnosys.a(_exit.o)
                              c:/program files (x86)/gnu tools arm embedded/6 2017-q2-update/bin/../lib/gcc/arm-none-eabi/6.3.1/../../../../arm-none-eabi/lib/thumb/v7e-m/fpv4-sp/hard\libc_nano.a(lib_a-exit.o) (_exit)
c:/program files (x86)/gnu tools arm embedded/6 2017-q2-update/bin/../lib/gcc/arm-none-eabi/6.3.1/thumb/v7e-m/fpv4-sp/hard\libgcc.a(_aeabi_uldivmod.o)
                              _build/nrf52840_xxaa/bsp.c.o (__aeabi_uldivmod)
[...]
Memory Configuration

Name             Origin             Length             Attributes
FLASH            0x00022000         0x000de000         xr
RAM              0x20002708         0x0003d5e8         xrw
*default*        0x00000000         0xffffffff

Linker script and memory map


.text           0x00022000     0x666c
 *(.isr_vector)
 .isr_vector    0x00022000      0x200 _build/nrf52840_xxaa/gcc_startup_nrf52840.S.o
                0x00022000                __isr_vector
 *(.text*)
 .text          0x00022200       0x6c c:/program files (x86)/gnu tools arm embedded/6 2017-q2-update/bin/../lib/gcc/arm-none-eabi/6.3.1/thumb/v7e-m/fpv4-sp/hard/crtbegin.o
 .text          0x0002226c       0x74 c:/program files (x86)/gnu tools arm embedded/6 2017-q2-update/bin/../lib/gcc/arm-none-eabi/6.3.1/../../../../arm-none-eabi/lib/thumb/v7e-m/fpv4-sp/hard/crt0.o
                0x0002226c                _start
                0x0002226c                _mainCRTStartup
 .text.nrf_log_backend_rtt_panic_set
                0x000222e0        0x4 _build/nrf52840_xxaa/nrf_log_backend_rtt.c.o
 .text.nrf_log_backend_rtt_put
                0x000222e4       0x20 _build/nrf52840_xxaa/nrf_log_backend_rtt.c.o
 .text.serial_tx
                0x00022304       0x28 _build/nrf52840_xxaa/nrf_log_backend_rtt.c.o
 .text.nrf_log_backend_rtt_flush
                0x0002232c        0x4 _build/nrf52840_xxaa/nrf_log_backend_rtt.c.o
 .text.nrf_log_backend_rtt_init
                0x00022330        0x4 _build/nrf52840_xxaa/nrf_log_backend_rtt.c.o
                0x00022330                nrf_log_backend_rtt_init
 .text.nrf_log_backend_serial_put
                0x00022334       0xe0 _build/nrf52840_xxaa/nrf_log_backend_serial.c.o
                0x00022334                nrf_log_backend_serial_put
 .text.nrf_log_default_backends_init
                0x00022414       0x1c _build/nrf52840_xxaa/nrf_log_default_backends.c.o
                0x00022414                nrf_log_default_backends_init
 .text.nrf_log_init
                0x00022430       0x54 _build/nrf52840_xxaa/nrf_log_frontend.c.o
                0x00022430                nrf_log_init
 .text.nrf_log_module_name_get
                0x00022484       0x58 _build/nrf52840_xxaa/nrf_log_frontend.c.o
                0x00022484                nrf_log_module_name_get
 .text.nrf_log_color_id_get
                0x000224dc       0x2c _build/nrf52840_xxaa/nrf_log_frontend.c.o
                0x000224dc                nrf_log_color_id_get
 .text.nrf_log_frontend_dequeue
                0x00022508      0x218 _build/nrf52840_xxaa/nrf_log_frontend.c.o
                0x00022508                nrf_log_frontend_dequeue
 .text.nrf_log_frontend_std_0
                0x00022720      0x180 _build/nrf52840_xxaa/nrf_log_frontend.c.o
                0x00022720                nrf_log_frontend_std_0
 .text.nrf_log_frontend_std_1
                0x000228a0      0x194 _build/nrf52840_xxaa/nrf_log_frontend.c.o
                0x000228a0                nrf_log_frontend_std_1
 .text.nrf_log_frontend_std_2
                0x00022a34      0x1a8 _build/nrf52840_xxaa/nrf_log_frontend.c.o
                0x00022a34                nrf_log_frontend_std_2
 .text.nrf_log_backend_add
                0x00022bdc       0x58 _build/nrf52840_xxaa/nrf_log_frontend.c.o
                0x00022bdc                nrf_log_backend_add
 .text.nrf_log_panic
                0x00022c34       0x28 _build/nrf52840_xxaa/nrf_log_frontend.c.o
                0x00022c34                nrf_log_panic
 .text.nrf_log_std_entry_process
                0x00022c5c      0x130 _build/nrf52840_xxaa/nrf_log_str_formatter.c.o
                0x00022c5c                nrf_log_std_entry_process
 .text.nrf_log_hexdump_entry_process
                0x00022d8c      0x140 _build/nrf52840_xxaa/nrf_log_str_formatter.c.o
                0x00022d8c                nrf_log_hexdump_entry_process
 .text.detection_delay_timeout_handler
                0x00022ecc       0xac _build/nrf52840_xxaa/app_button.c.o
 .text.gpiote_event_handler
                0x00022f78       0x5c _build/nrf52840_xxaa/app_button.c.o
 .text.app_button_init
                0x00022fd4       0xb4 _build/nrf52840_xxaa/app_button.c.o
                0x00022fd4                app_button_init
 .text.app_button_enable
                0x00023088       0x2c _build/nrf52840_xxaa/app_button.c.o
                0x00023088                app_button_enable
 .text.app_error_handler_bare
                0x000230b4       0x20 _build/nrf52840_xxaa/app_error.c.o
                0x000230b4                app_error_handler_bare
 .text.app_error_fault_handler
                0x000230d4       0x68 _build/nrf52840_xxaa/app_error_weak.c.o
                0x000230d4                app_error_fault_handler
 .text.RTC1_IRQHandler
                0x0002313c       0xa0 _build/nrf52840_xxaa/app_timer.c.o
                0x0002313c                RTC1_IRQHandler
 .text.SWI0_EGU0_IRQHandler
                0x000231dc      0x654 _build/nrf52840_xxaa/app_timer.c.o
                0x000231dc                SWI0_EGU0_IRQHandler
 .text.app_timer_init
                0x00023830      0x184 _build/nrf52840_xxaa/app_timer.c.o
                0x00023830                app_timer_init
 .text.app_timer_create
                0x000239b4       0x24 _build/nrf52840_xxaa/app_timer.c.o
                0x000239b4                app_timer_create
 .text.app_timer_start
                0x000239d8       0xac _build/nrf52840_xxaa/app_timer.c.o
                0x000239d8                app_timer_start
 .text.app_timer_stop
                0x00023a84       0x78 _build/nrf52840_xxaa/app_timer.c.o
                0x00023a84                app_timer_stop
 .text.app_util_critical_region_enter
                0x00023afc       0x4c _build/nrf52840_xxaa/app_util_platform.c.o
                0x00023afc                app_util_critical_region_enter
 .text.app_util_critical_region_exit
                0x00023b48       0x30 _build/nrf52840_xxaa/app_util_platform.c.o
                0x00023b48                app_util_critical_region_exit
 .text.nrf_balloc_init
                0x00023b78       0x38 _build/nrf52840_xxaa/nrf_balloc.c.o
                0x00023b78                nrf_balloc_init
 .text.nrf_balloc_alloc
                0x00023bb0       0x50 _build/nrf52840_xxaa/nrf_balloc.c.o
                0x00023bb0                nrf_balloc_alloc
 .text.nrf_balloc_free
                0x00023c00       0x38 _build/nrf52840_xxaa/nrf_balloc.c.o
                0x00023c00                nrf_balloc_free
 .text.nrf_fprintf_buffer_flush
                0x00023c38       0x18 _build/nrf52840_xxaa/nrf_fprintf.c.o
                0x00023c38                nrf_fprintf_buffer_flush
 .text.nrf_fprintf
                0x00023c50       0x20 _build/nrf52840_xxaa/nrf_fprintf.c.o
                0x00023c50                nrf_fprintf
 .text.unsigned_print
                0x00023c70      0x120 _build/nrf52840_xxaa/nrf_fprintf_format.c.o
 .text.nrf_fprintf_fmt
                0x00023d90      0x504 _build/nrf52840_xxaa/nrf_fprintf_format.c.o
                0x00023d90                nrf_fprintf_fmt
 .text.nrf_memobj_pool_init
                0x00024294        0x4 _build/nrf52840_xxaa/nrf_memobj.c.o
                0x00024294                nrf_memobj_pool_init
 .text.nrf_memobj_alloc
                0x00024298       0x90 _build/nrf52840_xxaa/nrf_memobj.c.o
                0x00024298                nrf_memobj_alloc
 .text.nrf_memobj_get
                0x00024328       0x20 _build/nrf52840_xxaa/nrf_memobj.c.o
                0x00024328                nrf_memobj_get
 .text.nrf_memobj_put
                0x00024348       0x50 _build/nrf52840_xxaa/nrf_memobj.c.o
                0x00024348                nrf_memobj_put
 .text.nrf_memobj_write
                0x00024398       0x5c _build/nrf52840_xxaa/nrf_memobj.c.o
                0x00024398                nrf_memobj_write
 .text.nrf_memobj_read
                0x000243f4       0x5c _build/nrf52840_xxaa/nrf_memobj.c.o
                0x000243f4                nrf_memobj_read
 .text.nrf_section_iter_init
                0x00024450       0x14 _build/nrf52840_xxaa/nrf_section_iter.c.o
                0x00024450                nrf_section_iter_init
 .text.nrf_section_iter_next
                0x00024464       0x18 _build/nrf52840_xxaa/nrf_section_iter.c.o
                0x00024464                nrf_section_iter_next
 .text.nrf_strerror_get
                0x0002447c       0x6c _build/nrf52840_xxaa/nrf_strerror.c.o
                0x0002447c                nrf_strerror_get
 .text.bsp_board_led_state_get
                0x000244e8       0x28 _build/nrf52840_xxaa/boards.c.o
                0x000244e8                bsp_board_led_state_get
 .text.bsp_board_led_on
                0x00024510       0x28 _build/nrf52840_xxaa/boards.c.o
                0x00024510                bsp_board_led_on
 .text.bsp_board_led_off
                0x00024538       0x28 _build/nrf52840_xxaa/boards.c.o
                0x00024538                bsp_board_led_off
 .text.bsp_board_leds_off
                0x00024560       0x2c _build/nrf52840_xxaa/boards.c.o
                0x00024560                bsp_board_leds_off
 .text.bsp_board_leds_on
                0x0002458c       0x2c _build/nrf52840_xxaa/boards.c.o
                0x0002458c                bsp_board_leds_on
 .text.bsp_board_led_invert
                0x000245b8       0x34 _build/nrf52840_xxaa/boards.c.o
                0x000245b8                bsp_board_led_invert
 .text.bsp_board_leds_init
                0x000245ec       0x3c _build/nrf52840_xxaa/boards.c.o
                0x000245ec                bsp_board_leds_init
 .text.bsp_board_pin_to_button_idx
                0x00024628       0x24 _build/nrf52840_xxaa/boards.c.o
                0x00024628                bsp_board_pin_to_button_idx
 .text.soc_evt_handler
                0x0002464c       0x20 _build/nrf52840_xxaa/nrf_drv_clock.c.o
 .text.sd_state_evt_handler
                0x0002466c       0xc0 _build/nrf52840_xxaa/nrf_drv_clock.c.o
 .text.POWER_CLOCK_IRQHandler
                0x0002472c       0x78 _build/nrf52840_xxaa/nrf_drv_clock.c.o
                0x0002472c                POWER_CLOCK_IRQHandler
 .text.nrf_drv_common_irq_enable
                0x000247a4       0x50 _build/nrf52840_xxaa/nrf_drv_common.c.o
                0x000247a4                nrf_drv_common_irq_enable
 .text.nrf_drv_gpiote_init
                0x000247f4       0x8c _build/nrf52840_xxaa/nrf_drv_gpiote.c.o
                0x000247f4                nrf_drv_gpiote_init
 .text.nrf_drv_gpiote_is_init
                0x00024880       0x14 _build/nrf52840_xxaa/nrf_drv_gpiote.c.o
                0x00024880                nrf_drv_gpiote_is_init
 .text.nrf_drv_gpiote_in_init
                0x00024894      0x1a0 _build/nrf52840_xxaa/nrf_drv_gpiote.c.o
                0x00024894                nrf_drv_gpiote_in_init
 .text.nrf_drv_gpiote_in_event_enable
                0x00024a34       0xf8 _build/nrf52840_xxaa/nrf_drv_gpiote.c.o
                0x00024a34                nrf_drv_gpiote_in_event_enable
 .text.nrf_drv_gpiote_in_is_set
                0x00024b2c       0x20 _build/nrf52840_xxaa/nrf_drv_gpiote.c.o
                0x00024b2c                nrf_drv_gpiote_in_is_set
 .text.GPIOTE_IRQHandler
                0x00024b4c      0x5f4 _build/nrf52840_xxaa/nrf_drv_gpiote.c.o
                0x00024b4c                GPIOTE_IRQHandler
 .text.UARTE0_UART0_IRQHandler
                0x00025140      0x2f4 _build/nrf52840_xxaa/nrf_drv_uart.c.o
                0x00025140                UARTE0_UART0_IRQHandler
 .text.alert_timer_handler
                0x00025434        0x8 _build/nrf52840_xxaa/bsp.c.o
 .text.bsp_button_event_handler
                0x0002543c       0xa4 _build/nrf52840_xxaa/bsp.c.o
 .text.button_timer_handler
                0x000254e0       0x30 _build/nrf52840_xxaa/bsp.c.o
 .text.leds_timer_handler
                0x00025510      0x2e8 _build/nrf52840_xxaa/bsp.c.o
 .text.bsp_indication_set
                0x000257f8      0x32c _build/nrf52840_xxaa/bsp.c.o
                0x000257f8                bsp_indication_set
 .text.bsp_init
                0x00025b24       0xac _build/nrf52840_xxaa/bsp.c.o
                0x00025b24                bsp_init
 .text.sd_app_evt_wait
                0x00025bd0        0x4 _build/nrf52840_xxaa/main.c.o
 .text.sd_ble_gap_adv_start
                0x00025bd4        0x4 _build/nrf52840_xxaa/main.c.o
 .text.startup.main
                0x00025bd8      0x11c _build/nrf52840_xxaa/main.c.o
                0x00025bd8                main
 .text.SEGGER_RTT_WriteNoLock
                0x00025cf4      0x188 _build/nrf52840_xxaa/SEGGER_RTT.c.o
                0x00025cf4                SEGGER_RTT_WriteNoLock
 .text.SEGGER_RTT_Write
                0x00025e7c      0x1f4 _build/nrf52840_xxaa/SEGGER_RTT.c.o
                0x00025e7c                SEGGER_RTT_Write
 .text.SEGGER_RTT_Init
                0x00026070       0x60 _build/nrf52840_xxaa/SEGGER_RTT.c.o
                0x00026070                SEGGER_RTT_Init
 .text._PrintUnsigned
                0x000260d0      0x194 _build/nrf52840_xxaa/SEGGER_RTT_printf.c.o
 .text.SEGGER_RTT_vprintf
                0x00026264      0x464 _build/nrf52840_xxaa/SEGGER_RTT_printf.c.o
                0x00026264                SEGGER_RTT_vprintf
 .text.SEGGER_RTT_printf
                0x000266c8       0x20 _build/nrf52840_xxaa/SEGGER_RTT_printf.c.o
                0x000266c8                SEGGER_RTT_printf
 .text.sd_ble_gap_addr_get
                0x000266e8        0x4 _build/nrf52840_xxaa/ble_advdata.c.o
 .text.sd_ble_gap_adv_data_set
                0x000266ec        0x4 _build/nrf52840_xxaa/ble_advdata.c.o
 .text.sd_ble_gap_appearance_get
                0x000266f0        0x4 _build/nrf52840_xxaa/ble_advdata.c.o
 .text.sd_ble_gap_device_name_get
                0x000266f4        0x4 _build/nrf52840_xxaa/ble_advdata.c.o
 .text.sd_ble_uuid_encode
                0x000266f8        0x4 _build/nrf52840_xxaa/ble_advdata.c.o
 .text.uuid_list_sized_encode
                0x000266fc       0xe0 _build/nrf52840_xxaa/ble_advdata.c.o
 .text.ble_advdata_encode
                0x000267dc      0x3fc _build/nrf52840_xxaa/ble_advdata.c.o
                0x000267dc                ble_advdata_encode
 .text.ble_advdata_set
                0x00026bd8      0x4dc _build/nrf52840_xxaa/ble_advdata.c.o
                0x00026bd8                ble_advdata_set
 .text.ble_evt_handler
                0x000270b4      0x1c4 _build/nrf52840_xxaa/ble_conn_params.c.o
 .text.ble_srv_is_notification_enabled
                0x00027278        0x8 _build/nrf52840_xxaa/ble_srv_common.c.o
                0x00027278                ble_srv_is_notification_enabled
 .text          0x00027280       0x3c _build/nrf52840_xxaa/gcc_startup_nrf52840.S.o
                0x00027280                Reset_Handler
                0x000272a8                NMI_Handler
                0x000272aa                HardFault_Handler
                0x000272ac                MemoryManagement_Handler
                0x000272ae                BusFault_Handler
                0x000272b0                UsageFault_Handler
                0x000272b2                SVC_Handler
                0x000272b4                DebugMon_Handler
                0x000272b6                PendSV_Handler
                0x000272b8                SysTick_Handler
                0x000272ba                TEMP_IRQHandler
                0x000272ba                QDEC_IRQHandler
                0x000272ba                TIMER3_IRQHandler
                0x000272ba                PWM3_IRQHandler
                0x000272ba                FPU_IRQHandler
                0x000272ba                USBD_IRQHandler
                0x000272ba                SPIM0_SPIS0_TWIM0_TWIS0_SPI0_TWI0_IRQHandler
                0x000272ba                PDM_IRQHandler
                0x000272ba                TIMER4_IRQHandler
                0x000272ba                CRYPTOCELL_IRQHandler
                0x000272ba                I2S_IRQHandler
                0x000272ba                SWI4_EGU4_IRQHandler
                0x000272ba                TIMER0_IRQHandler
                0x000272ba                RADIO_IRQHandler
                0x000272ba                RTC0_IRQHandler
                0x000272ba                TIMER1_IRQHandler
                0x000272ba                SPIM3_IRQHandler
                0x000272ba                PWM2_IRQHandler
                0x000272ba                ECB_IRQHandler
                0x000272ba                SPIM1_SPIS1_TWIM1_TWIS1_SPI1_TWI1_IRQHandler
                0x000272ba                Default_Handler
                0x000272ba                SAADC_IRQHandler
                0x000272ba                CCM_AAR_IRQHandler
                0x000272ba                WDT_IRQHandler
                0x000272ba                PWM1_IRQHandler
                0x000272ba                SWI5_EGU5_IRQHandler
                0x000272ba                RNG_IRQHandler
                0x000272ba                RTC2_IRQHandler
                0x000272ba                PWM0_IRQHandler
                0x000272ba                SWI3_EGU3_IRQHandler
                0x000272ba                SWI1_EGU1_IRQHandler
                0x000272ba                SPIM2_SPIS2_SPI2_IRQHandler
                0x000272ba                NFCT_IRQHandler
                0x000272ba                UARTE1_IRQHandler
                0x000272ba                MWU_IRQHandler
                0x000272ba                TIMER2_IRQHandler
                0x000272ba                QSPI_IRQHandler
                0x000272ba                COMP_LPCOMP_IRQHandler
 .text.SystemInit
                0x000272bc      0x1bc _build/nrf52840_xxaa/system_nrf52840.c.o
                0x000272bc                SystemInit
 .text.sd_softdevice_enable
                0x00027478        0x4 _build/nrf52840_xxaa/nrf_sdh.c.o
 .text.nrf_sdh_enable_request
                0x0002747c       0xf8 _build/nrf52840_xxaa/nrf_sdh.c.o
                0x0002747c                nrf_sdh_enable_request
 .text.nrf_sdh_is_enabled
                0x00027574        0xc _build/nrf52840_xxaa/nrf_sdh.c.o
                0x00027574                nrf_sdh_is_enabled
 .text.SWI2_EGU2_IRQHandler
                0x00027580       0x2c _build/nrf52840_xxaa/nrf_sdh.c.o
                0x00027580                SWI2_EGU2_IRQHandler
 .text.sd_ble_enable
                0x000275ac        0x4 _build/nrf52840_xxaa/nrf_sdh_ble.c.o
 .text.sd_ble_cfg_set
                0x000275b0        0x4 _build/nrf52840_xxaa/nrf_sdh_ble.c.o
 .text.sd_ble_evt_get
                0x000275b4        0x4 _build/nrf52840_xxaa/nrf_sdh_ble.c.o
 .text.nrf_sdh_ble_evts_poll
                0x000275b8       0x50 _build/nrf52840_xxaa/nrf_sdh_ble.c.o
 .text.nrf_sdh_ble_default_cfg_set
                0x00027608      0x1a8 _build/nrf52840_xxaa/nrf_sdh_ble.c.o
                0x00027608                nrf_sdh_ble_default_cfg_set
 .text.nrf_sdh_ble_enable
                0x000277b0       0x74 _build/nrf52840_xxaa/nrf_sdh_ble.c.o
                0x000277b0                nrf_sdh_ble_enable
 .text.sd_evt_get
                0x00027824        0x4 _build/nrf52840_xxaa/nrf_sdh_soc.c.o
 .text.nrf_sdh_soc_evts_poll
                0x00027828       0x4c _build/nrf52840_xxaa/nrf_sdh_soc.c.o
 .text.exit     0x00027874       0x28 c:/program files (x86)/gnu tools arm embedded/6 2017-q2-update/bin/../lib/gcc/arm-none-eabi/6.3.1/../../../../arm-none-eabi/lib/thumb/v7e-m/fpv4-sp/hard\libc_nano.a(lib_a-exit.o)
                0x00027874                exit
 .text.__libc_init_array
                0x0002789c       0x48 c:/program files (x86)/gnu tools arm embedded/6 2017-q2-update/bin/../lib/gcc/arm-none-eabi/6.3.1/../../../../arm-none-eabi/lib/thumb/v7e-m/fpv4-sp/hard\libc_nano.a(lib_a-init.o)
                0x0002789c                __libc_init_array
 .text.__locale_ctype_ptr
                0x000278e4       0x1c c:/program files (x86)/gnu tools arm embedded/6 2017-q2-update/bin/../lib/gcc/arm-none-eabi/6.3.1/../../../../arm-none-eabi/lib/thumb/v7e-m/fpv4-sp/hard\libc_nano.a(lib_a-locale.o)
                0x000278e4                __locale_ctype_ptr
 .text.__ascii_mbtowc
                0x00027900       0x24 c:/program files (x86)/gnu tools arm embedded/6 2017-q2-update/bin/../lib/gcc/arm-none-eabi/6.3.1/../../../../arm-none-eabi/lib/thumb/v7e-m/fpv4-sp/hard\libc_nano.a(lib_a-mbtowc_r.o)
                0x00027900                __ascii_mbtowc
 .text.memcpy   0x00027924       0x16 c:/program files (x86)/gnu tools arm embedded/6 2017-q2-update/bin/../lib/gcc/arm-none-eabi/6.3.1/../../../../arm-none-eabi/lib/thumb/v7e-m/fpv4-sp/hard\libc_nano.a(lib_a-memcpy-stub.o)
                0x00027924                memcpy
 .text.memset   0x0002793a       0x10 c:/program files (x86)/gnu tools arm embedded/6 2017-q2-update/bin/../lib/gcc/arm-none-eabi/6.3.1/../../../../arm-none-eabi/lib/thumb/v7e-m/fpv4-sp/hard\libc_nano.a(lib_a-memset.o)
                0x0002793a                memset
 .text.strcpy   0x0002794a       0x10 c:/program files (x86)/gnu tools arm embedded/6 2017-q2-update/bin/../lib/gcc/arm-none-eabi/6.3.1/../../../../arm-none-eabi/lib/thumb/v7e-m/fpv4-sp/hard\libc_nano.a(lib_a-strcpy.o)
                0x0002794a                strcpy
 .text          0x0002795a       0x10 c:/program files (x86)/gnu tools arm embedded/6 2017-q2-update/bin/../lib/gcc/arm-none-eabi/6.3.1/../../../../arm-none-eabi/lib/thumb/v7e-m/fpv4-sp/hard\libc_nano.a(lib_a-strlen.o)
                0x0002795a                strlen
 .text.__ascii_wctomb
                0x0002796a       0x1a c:/program files (x86)/gnu tools arm embedded/6 2017-q2-update/bin/../lib/gcc/arm-none-eabi/6.3.1/../../../../arm-none-eabi/lib/thumb/v7e-m/fpv4-sp/hard\libc_nano.a(lib_a-wctomb_r.o)
                0x0002796a                __ascii_wctomb
 .text._exit    0x00027984        0x4 c:/program files (x86)/gnu tools arm embedded/6 2017-q2-update/bin/../lib/gcc/arm-none-eabi/6.3.1/../../../../arm-none-eabi/lib/thumb/v7e-m/fpv4-sp/hard\libnosys.a(_exit.o)
                0x00027984                _exit
 .text          0x00027988       0x30 c:/program files (x86)/gnu tools arm embedded/6 2017-q2-update/bin/../lib/gcc/arm-none-eabi/6.3.1/thumb/v7e-m/fpv4-sp/hard\libgcc.a(_aeabi_uldivmod.o)
                0x00027988                __aeabi_uldivmod
 .text          0x000279b8      0x2dc c:/program files (x86)/gnu tools arm embedded/6 2017-q2-update/bin/../lib/gcc/arm-none-eabi/6.3.1/thumb/v7e-m/fpv4-sp/hard\libgcc.a(_udivmoddi4.o)
                0x000279b8                __udivmoddi4
 .text          0x00027c94        0x4 c:/program files (x86)/gnu tools arm embedded/6 2017-q2-update/bin/../lib/gcc/arm-none-eabi/6.3.1/thumb/v7e-m/fpv4-sp/hard\libgcc.a(_dvmd_tls.o)
                0x00027c94                __aeabi_idiv0
                0x00027c94                __aeabi_ldiv0
 *(.init)
 .init          0x00027c98        0x4 c:/program files (x86)/gnu tools arm embedded/6 2017-q2-update/bin/../lib/gcc/arm-none-eabi/6.3.1/thumb/v7e-m/fpv4-sp/hard/crti.o
                0x00027c98                _init
 .init          0x00027c9c        0x8 c:/program files (x86)/gnu tools arm embedded/6 2017-q2-update/bin/../lib/gcc/arm-none-eabi/6.3.1/thumb/v7e-m/fpv4-sp/hard/crtn.o
 *(.fini)
 .fini          0x00027ca4        0x4 c:/program files (x86)/gnu tools arm embedded/6 2017-q2-update/bin/../lib/gcc/arm-none-eabi/6.3.1/thumb/v7e-m/fpv4-sp/hard/crti.o
                0x00027ca4                _fini
 .fini          0x00027ca8        0x8 c:/program files (x86)/gnu tools arm embedded/6 2017-q2-update/bin/../lib/gcc/arm-none-eabi/6.3.1/thumb/v7e-m/fpv4-sp/hard/crtn.o
 *crtbegin.o(.ctors)
 *crtbegin?.o(.ctors)
 *(EXCLUDE_FILE(*crtend.o *crtend?.o) .ctors)
 *(SORT(.ctors.*))
 *(.ctors)
 *crtbegin.o(.dtors)
 *crtbegin?.o(.dtors)
 *(EXCLUDE_FILE(*crtend.o *crtend?.o) .dtors)
 *(SORT(.dtors.*))
 *(.dtors)
 *(.rodata*)
 .rodata.nrf_log_backend_rtt_api
                0x00027cb0        0xc _build/nrf52840_xxaa/nrf_log_backend_rtt.c.o
                0x00027cb0                nrf_log_backend_rtt_api
 .rodata.mempool
                0x00027cbc       0x14 _build/nrf52840_xxaa/nrf_log_frontend.c.o
 .rodata.str1.4
                0x00027cd0        0x4 _build/nrf52840_xxaa/nrf_log_frontend.c.o
 .rodata.m_colors
                0x00027cd4       0x24 _build/nrf52840_xxaa/nrf_log_str_formatter.c.o
 .rodata.nrf_log_hexdump_entry_process.str1.4
                0x00027cf8       0x13 _build/nrf52840_xxaa/nrf_log_str_formatter.c.o
                                 0x16 (size before relaxing)
 *fill*         0x00027d0b        0x1 
 .rodata.nrf_log_std_entry_process.str1.4
                0x00027d0c       0x1b _build/nrf52840_xxaa/nrf_log_str_formatter.c.o
 *fill*         0x00027d27        0x1 
 .rodata.severity_names
                0x00027d28       0x14 _build/nrf52840_xxaa/nrf_log_str_formatter.c.o
 .rodata.str1.4
                0x00027d3c       0x5e _build/nrf52840_xxaa/nrf_log_str_formatter.c.o
 *fill*         0x00027d9a        0x2 
 .rodata.m_detection_delay_timer_id
                0x00027d9c        0x4 _build/nrf52840_xxaa/app_button.c.o
 .rodata.app_error_fault_handler.str1.4
                0x00027da0       0x19 _build/nrf52840_xxaa/app_error_weak.c.o
 *fill*         0x00027db9        0x3 
 .rodata.str1.4
                0x00027dbc        0x7 _build/nrf52840_xxaa/nrf_balloc.c.o
 *fill*         0x00027dc3        0x1 
 .rodata._aV2C.8043
                0x00027dc4       0x10 _build/nrf52840_xxaa/nrf_fprintf_format.c.o
 .rodata.str1.4
                0x00027dd4        0x9 _build/nrf52840_xxaa/nrf_pwr_mgmt.c.o
 *fill*         0x00027ddd        0x3 
 .rodata.m_unknown_str
                0x00027de0       0x13 _build/nrf52840_xxaa/nrf_strerror.c.o
 *fill*         0x00027df3        0x1 
 .rodata.nrf_strerror_array
                0x00027df4       0xf0 _build/nrf52840_xxaa/nrf_strerror.c.o
 .rodata.str1.4
                0x00027ee4      0x308 _build/nrf52840_xxaa/nrf_strerror.c.o
 .rodata.m_board_led_list
                0x000281ec        0x4 _build/nrf52840_xxaa/boards.c.o
 .rodata.str1.4
                0x000281f0        0x6 _build/nrf52840_xxaa/nrf_drv_clock.c.o
 *fill*         0x000281f6        0x2 
 .rodata.str1.4
                0x000281f8        0x7 _build/nrf52840_xxaa/nrf_drv_gpiote.c.o
 *fill*         0x000281ff        0x1 
 .rodata.str1.4
                0x00028200        0x5 _build/nrf52840_xxaa/nrf_drv_uart.c.o
 *fill*         0x00028205        0x3 
 .rodata.app_buttons
                0x00028208       0x20 _build/nrf52840_xxaa/bsp.c.o
 .rodata.m_alert_timer_id
                0x00028228        0x4 _build/nrf52840_xxaa/bsp.c.o
 .rodata.m_button_timer_id
                0x0002822c        0x4 _build/nrf52840_xxaa/bsp.c.o
 .rodata.m_leds_timer_id
                0x00028230        0x4 _build/nrf52840_xxaa/bsp.c.o
 .rodata.main.str1.4
                0x00028234       0x49 _build/nrf52840_xxaa/main.c.o
 *fill*         0x0002827d        0x3 
 .rodata.SEGGER_RTT_ReadNoLock.str1.4
                0x00028280       0x17 _build/nrf52840_xxaa/SEGGER_RTT.c.o
 *fill*         0x00028297        0x1 
 .rodata._aV2C.8648
                0x00028298       0x10 _build/nrf52840_xxaa/SEGGER_RTT_printf.c.o
 .rodata.str1.4
                0x000282a8        0x9 _build/nrf52840_xxaa/nrf_ble_gatt.c.o
 *fill*         0x000282b1        0x3 
 .rodata        0x000282b4        0x4 _build/nrf52840_xxaa/nrf_sdh.c.o
 .rodata.sdh_req_observers
                0x000282b8        0xc _build/nrf52840_xxaa/nrf_sdh.c.o
 .rodata.sdh_stack_observers
                0x000282c4        0xc _build/nrf52840_xxaa/nrf_sdh.c.o
 .rodata.sdh_state_observers
                0x000282d0        0xc _build/nrf52840_xxaa/nrf_sdh.c.o
 .rodata.str1.4
                0x000282dc        0x8 _build/nrf52840_xxaa/nrf_sdh.c.o
 .rodata.nrf_sdh_ble_default_cfg_set.str1.4
                0x000282e4      0x1cf _build/nrf52840_xxaa/nrf_sdh_ble.c.o
 *fill*         0x000284b3        0x1 
 .rodata.nrf_sdh_ble_enable.str1.4
                0x000284b4       0x71 _build/nrf52840_xxaa/nrf_sdh_ble.c.o
 *fill*         0x00028525        0x3 
 .rodata.sdh_ble_observers
                0x00028528        0xc _build/nrf52840_xxaa/nrf_sdh_ble.c.o
 .rodata.str1.4
                0x00028534        0xc _build/nrf52840_xxaa/nrf_sdh_ble.c.o
 .rodata.sdh_soc_observers
                0x00028540        0xc _build/nrf52840_xxaa/nrf_sdh_soc.c.o
 .rodata.str1.4
                0x0002854c        0xc _build/nrf52840_xxaa/nrf_sdh_soc.c.o
 .rodata._global_impure_ptr
                0x00028558        0x4 c:/program files (x86)/gnu tools arm embedded/6 2017-q2-update/bin/../lib/gcc/arm-none-eabi/6.3.1/../../../../arm-none-eabi/lib/thumb/v7e-m/fpv4-sp/hard\libc_nano.a(lib_a-impure.o)
                0x00028558                _global_impure_ptr
 .rodata._setlocale_r.str1.1
                0x0002855c        0x8 c:/program files (x86)/gnu tools arm embedded/6 2017-q2-update/bin/../lib/gcc/arm-none-eabi/6.3.1/../../../../arm-none-eabi/lib/thumb/v7e-m/fpv4-sp/hard\libc_nano.a(lib_a-locale.o)
                                  0x9 (size before relaxing)
 .rodata.str1.1
                0x00028564        0x2 c:/program files (x86)/gnu tools arm embedded/6 2017-q2-update/bin/../lib/gcc/arm-none-eabi/6.3.1/../../../../arm-none-eabi/lib/thumb/v7e-m/fpv4-sp/hard\libc_nano.a(lib_a-locale.o)
 .rodata._ctype_
                0x00028566      0x101 c:/program files (x86)/gnu tools arm embedded/6 2017-q2-update/bin/../lib/gcc/arm-none-eabi/6.3.1/../../../../arm-none-eabi/lib/thumb/v7e-m/fpv4-sp/hard\libc_nano.a(lib_a-ctype_.o)
                0x00028566                _ctype_
 *(.eh_frame*)
 *fill*         0x00028667        0x1 
 .eh_frame      0x00028668        0x0 c:/program files (x86)/gnu tools arm embedded/6 2017-q2-update/bin/../lib/gcc/arm-none-eabi/6.3.1/thumb/v7e-m/fpv4-sp/hard/crtbegin.o
 .eh_frame      0x00028668        0x4 c:/program files (x86)/gnu tools arm embedded/6 2017-q2-update/bin/../lib/gcc/arm-none-eabi/6.3.1/thumb/v7e-m/fpv4-sp/hard/crtend.o

.glue_7         0x0002866c        0x0
 .glue_7        0x0002866c        0x0 linker stubs

.glue_7t        0x0002866c        0x0
 .glue_7t       0x0002866c        0x0 linker stubs

.vfp11_veneer   0x0002866c        0x0
 .vfp11_veneer  0x0002866c        0x0 linker stubs

.v4_bx          0x0002866c        0x0
 .v4_bx         0x0002866c        0x0 linker stubs

.iplt           0x0002866c        0x0
 .iplt          0x0002866c        0x0 c:/program files (x86)/gnu tools arm embedded/6 2017-q2-update/bin/../lib/gcc/arm-none-eabi/6.3.1/thumb/v7e-m/fpv4-sp/hard/crtbegin.o

.mem_section_dummy_rom

.sdh_soc_observers
                0x0002866c        0x8
                0x0002866c                PROVIDE (__start_sdh_soc_observers, .)
 *(SORT(.sdh_soc_observers*))
 .sdh_soc_observers0
                0x0002866c        0x8 _build/nrf52840_xxaa/nrf_drv_clock.c.o
                0x00028674                PROVIDE (__stop_sdh_soc_observers, .)

.sdh_ble_observers
                0x00028674        0x8
                0x00028674                PROVIDE (__start_sdh_ble_observers, .)
 *(SORT(.sdh_ble_observers*))
 .sdh_ble_observers1
                0x00028674        0x8 _build/nrf52840_xxaa/ble_conn_params.c.o
                0x0002867c                PROVIDE (__stop_sdh_ble_observers, .)

.pwr_mgmt_data  0x0002867c        0x0
                0x0002867c                PROVIDE (__start_pwr_mgmt_data, .)
 *(SORT(.pwr_mgmt_data*))
                0x0002867c                PROVIDE (__stop_pwr_mgmt_data, .)

.log_const_data
                0x0002867c       0x50
                0x0002867c                PROVIDE (__start_log_const_data, .)
 *(SORT(.log_const_data*))
 .log_const_data_app
                0x0002867c        0x8 _build/nrf52840_xxaa/nrf_log_frontend.c.o
                0x0002867c                m_nrf_log_app_logs_data_const
 .log_const_data_balloc
                0x00028684        0x8 _build/nrf52840_xxaa/nrf_balloc.c.o
                0x00028684                m_nrf_log_balloc_logs_data_const
 .log_const_data_ble_gatt
                0x0002868c        0x8 _build/nrf52840_xxaa/nrf_ble_gatt.c.o
                0x0002868c                m_nrf_log_ble_gatt_logs_data_const
 .log_const_data_clock
                0x00028694        0x8 _build/nrf52840_xxaa/nrf_drv_clock.c.o
                0x00028694                m_nrf_log_clock_logs_data_const
 .log_const_data_gpiote
                0x0002869c        0x8 _build/nrf52840_xxaa/nrf_drv_gpiote.c.o
                0x0002869c                m_nrf_log_gpiote_logs_data_const
 .log_const_data_nrf_sdh
                0x000286a4        0x8 _build/nrf52840_xxaa/nrf_sdh.c.o
                0x000286a4                m_nrf_log_nrf_sdh_logs_data_const
 .log_const_data_nrf_sdh_ble
                0x000286ac        0x8 _build/nrf52840_xxaa/nrf_sdh_ble.c.o
                0x000286ac                m_nrf_log_nrf_sdh_ble_logs_data_const
 .log_const_data_nrf_sdh_soc
                0x000286b4        0x8 _build/nrf52840_xxaa/nrf_sdh_soc.c.o
                0x000286b4                m_nrf_log_nrf_sdh_soc_logs_data_const
 .log_const_data_pwr_mgmt
                0x000286bc        0x8 _build/nrf52840_xxaa/nrf_pwr_mgmt.c.o
                0x000286bc                m_nrf_log_pwr_mgmt_logs_data_const
 .log_const_data_uart
                0x000286c4        0x8 _build/nrf52840_xxaa/nrf_drv_uart.c.o
                0x000286c4                m_nrf_log_uart_logs_data_const
                0x000286cc                PROVIDE (__stop_log_const_data, .)

.sdh_req_observers
                0x000286cc        0x0
                0x000286cc                PROVIDE (__start_sdh_req_observers, .)
 *(SORT(.sdh_req_observers*))
                0x000286cc                PROVIDE (__stop_sdh_req_observers, .)

.sdh_state_observers
                0x000286cc        0x8
                0x000286cc                PROVIDE (__start_sdh_state_observers, .)
 *(SORT(.sdh_state_observers*))
 .sdh_state_observers0
                0x000286cc        0x8 _build/nrf52840_xxaa/nrf_drv_clock.c.o
                0x000286d4                PROVIDE (__stop_sdh_state_observers, .)

.sdh_stack_observers
                0x000286d4       0x10
                0x000286d4                PROVIDE (__start_sdh_stack_observers, .)
 *(SORT(.sdh_stack_observers*))
 .sdh_stack_observers0
                0x000286d4        0x8 _build/nrf52840_xxaa/nrf_sdh_ble.c.o
 .sdh_stack_observers0
                0x000286dc        0x8 _build/nrf52840_xxaa/nrf_sdh_soc.c.o
                0x000286e4                PROVIDE (__stop_sdh_stack_observers, .)

.cli_command    0x000286e4        0x0
                [!provide]                PROVIDE (__start_cli_command, .)
 *(.cli_command)
                [!provide]                PROVIDE (__stop_cli_command, .)

.ARM.extab
 *(.ARM.extab* .gnu.linkonce.armextab.*)
                0x000286e4                __exidx_start = .

.ARM.exidx      0x000286e4        0x8
 *(.ARM.exidx* .gnu.linkonce.armexidx.*)
 .ARM.exidx     0x000286e4        0x8 c:/program files (x86)/gnu tools arm embedded/6 2017-q2-update/bin/../lib/gcc/arm-none-eabi/6.3.1/../../../../arm-none-eabi/lib/thumb/v7e-m/fpv4-sp/hard/crt0.o
 .ARM.exidx     0x000286ec        0x0 c:/program files (x86)/gnu tools arm embedded/6 2017-q2-update/bin/../lib/gcc/arm-none-eabi/6.3.1/thumb/v7e-m/fpv4-sp/hard\libgcc.a(_udivmoddi4.o)
                                  0x8 (size before relaxing)
                0x000286ec                __exidx_end = .
                0x000286ec                __etext = .

.rel.dyn        0x000286ec        0x0
 .rel.iplt      0x000286ec        0x0 c:/program files (x86)/gnu tools arm embedded/6 2017-q2-update/bin/../lib/gcc/arm-none-eabi/6.3.1/thumb/v7e-m/fpv4-sp/hard/crtbegin.o

.data           0x20002708      0x204 load address 0x000286ec
                0x20002708                __data_start__ = .
 *(vtable)
 *(.data*)
 .data.rtt_log_backend
                0x20002708        0xc _build/nrf52840_xxaa/nrf_log_default_backends.c.o
 .data.m_beacon_info
                0x20002714       0x17 _build/nrf52840_xxaa/main.c.o
 *fill*         0x2000272b        0x1 
 .data.SystemCoreClock
                0x2000272c        0x4 _build/nrf52840_xxaa/system_nrf52840.c.o
                0x2000272c                SystemCoreClock
 .data._impure_ptr
                0x20002730        0x4 c:/program files (x86)/gnu tools arm embedded/6 2017-q2-update/bin/../lib/gcc/arm-none-eabi/6.3.1/../../../../arm-none-eabi/lib/thumb/v7e-m/fpv4-sp/hard\libc_nano.a(lib_a-impure.o)
                0x20002730                _impure_ptr
 .data.impure_data
                0x20002734       0x60 c:/program files (x86)/gnu tools arm embedded/6 2017-q2-update/bin/../lib/gcc/arm-none-eabi/6.3.1/../../../../arm-none-eabi/lib/thumb/v7e-m/fpv4-sp/hard\libc_nano.a(lib_a-impure.o)
 .data.__global_locale
                0x20002794      0x16c c:/program files (x86)/gnu tools arm embedded/6 2017-q2-update/bin/../lib/gcc/arm-none-eabi/6.3.1/../../../../arm-none-eabi/lib/thumb/v7e-m/fpv4-sp/hard\libc_nano.a(lib_a-locale.o)
                0x20002794                __global_locale
                0x20002900                . = ALIGN (0x4)
                0x20002900                PROVIDE (__preinit_array_start, .)
 *(.preinit_array)
                0x20002900                PROVIDE (__preinit_array_end, .)
                0x20002900                . = ALIGN (0x4)
                0x20002900                PROVIDE (__init_array_start, .)
 *(SORT(.init_array.*))
 *(.init_array)
 .init_array    0x20002900        0x4 c:/program files (x86)/gnu tools arm embedded/6 2017-q2-update/bin/../lib/gcc/arm-none-eabi/6.3.1/thumb/v7e-m/fpv4-sp/hard/crtbegin.o
                0x20002904                PROVIDE (__init_array_end, .)
                0x20002904                . = ALIGN (0x4)
                [!provide]                PROVIDE (__fini_array_start, .)
 *(SORT(.fini_array.*))
 *(.fini_array)
 .fini_array    0x20002904        0x4 c:/program files (x86)/gnu tools arm embedded/6 2017-q2-update/bin/../lib/gcc/arm-none-eabi/6.3.1/thumb/v7e-m/fpv4-sp/hard/crtbegin.o
                [!provide]                PROVIDE (__fini_array_end, .)
 *(.jcr*)
 .jcr           0x20002908        0x0 c:/program files (x86)/gnu tools arm embedded/6 2017-q2-update/bin/../lib/gcc/arm-none-eabi/6.3.1/thumb/v7e-m/fpv4-sp/hard/crtbegin.o
 .jcr           0x20002908        0x4 c:/program files (x86)/gnu tools arm embedded/6 2017-q2-update/bin/../lib/gcc/arm-none-eabi/6.3.1/thumb/v7e-m/fpv4-sp/hard/crtend.o
                0x2000290c                . = ALIGN (0x4)
                0x2000290c                __data_end__ = .
LOAD c:/program files (x86)/gnu tools arm embedded/6 2017-q2-update/bin/../lib/gcc/arm-none-eabi/6.3.1/thumb/v7e-m/fpv4-sp/hard/crti.o
LOAD c:/program files (x86)/gnu tools arm embedded/6 2017-q2-update/bin/../lib/gcc/arm-none-eabi/6.3.1/thumb/v7e-m/fpv4-sp/hard/crtbegin.o
LOAD c:/program files (x86)/gnu tools arm embedded/6 2017-q2-update/bin/../lib/gcc/arm-none-eabi/6.3.1/../../../../arm-none-eabi/lib/thumb/v7e-m/fpv4-sp/hard/crt0.o
LOAD _build/nrf52840_xxaa/nrf_log_backend_rtt.c.o
LOAD _build/nrf52840_xxaa/nrf_log_backend_serial.c.o
LOAD _build/nrf52840_xxaa/nrf_log_backend_uart.c.o
LOAD _build/nrf52840_xxaa/nrf_log_default_backends.c.o
LOAD _build/nrf52840_xxaa/nrf_log_frontend.c.o
LOAD _build/nrf52840_xxaa/nrf_log_str_formatter.c.o
LOAD _build/nrf52840_xxaa/app_button.c.o
LOAD _build/nrf52840_xxaa/app_error.c.o
LOAD _build/nrf52840_xxaa/app_error_weak.c.o
LOAD _build/nrf52840_xxaa/app_scheduler.c.o
LOAD _build/nrf52840_xxaa/app_timer.c.o
LOAD _build/nrf52840_xxaa/app_util_platform.c.o
LOAD _build/nrf52840_xxaa/hardfault_implementation.c.o
LOAD _build/nrf52840_xxaa/nrf_assert.c.o
LOAD _build/nrf52840_xxaa/nrf_atfifo.c.o
LOAD _build/nrf52840_xxaa/nrf_balloc.c.o
LOAD _build/nrf52840_xxaa/nrf_fprintf.c.o
LOAD _build/nrf52840_xxaa/nrf_fprintf_format.c.o
LOAD _build/nrf52840_xxaa/nrf_memobj.c.o
LOAD _build/nrf52840_xxaa/nrf_pwr_mgmt.c.o
LOAD _build/nrf52840_xxaa/nrf_section_iter.c.o
LOAD _build/nrf52840_xxaa/nrf_strerror.c.o
LOAD _build/nrf52840_xxaa/boards.c.o
LOAD _build/nrf52840_xxaa/nrf_drv_clock.c.o
LOAD _build/nrf52840_xxaa/nrf_drv_common.c.o
LOAD _build/nrf52840_xxaa/nrf_drv_gpiote.c.o
LOAD _build/nrf52840_xxaa/nrf_drv_uart.c.o
LOAD _build/nrf52840_xxaa/bsp.c.o
LOAD _build/nrf52840_xxaa/bsp_nfc.c.o
LOAD _build/nrf52840_xxaa/main.c.o
LOAD _build/nrf52840_xxaa/SEGGER_RTT.c.o
LOAD _build/nrf52840_xxaa/SEGGER_RTT_Syscalls_GCC.c.o
LOAD _build/nrf52840_xxaa/SEGGER_RTT_printf.c.o
LOAD _build/nrf52840_xxaa/ble_advdata.c.o
LOAD _build/nrf52840_xxaa/ble_advertising.c.o
LOAD _build/nrf52840_xxaa/ble_conn_params.c.o
LOAD _build/nrf52840_xxaa/ble_srv_common.c.o
LOAD _build/nrf52840_xxaa/nrf_ble_gatt.c.o
LOAD _build/nrf52840_xxaa/gcc_startup_nrf52840.S.o
LOAD _build/nrf52840_xxaa/system_nrf52840.c.o
LOAD _build/nrf52840_xxaa/nrf_sdh.c.o
LOAD _build/nrf52840_xxaa/nrf_sdh_ble.c.o
LOAD _build/nrf52840_xxaa/nrf_sdh_soc.c.o
LOAD c:/program files (x86)/gnu tools arm embedded/6 2017-q2-update/bin/../lib/gcc/arm-none-eabi/6.3.1/../../../../arm-none-eabi/lib/thumb/v7e-m/fpv4-sp/hard\libc_nano.a
LOAD c:/program files (x86)/gnu tools arm embedded/6 2017-q2-update/bin/../lib/gcc/arm-none-eabi/6.3.1/../../../../arm-none-eabi/lib/thumb/v7e-m/fpv4-sp/hard\libnosys.a
LOAD c:/program files (x86)/gnu tools arm embedded/6 2017-q2-update/bin/../lib/gcc/arm-none-eabi/6.3.1/../../../../arm-none-eabi/lib/thumb/v7e-m/fpv4-sp/hard\libm.a
START GROUP
LOAD c:/program files (x86)/gnu tools arm embedded/6 2017-q2-update/bin/../lib/gcc/arm-none-eabi/6.3.1/thumb/v7e-m/fpv4-sp/hard\libgcc.a
LOAD c:/program files (x86)/gnu tools arm embedded/6 2017-q2-update/bin/../lib/gcc/arm-none-eabi/6.3.1/../../../../arm-none-eabi/lib/thumb/v7e-m/fpv4-sp/hard\libg_nano.a
LOAD c:/program files (x86)/gnu tools arm embedded/6 2017-q2-update/bin/../lib/gcc/arm-none-eabi/6.3.1/../../../../arm-none-eabi/lib/thumb/v7e-m/fpv4-sp/hard\libc_nano.a
END GROUP
START GROUP
LOAD c:/program files (x86)/gnu tools arm embedded/6 2017-q2-update/bin/../lib/gcc/arm-none-eabi/6.3.1/thumb/v7e-m/fpv4-sp/hard\libgcc.a
LOAD c:/program files (x86)/gnu tools arm embedded/6 2017-q2-update/bin/../lib/gcc/arm-none-eabi/6.3.1/../../../../arm-none-eabi/lib/thumb/v7e-m/fpv4-sp/hard\libc_nano.a
END GROUP
LOAD c:/program files (x86)/gnu tools arm embedded/6 2017-q2-update/bin/../lib/gcc/arm-none-eabi/6.3.1/thumb/v7e-m/fpv4-sp/hard/crtend.o
LOAD c:/program files (x86)/gnu tools arm embedded/6 2017-q2-update/bin/../lib/gcc/arm-none-eabi/6.3.1/thumb/v7e-m/fpv4-sp/hard/crtn.o
START GROUP
LOAD c:/program files (x86)/gnu tools arm embedded/6 2017-q2-update/bin/../lib/gcc/arm-none-eabi/6.3.1/thumb/v7e-m/fpv4-sp/hard\libgcc.a
LOAD c:/program files (x86)/gnu tools arm embedded/6 2017-q2-update/bin/../lib/gcc/arm-none-eabi/6.3.1/../../../../arm-none-eabi/lib/thumb/v7e-m/fpv4-sp/hard\libc.a
LOAD c:/program files (x86)/gnu tools arm embedded/6 2017-q2-update/bin/../lib/gcc/arm-none-eabi/6.3.1/../../../../arm-none-eabi/lib/thumb/v7e-m/fpv4-sp/hard\libnosys.a
END GROUP

.igot.plt       0x2000290c        0x0 load address 0x000288f0
 .igot.plt      0x2000290c        0x0 c:/program files (x86)/gnu tools arm embedded/6 2017-q2-update/bin/../lib/gcc/arm-none-eabi/6.3.1/thumb/v7e-m/fpv4-sp/hard/crtbegin.o
                0x2000290c                . = ALIGN (0x4)

.mem_section_dummy_ram

.log_dynamic_data
                0x2000290c       0x78 load address 0x000288f0
                0x2000290c                PROVIDE (__start_log_dynamic_data, .)
 *(SORT(.log_dynamic_data*))
 .log_dynamic_data_app
                0x2000290c        0xc _build/nrf52840_xxaa/nrf_log_frontend.c.o
                0x2000290c                m_nrf_log_app_logs_data_dynamic
 .log_dynamic_data_balloc
                0x20002918        0xc _build/nrf52840_xxaa/nrf_balloc.c.o
                0x20002918                m_nrf_log_balloc_logs_data_dynamic
 .log_dynamic_data_ble_gatt
                0x20002924        0xc _build/nrf52840_xxaa/nrf_ble_gatt.c.o
                0x20002924                m_nrf_log_ble_gatt_logs_data_dynamic
 .log_dynamic_data_clock
                0x20002930        0xc _build/nrf52840_xxaa/nrf_drv_clock.c.o
                0x20002930                m_nrf_log_clock_logs_data_dynamic
 .log_dynamic_data_gpiote
                0x2000293c        0xc _build/nrf52840_xxaa/nrf_drv_gpiote.c.o
                0x2000293c                m_nrf_log_gpiote_logs_data_dynamic
 .log_dynamic_data_nrf_sdh
                0x20002948        0xc _build/nrf52840_xxaa/nrf_sdh.c.o
                0x20002948                m_nrf_log_nrf_sdh_logs_data_dynamic
 .log_dynamic_data_nrf_sdh_ble
                0x20002954        0xc _build/nrf52840_xxaa/nrf_sdh_ble.c.o
                0x20002954                m_nrf_log_nrf_sdh_ble_logs_data_dynamic
 .log_dynamic_data_nrf_sdh_soc
                0x20002960        0xc _build/nrf52840_xxaa/nrf_sdh_soc.c.o
                0x20002960                m_nrf_log_nrf_sdh_soc_logs_data_dynamic
 .log_dynamic_data_pwr_mgmt
                0x2000296c        0xc _build/nrf52840_xxaa/nrf_pwr_mgmt.c.o
                0x2000296c                m_nrf_log_pwr_mgmt_logs_data_dynamic
 .log_dynamic_data_uart
                0x20002978        0xc _build/nrf52840_xxaa/nrf_drv_uart.c.o
                0x20002978                m_nrf_log_uart_logs_data_dynamic
                [!provide]                PROVIDE (__stop_log_dynamic_data, .)

.fs_data        0x20002984        0x0
                [!provide]                PROVIDE (__start_fs_data, .)
 *(.fs_data)
                [!provide]                PROVIDE (__stop_fs_data, .)

.cli_sorted_cmd_ptrs
                0x20002984        0x0
                [!provide]                PROVIDE (__start_cli_sorted_cmd_ptrs, .)
 *(.cli_sorted_cmd_ptrs)
                [!provide]                PROVIDE (__stop_cli_sorted_cmd_ptrs, .)

.bss            0x20002984      0xaa4 load address 0x00028968
                0x20002984                . = ALIGN (0x4)
                0x20002984                __bss_start__ = .
 *(.bss*)
 .bss           0x20002984       0x1c c:/program files (x86)/gnu tools arm embedded/6 2017-q2-update/bin/../lib/gcc/arm-none-eabi/6.3.1/thumb/v7e-m/fpv4-sp/hard/crtbegin.o
 .bss.m_string_buff
                0x200029a0       0x40 _build/nrf52840_xxaa/nrf_log_backend_rtt.c.o
 .bss.m_log_data
                0x200029e0      0x420 _build/nrf52840_xxaa/nrf_log_frontend.c.o
 .bss.mempool_nrf_balloc_cb
                0x20002e00        0x8 _build/nrf52840_xxaa/nrf_log_frontend.c.o
 .bss.mempool_nrf_balloc_pool_mem
                0x20002e08       0xc0 _build/nrf52840_xxaa/nrf_log_frontend.c.o
 .bss.mempool_nrf_balloc_pool_stack
                0x20002ec8        0x8 _build/nrf52840_xxaa/nrf_log_frontend.c.o
 .bss.m_button_count
                0x20002ed0        0x1 _build/nrf52840_xxaa/app_button.c.o
 *fill*         0x20002ed1        0x3 
 .bss.m_detection_delay
                0x20002ed4        0x4 _build/nrf52840_xxaa/app_button.c.o
 .bss.m_detection_delay_timer_id_data
                0x20002ed8       0x20 _build/nrf52840_xxaa/app_button.c.o
 .bss.m_pin_state
                0x20002ef8        0x4 _build/nrf52840_xxaa/app_button.c.o
 .bss.m_pin_transition
                0x20002efc        0x4 _build/nrf52840_xxaa/app_button.c.o
 .bss.mp_buttons
                0x20002f00        0x4 _build/nrf52840_xxaa/app_button.c.o
 .bss.m_op_queue
                0x20002f04      0x10c _build/nrf52840_xxaa/app_timer.c.o
 .bss.m_rtc1_reset
                0x20003010        0x1 _build/nrf52840_xxaa/app_timer.c.o
 .bss.m_rtc1_running
                0x20003011        0x1 _build/nrf52840_xxaa/app_timer.c.o
 *fill*         0x20003012        0x2 
 .bss.m_ticks_elapsed
                0x20003014        0x8 _build/nrf52840_xxaa/app_timer.c.o
 .bss.m_ticks_elapsed_q_read_ind
                0x2000301c        0x1 _build/nrf52840_xxaa/app_timer.c.o
 .bss.m_ticks_elapsed_q_write_ind
                0x2000301d        0x1 _build/nrf52840_xxaa/app_timer.c.o
 *fill*         0x2000301e        0x2 
 .bss.m_ticks_latest
                0x20003020        0x4 _build/nrf52840_xxaa/app_timer.c.o
 .bss.mp_timer_id_head
                0x20003024        0x4 _build/nrf52840_xxaa/app_timer.c.o
 .bss.m_clock_cb
                0x20003028       0x14 _build/nrf52840_xxaa/nrf_drv_clock.c.o
 .bss.m_cb      0x2000303c       0x68 _build/nrf52840_xxaa/nrf_drv_gpiote.c.o
 .bss.m_cb      0x200030a4       0x20 _build/nrf52840_xxaa/nrf_drv_uart.c.o
 .bss.current_long_push_pin_no.8636
                0x200030c4        0x1 _build/nrf52840_xxaa/bsp.c.o
 .bss.m_alert_on
                0x200030c5        0x1 _build/nrf52840_xxaa/bsp.c.o
 *fill*         0x200030c6        0x2 
 .bss.m_alert_timer_id_data
                0x200030c8       0x20 _build/nrf52840_xxaa/bsp.c.o
 .bss.m_button_timer_id_data
                0x200030e8       0x20 _build/nrf52840_xxaa/bsp.c.o
 .bss.m_events_list
                0x20003108        0xc _build/nrf52840_xxaa/bsp.c.o
 .bss.m_indication_type
                0x20003114        0x4 _build/nrf52840_xxaa/bsp.c.o
 .bss.m_leds_clear
                0x20003118        0x1 _build/nrf52840_xxaa/bsp.c.o
 *fill*         0x20003119        0x3 
 .bss.m_leds_timer_id_data
                0x2000311c       0x20 _build/nrf52840_xxaa/bsp.c.o
 .bss.m_registered_callback
                0x2000313c        0x4 _build/nrf52840_xxaa/bsp.c.o
 .bss.m_stable_state
                0x20003140        0x1 _build/nrf52840_xxaa/bsp.c.o
 *fill*         0x20003141        0x3 
 .bss.release_event_at_push.8637
                0x20003144        0x4 _build/nrf52840_xxaa/bsp.c.o
 .bss.m_adv_params
                0x20003148       0x10 _build/nrf52840_xxaa/main.c.o
 .bss._acDownBuffer
                0x20003158       0x10 _build/nrf52840_xxaa/SEGGER_RTT.c.o
 .bss._acUpBuffer
                0x20003168      0x200 _build/nrf52840_xxaa/SEGGER_RTT.c.o
 .bss.m_conn_params_config
                0x20003368       0x1c _build/nrf52840_xxaa/ble_conn_params.c.o
 .bss.m_conn_params_instances
                0x20003384       0x14 _build/nrf52840_xxaa/ble_conn_params.c.o
 .bss.m_preferred_conn_params
                0x20003398        0x8 _build/nrf52840_xxaa/ble_conn_params.c.o
 .bss.m_nrf_sdh_continue
                0x200033a0        0x1 _build/nrf52840_xxaa/nrf_sdh.c.o
 .bss.m_nrf_sdh_enabled
                0x200033a1        0x1 _build/nrf52840_xxaa/nrf_sdh.c.o
 .bss.m_nrf_sdh_suspended
                0x200033a2        0x1 _build/nrf52840_xxaa/nrf_sdh.c.o
 *(COMMON)
 *fill*         0x200033a3        0x1 
 COMMON         0x200033a4        0xc _build/nrf52840_xxaa/app_util_platform.c.o
                0x200033a4                nrf_nvic_state
 COMMON         0x200033b0       0x78 _build/nrf52840_xxaa/SEGGER_RTT.c.o
                0x200033b0                _SEGGER_RTT
                0x20003428                . = ALIGN (0x4)
                0x20003428                __bss_end__ = .

.heap           0x20003428     0x2000
                0x20003428                __HeapBase = .
                0x20003428                __end__ = .
                [!provide]                PROVIDE (end, .)
 *(.heap*)
 .heap          0x20003428     0x2000 _build/nrf52840_xxaa/gcc_startup_nrf52840.S.o
                0x20005428                __HeapLimit = .

.stack_dummy    0x20003428     0x2000
 *(.stack*)
 .stack         0x20003428     0x2000 _build/nrf52840_xxaa/gcc_startup_nrf52840.S.o
                0x2003fcf0                __StackTop = (ORIGIN (RAM) + LENGTH (RAM))
                0x2003dcf0                __StackLimit = (__StackTop - SIZEOF (.stack_dummy))
                0x2003fcf0                PROVIDE (__stack, __StackTop)
                0x00000001                ASSERT ((__StackLimit >= __HeapLimit), region RAM overflowed with stack)
                0x0000027c                DataInitFlashUsed = (__bss_start__ - __data_start__)
                0x000066ec                CodeFlashUsed = (__etext - ORIGIN (FLASH))
                0x00006968                TotalFlashUsed = (CodeFlashUsed + DataInitFlashUsed)
                0x00000001                ASSERT ((TotalFlashUsed <= LENGTH (FLASH)), region FLASH overflowed with .data and user data)
OUTPUT(_build/nrf52840_xxaa.out elf32-littlearm)

.ARM.attributes
                0x00000000       0x30
 .ARM.attributes
                0x00000000       0x22 c:/program files (x86)/gnu tools arm embedded/6 2017-q2-update/bin/../lib/gcc/arm-none-eabi/6.3.1/thumb/v7e-m/fpv4-sp/hard/crti.o
 .ARM.attributes
                0x00000022       0x34 c:/program files (x86)/gnu tools arm embedded/6 2017-q2-update/bin/../lib/gcc/arm-none-eabi/6.3.1/thumb/v7e-m/fpv4-sp/hard/crtbegin.o
 .ARM.attributes
                0x00000056       0x20 c:/program files (x86)/gnu tools arm embedded/6 2017-q2-update/bin/../lib/gcc/arm-none-eabi/6.3.1/../../../../arm-none-eabi/lib/thumb/v7e-m/fpv4-sp/hard/crt0.o
 .ARM.attributes
                0x00000076       0x39 _build/nrf52840_xxaa/nrf_log_backend_rtt.c.o
 .ARM.attributes
                0x000000af       0x39 _build/nrf52840_xxaa/nrf_log_backend_serial.c.o
 .ARM.attributes
                0x000000e8       0x39 _build/nrf52840_xxaa/nrf_log_default_backends.c.o
 .ARM.attributes
                0x00000121       0x39 _build/nrf52840_xxaa/nrf_log_frontend.c.o
 .ARM.attributes
                0x0000015a       0x39 _build/nrf52840_xxaa/nrf_log_str_formatter.c.o
 .ARM.attributes
                0x00000193       0x39 _build/nrf52840_xxaa/app_button.c.o
 .ARM.attributes
                0x000001cc       0x39 _build/nrf52840_xxaa/app_error.c.o
 .ARM.attributes
                0x00000205       0x39 _build/nrf52840_xxaa/app_error_weak.c.o
 .ARM.attributes
                0x0000023e       0x39 _build/nrf52840_xxaa/app_timer.c.o
 .ARM.attributes
                0x00000277       0x39 _build/nrf52840_xxaa/app_util_platform.c.o
 .ARM.attributes
                0x000002b0       0x39 _build/nrf52840_xxaa/nrf_balloc.c.o
 .ARM.attributes
                0x000002e9       0x39 _build/nrf52840_xxaa/nrf_fprintf.c.o
 .ARM.attributes
                0x00000322       0x39 _build/nrf52840_xxaa/nrf_fprintf_format.c.o
 .ARM.attributes
                0x0000035b       0x39 _build/nrf52840_xxaa/nrf_memobj.c.o
 .ARM.attributes
                0x00000394       0x39 _build/nrf52840_xxaa/nrf_pwr_mgmt.c.o
 .ARM.attributes
                0x000003cd       0x39 _build/nrf52840_xxaa/nrf_section_iter.c.o
 .ARM.attributes
                0x00000406       0x39 _build/nrf52840_xxaa/nrf_strerror.c.o
 .ARM.attributes
                0x0000043f       0x39 _build/nrf52840_xxaa/boards.c.o
 .ARM.attributes
                0x00000478       0x39 _build/nrf52840_xxaa/nrf_drv_clock.c.o
 .ARM.attributes
                0x000004b1       0x39 _build/nrf52840_xxaa/nrf_drv_common.c.o
 .ARM.attributes
                0x000004ea       0x39 _build/nrf52840_xxaa/nrf_drv_gpiote.c.o
 .ARM.attributes
                0x00000523       0x39 _build/nrf52840_xxaa/nrf_drv_uart.c.o
 .ARM.attributes
                0x0000055c       0x39 _build/nrf52840_xxaa/bsp.c.o
 .ARM.attributes
                0x00000595       0x39 _build/nrf52840_xxaa/main.c.o
 .ARM.attributes
                0x000005ce       0x39 _build/nrf52840_xxaa/SEGGER_RTT.c.o
 .ARM.attributes
                0x00000607       0x39 _build/nrf52840_xxaa/SEGGER_RTT_printf.c.o
 .ARM.attributes
                0x00000640       0x39 _build/nrf52840_xxaa/ble_advdata.c.o
 .ARM.attributes
                0x00000679       0x39 _build/nrf52840_xxaa/ble_conn_params.c.o
 .ARM.attributes
                0x000006b2       0x39 _build/nrf52840_xxaa/ble_srv_common.c.o
 .ARM.attributes
                0x000006eb       0x39 _build/nrf52840_xxaa/nrf_ble_gatt.c.o
 .ARM.attributes
                0x00000724       0x20 _build/nrf52840_xxaa/gcc_startup_nrf52840.S.o
 .ARM.attributes
                0x00000744       0x39 _build/nrf52840_xxaa/system_nrf52840.c.o
 .ARM.attributes
                0x0000077d       0x39 _build/nrf52840_xxaa/nrf_sdh.c.o
 .ARM.attributes
                0x000007b6       0x39 _build/nrf52840_xxaa/nrf_sdh_ble.c.o
 .ARM.attributes
                0x000007ef       0x39 _build/nrf52840_xxaa/nrf_sdh_soc.c.o
 .ARM.attributes
                0x00000828       0x34 c:/program files (x86)/gnu tools arm embedded/6 2017-q2-update/bin/../lib/gcc/arm-none-eabi/6.3.1/../../../../arm-none-eabi/lib/thumb/v7e-m/fpv4-sp/hard\libc_nano.a(lib_a-exit.o)
 .ARM.attributes
                0x0000085c       0x34 c:/program files (x86)/gnu tools arm embedded/6 2017-q2-update/bin/../lib/gcc/arm-none-eabi/6.3.1/../../../../arm-none-eabi/lib/thumb/v7e-m/fpv4-sp/hard\libc_nano.a(lib_a-impure.o)
 .ARM.attributes
                0x00000890       0x34 c:/program files (x86)/gnu tools arm embedded/6 2017-q2-update/bin/../lib/gcc/arm-none-eabi/6.3.1/../../../../arm-none-eabi/lib/thumb/v7e-m/fpv4-sp/hard\libc_nano.a(lib_a-init.o)
 .ARM.attributes
                0x000008c4       0x34 c:/program files (x86)/gnu tools arm embedded/6 2017-q2-update/bin/../lib/gcc/arm-none-eabi/6.3.1/../../../../arm-none-eabi/lib/thumb/v7e-m/fpv4-sp/hard\libc_nano.a(lib_a-locale.o)
 .ARM.attributes
                0x000008f8       0x34 c:/program files (x86)/gnu tools arm embedded/6 2017-q2-update/bin/../lib/gcc/arm-none-eabi/6.3.1/../../../../arm-none-eabi/lib/thumb/v7e-m/fpv4-sp/hard\libc_nano.a(lib_a-mbtowc_r.o)
 .ARM.attributes
                0x0000092c       0x34 c:/program files (x86)/gnu tools arm embedded/6 2017-q2-update/bin/../lib/gcc/arm-none-eabi/6.3.1/../../../../arm-none-eabi/lib/thumb/v7e-m/fpv4-sp/hard\libc_nano.a(lib_a-memcpy-stub.o)
 .ARM.attributes
                0x00000960       0x34 c:/program files (x86)/gnu tools arm embedded/6 2017-q2-update/bin/../lib/gcc/arm-none-eabi/6.3.1/../../../../arm-none-eabi/lib/thumb/v7e-m/fpv4-sp/hard\libc_nano.a(lib_a-memset.o)
 .ARM.attributes
                0x00000994       0x34 c:/program files (x86)/gnu tools arm embedded/6 2017-q2-update/bin/../lib/gcc/arm-none-eabi/6.3.1/../../../../arm-none-eabi/lib/thumb/v7e-m/fpv4-sp/hard\libc_nano.a(lib_a-strcpy.o)
 .ARM.attributes
                0x000009c8       0x1b c:/program files (x86)/gnu tools arm embedded/6 2017-q2-update/bin/../lib/gcc/arm-none-eabi/6.3.1/../../../../arm-none-eabi/lib/thumb/v7e-m/fpv4-sp/hard\libc_nano.a(lib_a-strlen.o)
 .ARM.attributes
                0x000009e3       0x34 c:/program files (x86)/gnu tools arm embedded/6 2017-q2-update/bin/../lib/gcc/arm-none-eabi/6.3.1/../../../../arm-none-eabi/lib/thumb/v7e-m/fpv4-sp/hard\libc_nano.a(lib_a-wctomb_r.o)
 .ARM.attributes
                0x00000a17       0x34 c:/program files (x86)/gnu tools arm embedded/6 2017-q2-update/bin/../lib/gcc/arm-none-eabi/6.3.1/../../../../arm-none-eabi/lib/thumb/v7e-m/fpv4-sp/hard\libc_nano.a(lib_a-ctype_.o)
 .ARM.attributes
                0x00000a4b       0x34 c:/program files (x86)/gnu tools arm embedded/6 2017-q2-update/bin/../lib/gcc/arm-none-eabi/6.3.1/../../../../arm-none-eabi/lib/thumb/v7e-m/fpv4-sp/hard\libnosys.a(_exit.o)
 .ARM.attributes
                0x00000a7f       0x22 c:/program files (x86)/gnu tools arm embedded/6 2017-q2-update/bin/../lib/gcc/arm-none-eabi/6.3.1/thumb/v7e-m/fpv4-sp/hard\libgcc.a(_aeabi_uldivmod.o)
 .ARM.attributes
                0x00000aa1       0x34 c:/program files (x86)/gnu tools arm embedded/6 2017-q2-update/bin/../lib/gcc/arm-none-eabi/6.3.1/thumb/v7e-m/fpv4-sp/hard\libgcc.a(_udivmoddi4.o)
 .ARM.attributes
                0x00000ad5       0x22 c:/program files (x86)/gnu tools arm embedded/6 2017-q2-update/bin/../lib/gcc/arm-none-eabi/6.3.1/thumb/v7e-m/fpv4-sp/hard\libgcc.a(_dvmd_tls.o)
 .ARM.attributes
                0x00000af7       0x34 c:/program files (x86)/gnu tools arm embedded/6 2017-q2-update/bin/../lib/gcc/arm-none-eabi/6.3.1/thumb/v7e-m/fpv4-sp/hard/crtend.o
 .ARM.attributes
                0x00000b2b       0x22 c:/program files (x86)/gnu tools arm embedded/6 2017-q2-update/bin/../lib/gcc/arm-none-eabi/6.3.1/thumb/v7e-m/fpv4-sp/hard/crtn.o

.comment        0x00000000       0x7f
 .comment       0x00000000       0x7f _build/nrf52840_xxaa/nrf_log_backend_rtt.c.o
                                 0x80 (size before relaxing)
 .comment       0x0000007f       0x80 _build/nrf52840_xxaa/nrf_log_backend_serial.c.o
 .comment       0x0000007f       0x80 _build/nrf52840_xxaa/nrf_log_default_backends.c.o
 .comment       0x0000007f       0x80 _build/nrf52840_xxaa/nrf_log_frontend.c.o
 .comment       0x0000007f       0x80 _build/nrf52840_xxaa/nrf_log_str_formatter.c.o
 .comment       0x0000007f       0x80 _build/nrf52840_xxaa/app_button.c.o
 .comment       0x0000007f       0x80 _build/nrf52840_xxaa/app_error.c.o
 .comment       0x0000007f       0x80 _build/nrf52840_xxaa/app_error_weak.c.o
 .comment       0x0000007f       0x80 _build/nrf52840_xxaa/app_timer.c.o
 .comment       0x0000007f       0x80 _build/nrf52840_xxaa/app_util_platform.c.o
 .comment       0x0000007f       0x80 _build/nrf52840_xxaa/nrf_balloc.c.o
 .comment       0x0000007f       0x80 _build/nrf52840_xxaa/nrf_fprintf.c.o
 .comment       0x0000007f       0x80 _build/nrf52840_xxaa/nrf_fprintf_format.c.o
 .comment       0x0000007f       0x80 _build/nrf52840_xxaa/nrf_memobj.c.o
 .comment       0x0000007f       0x80 _build/nrf52840_xxaa/nrf_pwr_mgmt.c.o
 .comment       0x0000007f       0x80 _build/nrf52840_xxaa/nrf_section_iter.c.o
 .comment       0x0000007f       0x80 _build/nrf52840_xxaa/nrf_strerror.c.o
 .comment       0x0000007f       0x80 _build/nrf52840_xxaa/boards.c.o
 .comment       0x0000007f       0x80 _build/nrf52840_xxaa/nrf_drv_clock.c.o
 .comment       0x0000007f       0x80 _build/nrf52840_xxaa/nrf_drv_common.c.o
 .comment       0x0000007f       0x80 _build/nrf52840_xxaa/nrf_drv_gpiote.c.o
 .comment       0x0000007f       0x80 _build/nrf52840_xxaa/nrf_drv_uart.c.o
 .comment       0x0000007f       0x80 _build/nrf52840_xxaa/bsp.c.o
 .comment       0x0000007f       0x80 _build/nrf52840_xxaa/main.c.o
 .comment       0x0000007f       0x80 _build/nrf52840_xxaa/SEGGER_RTT.c.o
 .comment       0x0000007f       0x80 _build/nrf52840_xxaa/SEGGER_RTT_printf.c.o
 .comment       0x0000007f       0x80 _build/nrf52840_xxaa/ble_advdata.c.o
 .comment       0x0000007f       0x80 _build/nrf52840_xxaa/ble_conn_params.c.o
 .comment       0x0000007f       0x80 _build/nrf52840_xxaa/ble_srv_common.c.o
 .comment       0x0000007f       0x80 _build/nrf52840_xxaa/nrf_ble_gatt.c.o
 .comment       0x0000007f       0x80 _build/nrf52840_xxaa/system_nrf52840.c.o
 .comment       0x0000007f       0x80 _build/nrf52840_xxaa/nrf_sdh.c.o
 .comment       0x0000007f       0x80 _build/nrf52840_xxaa/nrf_sdh_ble.c.o
 .comment       0x0000007f       0x80 _build/nrf52840_xxaa/nrf_sdh_soc.c.o

.debug_info     0x00000000    0x3776c
 .debug_info    0x00000000      0xe11 _build/nrf52840_xxaa/nrf_log_backend_rtt.c.o
 .debug_info    0x00000e11     0x1049 _build/nrf52840_xxaa/nrf_log_backend_serial.c.o
 .debug_info    0x00001e5a      0xba7 _build/nrf52840_xxaa/nrf_log_default_backends.c.o
 .debug_info    0x00002a01     0x3910 _build/nrf52840_xxaa/nrf_log_frontend.c.o
 .debug_info    0x00006311     0x107b _build/nrf52840_xxaa/nrf_log_str_formatter.c.o
 .debug_info    0x0000738c      0xe44 _build/nrf52840_xxaa/app_button.c.o
 .debug_info    0x000081d0      0xb5f _build/nrf52840_xxaa/app_error.c.o
 .debug_info    0x00008d2f      0xcbd _build/nrf52840_xxaa/app_error_weak.c.o
 .debug_info    0x000099ec     0x233c _build/nrf52840_xxaa/app_timer.c.o
 .debug_info    0x0000bd28     0x11bd _build/nrf52840_xxaa/app_util_platform.c.o
 .debug_info    0x0000cee5      0xcd5 _build/nrf52840_xxaa/nrf_balloc.c.o
 .debug_info    0x0000dbba      0xa99 _build/nrf52840_xxaa/nrf_fprintf.c.o
 .debug_info    0x0000e653     0x114f _build/nrf52840_xxaa/nrf_fprintf_format.c.o
 .debug_info    0x0000f7a2     0x1284 _build/nrf52840_xxaa/nrf_memobj.c.o
 .debug_info    0x00010a26     0x1b55 _build/nrf52840_xxaa/nrf_pwr_mgmt.c.o
 .debug_info    0x0001257b      0xa12 _build/nrf52840_xxaa/nrf_section_iter.c.o
 .debug_info    0x00012f8d      0xa8f _build/nrf52840_xxaa/nrf_strerror.c.o
 .debug_info    0x00013a1c     0x14cb _build/nrf52840_xxaa/boards.c.o
 .debug_info    0x00014ee7     0x224e _build/nrf52840_xxaa/nrf_drv_clock.c.o
 .debug_info    0x00017135      0xef8 _build/nrf52840_xxaa/nrf_drv_common.c.o
 .debug_info    0x0001802d     0x32fa _build/nrf52840_xxaa/nrf_drv_gpiote.c.o
 .debug_info    0x0001b327     0x4e90 _build/nrf52840_xxaa/nrf_drv_uart.c.o
 .debug_info    0x000201b7     0x1fc8 _build/nrf52840_xxaa/bsp.c.o
 .debug_info    0x0002217f     0x18c6 _build/nrf52840_xxaa/main.c.o
 .debug_info    0x00023a45     0x3286 _build/nrf52840_xxaa/SEGGER_RTT.c.o
 .debug_info    0x00026ccb     0x11c1 _build/nrf52840_xxaa/SEGGER_RTT_printf.c.o
 .debug_info    0x00027e8c     0x2381 _build/nrf52840_xxaa/ble_advdata.c.o
 .debug_info    0x0002a20d     0x2b4c _build/nrf52840_xxaa/ble_conn_params.c.o
 .debug_info    0x0002cd59     0x150f _build/nrf52840_xxaa/ble_srv_common.c.o
 .debug_info    0x0002e268     0x2a0b _build/nrf52840_xxaa/nrf_ble_gatt.c.o
 .debug_info    0x00030c73       0xe9 _build/nrf52840_xxaa/gcc_startup_nrf52840.S.o
 .debug_info    0x00030d5c     0x12bc _build/nrf52840_xxaa/system_nrf52840.c.o
 .debug_info    0x00032018     0x1e4f _build/nrf52840_xxaa/nrf_sdh.c.o
 .debug_info    0x00033e67     0x2b2d _build/nrf52840_xxaa/nrf_sdh_ble.c.o
 .debug_info    0x00036994      0xdd8 _build/nrf52840_xxaa/nrf_sdh_soc.c.o

.debug_abbrev   0x00000000     0x74da
 .debug_abbrev  0x00000000      0x2c7 _build/nrf52840_xxaa/nrf_log_backend_rtt.c.o
 .debug_abbrev  0x000002c7      0x27d _build/nrf52840_xxaa/nrf_log_backend_serial.c.o
 .debug_abbrev  0x00000544      0x254 _build/nrf52840_xxaa/nrf_log_default_backends.c.o
 .debug_abbrev  0x00000798      0x50c _build/nrf52840_xxaa/nrf_log_frontend.c.o
 .debug_abbrev  0x00000ca4      0x299 _build/nrf52840_xxaa/nrf_log_str_formatter.c.o
 .debug_abbrev  0x00000f3d      0x2b3 _build/nrf52840_xxaa/app_button.c.o
 .debug_abbrev  0x000011f0      0x235 _build/nrf52840_xxaa/app_error.c.o
 .debug_abbrev  0x00001425      0x260 _build/nrf52840_xxaa/app_error_weak.c.o
 .debug_abbrev  0x00001685      0x48d _build/nrf52840_xxaa/app_timer.c.o
 .debug_abbrev  0x00001b12      0x374 _build/nrf52840_xxaa/app_util_platform.c.o
 .debug_abbrev  0x00001e86      0x2f9 _build/nrf52840_xxaa/nrf_balloc.c.o
 .debug_abbrev  0x0000217f      0x239 _build/nrf52840_xxaa/nrf_fprintf.c.o
 .debug_abbrev  0x000023b8      0x382 _build/nrf52840_xxaa/nrf_fprintf_format.c.o
 .debug_abbrev  0x0000273a      0x385 _build/nrf52840_xxaa/nrf_memobj.c.o
 .debug_abbrev  0x00002abf      0x457 _build/nrf52840_xxaa/nrf_pwr_mgmt.c.o
 .debug_abbrev  0x00002f16      0x1da _build/nrf52840_xxaa/nrf_section_iter.c.o
 .debug_abbrev  0x000030f0      0x23f _build/nrf52840_xxaa/nrf_strerror.c.o
 .debug_abbrev  0x0000332f      0x395 _build/nrf52840_xxaa/boards.c.o
 .debug_abbrev  0x000036c4      0x568 _build/nrf52840_xxaa/nrf_drv_clock.c.o
 .debug_abbrev  0x00003c2c      0x285 _build/nrf52840_xxaa/nrf_drv_common.c.o
 .debug_abbrev  0x00003eb1      0x4db _build/nrf52840_xxaa/nrf_drv_gpiote.c.o
 .debug_abbrev  0x0000438c      0x461 _build/nrf52840_xxaa/nrf_drv_uart.c.o
 .debug_abbrev  0x000047ed      0x495 _build/nrf52840_xxaa/bsp.c.o
 .debug_abbrev  0x00004c82      0x374 _build/nrf52840_xxaa/main.c.o
 .debug_abbrev  0x00004ff6      0x3a6 _build/nrf52840_xxaa/SEGGER_RTT.c.o
 .debug_abbrev  0x0000539c      0x38e _build/nrf52840_xxaa/SEGGER_RTT_printf.c.o
 .debug_abbrev  0x0000572a      0x3e2 _build/nrf52840_xxaa/ble_advdata.c.o
 .debug_abbrev  0x00005b0c      0x4d4 _build/nrf52840_xxaa/ble_conn_params.c.o
 .debug_abbrev  0x00005fe0      0x34b _build/nrf52840_xxaa/ble_srv_common.c.o
 .debug_abbrev  0x0000632b      0x431 _build/nrf52840_xxaa/nrf_ble_gatt.c.o
 .debug_abbrev  0x0000675c       0x14 _build/nrf52840_xxaa/gcc_startup_nrf52840.S.o
 .debug_abbrev  0x00006770      0x1d1 _build/nrf52840_xxaa/system_nrf52840.c.o
 .debug_abbrev  0x00006941      0x4da _build/nrf52840_xxaa/nrf_sdh.c.o
 .debug_abbrev  0x00006e1b      0x3ff _build/nrf52840_xxaa/nrf_sdh_ble.c.o
 .debug_abbrev  0x0000721a      0x2c0 _build/nrf52840_xxaa/nrf_sdh_soc.c.o

.debug_loc      0x00000000    0x15fab
 .debug_loc     0x00000000      0x127 _build/nrf52840_xxaa/nrf_log_backend_rtt.c.o
 .debug_loc     0x00000127      0x185 _build/nrf52840_xxaa/nrf_log_backend_serial.c.o
 .debug_loc     0x000002ac       0x15 _build/nrf52840_xxaa/nrf_log_default_backends.c.o
 .debug_loc     0x000002c1     0x32f2 _build/nrf52840_xxaa/nrf_log_frontend.c.o
 .debug_loc     0x000035b3      0x59c _build/nrf52840_xxaa/nrf_log_str_formatter.c.o
 .debug_loc     0x00003b4f      0x35e _build/nrf52840_xxaa/app_button.c.o
 .debug_loc     0x00003ead      0x145 _build/nrf52840_xxaa/app_error.c.o
 .debug_loc     0x00003ff2       0x63 _build/nrf52840_xxaa/app_error_weak.c.o
 .debug_loc     0x00004055      0xc7b _build/nrf52840_xxaa/app_timer.c.o
 .debug_loc     0x00004cd0       0xf2 _build/nrf52840_xxaa/app_util_platform.c.o
 .debug_loc     0x00004dc2      0x169 _build/nrf52840_xxaa/nrf_balloc.c.o
 .debug_loc     0x00004f2b       0x3f _build/nrf52840_xxaa/nrf_fprintf.c.o
 .debug_loc     0x00004f6a      0xcc6 _build/nrf52840_xxaa/nrf_fprintf_format.c.o
 .debug_loc     0x00005c30      0xa38 _build/nrf52840_xxaa/nrf_memobj.c.o
 .debug_loc     0x00006668       0xf4 _build/nrf52840_xxaa/nrf_pwr_mgmt.c.o
 .debug_loc     0x0000675c      0x2db _build/nrf52840_xxaa/nrf_strerror.c.o
 .debug_loc     0x00006a37      0x833 _build/nrf52840_xxaa/boards.c.o
 .debug_loc     0x0000726a      0x5dc _build/nrf52840_xxaa/nrf_drv_clock.c.o
 .debug_loc     0x00007846       0xea _build/nrf52840_xxaa/nrf_drv_common.c.o
 .debug_loc     0x00007930     0x2ae2 _build/nrf52840_xxaa/nrf_drv_gpiote.c.o
 .debug_loc     0x0000a412     0x2b51 _build/nrf52840_xxaa/nrf_drv_uart.c.o
 .debug_loc     0x0000cf63      0xbbd _build/nrf52840_xxaa/bsp.c.o
 .debug_loc     0x0000db20      0x173 _build/nrf52840_xxaa/main.c.o
 .debug_loc     0x0000dc93     0x3a82 _build/nrf52840_xxaa/SEGGER_RTT.c.o
 .debug_loc     0x00011715      0xb46 _build/nrf52840_xxaa/SEGGER_RTT_printf.c.o
 .debug_loc     0x0001225b     0x1a89 _build/nrf52840_xxaa/ble_advdata.c.o
 .debug_loc     0x00013ce4      0xb39 _build/nrf52840_xxaa/ble_conn_params.c.o
 .debug_loc     0x0001481d      0x55e _build/nrf52840_xxaa/ble_srv_common.c.o
 .debug_loc     0x00014d7b      0xbfd _build/nrf52840_xxaa/nrf_ble_gatt.c.o
 .debug_loc     0x00015978      0x31d _build/nrf52840_xxaa/nrf_sdh.c.o
 .debug_loc     0x00015c95      0x2a2 _build/nrf52840_xxaa/nrf_sdh_ble.c.o
 .debug_loc     0x00015f37       0x74 _build/nrf52840_xxaa/nrf_sdh_soc.c.o

.debug_aranges  0x00000000      0xb18
 .debug_aranges
                0x00000000       0x38 _build/nrf52840_xxaa/nrf_log_backend_rtt.c.o
 .debug_aranges
                0x00000038       0x20 _build/nrf52840_xxaa/nrf_log_backend_serial.c.o
 .debug_aranges
                0x00000058       0x20 _build/nrf52840_xxaa/nrf_log_default_backends.c.o
 .debug_aranges
                0x00000078       0xb8 _build/nrf52840_xxaa/nrf_log_frontend.c.o
 .debug_aranges
                0x00000130       0x28 _build/nrf52840_xxaa/nrf_log_str_formatter.c.o
 .debug_aranges
                0x00000158       0x48 _build/nrf52840_xxaa/app_button.c.o
 .debug_aranges
                0x000001a0       0x30 _build/nrf52840_xxaa/app_error.c.o
 .debug_aranges
                0x000001d0       0x20 _build/nrf52840_xxaa/app_error_weak.c.o
 .debug_aranges
                0x000001f0       0x70 _build/nrf52840_xxaa/app_timer.c.o
 .debug_aranges
                0x00000260       0x48 _build/nrf52840_xxaa/app_util_platform.c.o
 .debug_aranges
                0x000002a8       0x30 _build/nrf52840_xxaa/nrf_balloc.c.o
 .debug_aranges
                0x000002d8       0x28 _build/nrf52840_xxaa/nrf_fprintf.c.o
 .debug_aranges
                0x00000300       0x28 _build/nrf52840_xxaa/nrf_fprintf_format.c.o
 .debug_aranges
                0x00000328       0x50 _build/nrf52840_xxaa/nrf_memobj.c.o
 .debug_aranges
                0x00000378       0x48 _build/nrf52840_xxaa/nrf_pwr_mgmt.c.o
 .debug_aranges
                0x000003c0       0x28 _build/nrf52840_xxaa/nrf_section_iter.c.o
 .debug_aranges
                0x000003e8       0x28 _build/nrf52840_xxaa/nrf_strerror.c.o
 .debug_aranges
                0x00000410       0x80 _build/nrf52840_xxaa/boards.c.o
 .debug_aranges
                0x00000490       0xa8 _build/nrf52840_xxaa/nrf_drv_clock.c.o
 .debug_aranges
                0x00000538       0x28 _build/nrf52840_xxaa/nrf_drv_common.c.o
 .debug_aranges
                0x00000560       0xd8 _build/nrf52840_xxaa/nrf_drv_gpiote.c.o
 .debug_aranges
                0x00000638       0x78 _build/nrf52840_xxaa/nrf_drv_uart.c.o
 .debug_aranges
                0x000006b0       0x78 _build/nrf52840_xxaa/bsp.c.o
 .debug_aranges
                0x00000728       0x38 _build/nrf52840_xxaa/main.c.o
 .debug_aranges
                0x00000760       0xe0 _build/nrf52840_xxaa/SEGGER_RTT.c.o
 .debug_aranges
                0x00000840       0x30 _build/nrf52840_xxaa/SEGGER_RTT_printf.c.o
 .debug_aranges
                0x00000870       0x58 _build/nrf52840_xxaa/ble_advdata.c.o
 .debug_aranges
                0x000008c8       0x60 _build/nrf52840_xxaa/ble_conn_params.c.o
 .debug_aranges
                0x00000928       0x58 _build/nrf52840_xxaa/ble_srv_common.c.o
 .debug_aranges
                0x00000980       0x68 _build/nrf52840_xxaa/nrf_ble_gatt.c.o
 .debug_aranges
                0x000009e8       0x20 _build/nrf52840_xxaa/gcc_startup_nrf52840.S.o
 .debug_aranges
                0x00000a08       0x28 _build/nrf52840_xxaa/system_nrf52840.c.o
 .debug_aranges
                0x00000a30       0x70 _build/nrf52840_xxaa/nrf_sdh.c.o
 .debug_aranges
                0x00000aa0       0x50 _build/nrf52840_xxaa/nrf_sdh_ble.c.o
 .debug_aranges
                0x00000af0       0x28 _build/nrf52840_xxaa/nrf_sdh_soc.c.o

.debug_ranges   0x00000000     0x4260
 .debug_ranges  0x00000000       0x28 _build/nrf52840_xxaa/nrf_log_backend_rtt.c.o
 .debug_ranges  0x00000028       0x28 _build/nrf52840_xxaa/nrf_log_backend_serial.c.o
 .debug_ranges  0x00000050       0x10 _build/nrf52840_xxaa/nrf_log_default_backends.c.o
 .debug_ranges  0x00000060      0x810 _build/nrf52840_xxaa/nrf_log_frontend.c.o
 .debug_ranges  0x00000870       0xe8 _build/nrf52840_xxaa/nrf_log_str_formatter.c.o
 .debug_ranges  0x00000958       0xa0 _build/nrf52840_xxaa/app_button.c.o
 .debug_ranges  0x000009f8       0x20 _build/nrf52840_xxaa/app_error.c.o
 .debug_ranges  0x00000a18       0x10 _build/nrf52840_xxaa/app_error_weak.c.o
 .debug_ranges  0x00000a28      0x518 _build/nrf52840_xxaa/app_timer.c.o
 .debug_ranges  0x00000f40       0x80 _build/nrf52840_xxaa/app_util_platform.c.o
 .debug_ranges  0x00000fc0       0x78 _build/nrf52840_xxaa/nrf_balloc.c.o
 .debug_ranges  0x00001038       0x18 _build/nrf52840_xxaa/nrf_fprintf.c.o
 .debug_ranges  0x00001050      0x1f0 _build/nrf52840_xxaa/nrf_fprintf_format.c.o
 .debug_ranges  0x00001240       0x98 _build/nrf52840_xxaa/nrf_memobj.c.o
 .debug_ranges  0x000012d8       0x80 _build/nrf52840_xxaa/nrf_pwr_mgmt.c.o
 .debug_ranges  0x00001358       0x18 _build/nrf52840_xxaa/nrf_section_iter.c.o
 .debug_ranges  0x00001370       0x80 _build/nrf52840_xxaa/nrf_strerror.c.o
 .debug_ranges  0x000013f0       0xd0 _build/nrf52840_xxaa/boards.c.o
 .debug_ranges  0x000014c0      0x3a0 _build/nrf52840_xxaa/nrf_drv_clock.c.o
 .debug_ranges  0x00001860       0x38 _build/nrf52840_xxaa/nrf_drv_common.c.o
 .debug_ranges  0x00001898      0xcb0 _build/nrf52840_xxaa/nrf_drv_gpiote.c.o
 .debug_ranges  0x00002548      0x868 _build/nrf52840_xxaa/nrf_drv_uart.c.o
 .debug_ranges  0x00002db0      0x308 _build/nrf52840_xxaa/bsp.c.o
 .debug_ranges  0x000030b8       0x70 _build/nrf52840_xxaa/main.c.o
 .debug_ranges  0x00003128      0x558 _build/nrf52840_xxaa/SEGGER_RTT.c.o
 .debug_ranges  0x00003680      0x180 _build/nrf52840_xxaa/SEGGER_RTT_printf.c.o
 .debug_ranges  0x00003800      0x300 _build/nrf52840_xxaa/ble_advdata.c.o
 .debug_ranges  0x00003b00      0x248 _build/nrf52840_xxaa/ble_conn_params.c.o
 .debug_ranges  0x00003d48      0x160 _build/nrf52840_xxaa/ble_srv_common.c.o
 .debug_ranges  0x00003ea8       0xe8 _build/nrf52840_xxaa/nrf_ble_gatt.c.o
 .debug_ranges  0x00003f90       0x30 _build/nrf52840_xxaa/system_nrf52840.c.o
 .debug_ranges  0x00003fc0      0x1d0 _build/nrf52840_xxaa/nrf_sdh.c.o
 .debug_ranges  0x00004190       0xa0 _build/nrf52840_xxaa/nrf_sdh_ble.c.o
 .debug_ranges  0x00004230       0x30 _build/nrf52840_xxaa/nrf_sdh_soc.c.o

.debug_macro    0x00000000    0x1d803
 .debug_macro   0x00000000      0x39d _build/nrf52840_xxaa/nrf_log_backend_rtt.c.o
 .debug_macro   0x0000039d      0x8ce _build/nrf52840_xxaa/nrf_log_backend_rtt.c.o
 .debug_macro   0x00000c6b       0x22 _build/nrf52840_xxaa/nrf_log_backend_rtt.c.o
 .debug_macro   0x00000c8d       0x4f _build/nrf52840_xxaa/nrf_log_backend_rtt.c.o
 .debug_macro   0x00000cdc       0x51 _build/nrf52840_xxaa/nrf_log_backend_rtt.c.o
 .debug_macro   0x00000d2d       0xef _build/nrf52840_xxaa/nrf_log_backend_rtt.c.o
 .debug_macro   0x00000e1c       0x6a _build/nrf52840_xxaa/nrf_log_backend_rtt.c.o
 .debug_macro   0x00000e86      0x1df _build/nrf52840_xxaa/nrf_log_backend_rtt.c.o
 .debug_macro   0x00001065       0x22 _build/nrf52840_xxaa/nrf_log_backend_rtt.c.o
 .debug_macro   0x00001087       0x58 _build/nrf52840_xxaa/nrf_log_backend_rtt.c.o
 .debug_macro   0x000010df       0x35 _build/nrf52840_xxaa/nrf_log_backend_rtt.c.o
 .debug_macro   0x00001114       0x9c _build/nrf52840_xxaa/nrf_log_backend_rtt.c.o
 .debug_macro   0x000011b0      0x16d _build/nrf52840_xxaa/nrf_log_backend_rtt.c.o
 .debug_macro   0x0000131d       0x58 _build/nrf52840_xxaa/nrf_log_backend_rtt.c.o
 .debug_macro   0x00001375       0x1f _build/nrf52840_xxaa/nrf_log_backend_rtt.c.o
 .debug_macro   0x00001394       0x43 _build/nrf52840_xxaa/nrf_log_backend_rtt.c.o
 .debug_macro   0x000013d7       0x20 _build/nrf52840_xxaa/nrf_log_backend_rtt.c.o
 .debug_macro   0x000013f7      0x187 _build/nrf52840_xxaa/nrf_log_backend_rtt.c.o
 .debug_macro   0x0000157e      0x353 _build/nrf52840_xxaa/nrf_log_backend_rtt.c.o
 .debug_macro   0x000018d1       0x10 _build/nrf52840_xxaa/nrf_log_backend_rtt.c.o
 .debug_macro   0x000018e1       0x35 _build/nrf52840_xxaa/nrf_log_backend_rtt.c.o
 .debug_macro   0x00001916      0xfa4 _build/nrf52840_xxaa/nrf_log_backend_rtt.c.o
 .debug_macro   0x000028ba      0x16d _build/nrf52840_xxaa/nrf_log_backend_rtt.c.o
 .debug_macro   0x00002a27       0x2e _build/nrf52840_xxaa/nrf_log_backend_rtt.c.o
 .debug_macro   0x00002a55       0x22 _build/nrf52840_xxaa/nrf_log_backend_rtt.c.o
 .debug_macro   0x00002a77       0x9a _build/nrf52840_xxaa/nrf_log_backend_rtt.c.o
 .debug_macro   0x00002b11       0x9b _build/nrf52840_xxaa/nrf_log_backend_rtt.c.o
 .debug_macro   0x00002bac       0x22 _build/nrf52840_xxaa/nrf_log_backend_rtt.c.o
 .debug_macro   0x00002bce       0x2d _build/nrf52840_xxaa/nrf_log_backend_rtt.c.o
 .debug_macro   0x00002bfb       0x3b _build/nrf52840_xxaa/nrf_log_backend_rtt.c.o
 .debug_macro   0x00002c36       0x50 _build/nrf52840_xxaa/nrf_log_backend_rtt.c.o
 .debug_macro   0x00002c86      0xe66 _build/nrf52840_xxaa/nrf_log_backend_rtt.c.o
 .debug_macro   0x00003aec      0x3f4 _build/nrf52840_xxaa/nrf_log_backend_rtt.c.o
 .debug_macro   0x00003ee0     0xece6 _build/nrf52840_xxaa/nrf_log_backend_rtt.c.o
 .debug_macro   0x00012bc6      0xa4c _build/nrf52840_xxaa/nrf_log_backend_rtt.c.o
 .debug_macro   0x00013612       0xb2 _build/nrf52840_xxaa/nrf_log_backend_rtt.c.o
 .debug_macro   0x000136c4      0x49d _build/nrf52840_xxaa/nrf_log_backend_rtt.c.o
 .debug_macro   0x00013b61       0x4b _build/nrf52840_xxaa/nrf_log_backend_rtt.c.o
 .debug_macro   0x00013bac       0x16 _build/nrf52840_xxaa/nrf_log_backend_rtt.c.o
 .debug_macro   0x00013bc2       0x22 _build/nrf52840_xxaa/nrf_log_backend_rtt.c.o
 .debug_macro   0x00013be4       0x16 _build/nrf52840_xxaa/nrf_log_backend_rtt.c.o
 .debug_macro   0x00013bfa       0x40 _build/nrf52840_xxaa/nrf_log_backend_rtt.c.o
 .debug_macro   0x00013c3a       0x64 _build/nrf52840_xxaa/nrf_log_backend_rtt.c.o
 .debug_macro   0x00013c9e       0x2e _build/nrf52840_xxaa/nrf_log_backend_rtt.c.o
 .debug_macro   0x00013ccc       0x1c _build/nrf52840_xxaa/nrf_log_backend_rtt.c.o
 .debug_macro   0x00013ce8       0x10 _build/nrf52840_xxaa/nrf_log_backend_rtt.c.o
 .debug_macro   0x00013cf8       0x10 _build/nrf52840_xxaa/nrf_log_backend_rtt.c.o
 .debug_macro   0x00013d08       0xb6 _build/nrf52840_xxaa/nrf_log_backend_rtt.c.o
 .debug_macro   0x00013dbe       0x16 _build/nrf52840_xxaa/nrf_log_backend_rtt.c.o
 .debug_macro   0x00013dd4      0x145 _build/nrf52840_xxaa/nrf_log_backend_rtt.c.o
 .debug_macro   0x00013f19       0x2b _build/nrf52840_xxaa/nrf_log_backend_rtt.c.o
 .debug_macro   0x00013f44       0x10 _build/nrf52840_xxaa/nrf_log_backend_rtt.c.o
 .debug_macro   0x00013f54       0x7e _build/nrf52840_xxaa/nrf_log_backend_rtt.c.o
 .debug_macro   0x00013fd2       0x8c _build/nrf52840_xxaa/nrf_log_backend_rtt.c.o
 .debug_macro   0x0001405e       0x10 _build/nrf52840_xxaa/nrf_log_backend_rtt.c.o
 .debug_macro   0x0001406e       0x22 _build/nrf52840_xxaa/nrf_log_backend_rtt.c.o
 .debug_macro   0x00014090       0x1c _build/nrf52840_xxaa/nrf_log_backend_rtt.c.o
 .debug_macro   0x000140ac      0x16d _build/nrf52840_xxaa/nrf_log_backend_rtt.c.o
 .debug_macro   0x00014219       0x47 _build/nrf52840_xxaa/nrf_log_backend_rtt.c.o
 .debug_macro   0x00014260      0x115 _build/nrf52840_xxaa/nrf_log_backend_rtt.c.o
 .debug_macro   0x00014375      0x367 _build/nrf52840_xxaa/nrf_log_backend_serial.c.o
 .debug_macro   0x000146dc      0x358 _build/nrf52840_xxaa/nrf_log_default_backends.c.o
 .debug_macro   0x00014a34       0x10 _build/nrf52840_xxaa/nrf_log_default_backends.c.o
 .debug_macro   0x00014a44      0x3b2 _build/nrf52840_xxaa/nrf_log_frontend.c.o
 .debug_macro   0x00014df6       0x31 _build/nrf52840_xxaa/nrf_log_frontend.c.o
 .debug_macro   0x00014e27       0x10 _build/nrf52840_xxaa/nrf_log_frontend.c.o
 .debug_macro   0x00014e37       0x76 _build/nrf52840_xxaa/nrf_log_frontend.c.o
 .debug_macro   0x00014ead       0x92 _build/nrf52840_xxaa/nrf_log_frontend.c.o
 .debug_macro   0x00014f3f       0x16 _build/nrf52840_xxaa/nrf_log_frontend.c.o
 .debug_macro   0x00014f55       0x3b _build/nrf52840_xxaa/nrf_log_frontend.c.o
 .debug_macro   0x00014f90      0x3a3 _build/nrf52840_xxaa/nrf_log_str_formatter.c.o
 .debug_macro   0x00015333       0x9c _build/nrf52840_xxaa/nrf_log_str_formatter.c.o
 .debug_macro   0x000153cf      0x319 _build/nrf52840_xxaa/app_button.c.o
 .debug_macro   0x000156e8      0x3da _build/nrf52840_xxaa/app_button.c.o
 .debug_macro   0x00015ac2       0x16 _build/nrf52840_xxaa/app_button.c.o
 .debug_macro   0x00015ad8       0x1c _build/nrf52840_xxaa/app_button.c.o
 .debug_macro   0x00015af4       0x28 _build/nrf52840_xxaa/app_button.c.o
 .debug_macro   0x00015b1c       0x1f _build/nrf52840_xxaa/app_button.c.o
 .debug_macro   0x00015b3b       0x30 _build/nrf52840_xxaa/app_button.c.o
 .debug_macro   0x00015b6b      0x229 _build/nrf52840_xxaa/app_error.c.o
 .debug_macro   0x00015d94       0x35 _build/nrf52840_xxaa/app_error.c.o
 .debug_macro   0x00015dc9       0x22 _build/nrf52840_xxaa/app_error.c.o
 .debug_macro   0x00015deb       0x16 _build/nrf52840_xxaa/app_error.c.o
 .debug_macro   0x00015e01       0x97 _build/nrf52840_xxaa/app_error.c.o
 .debug_macro   0x00015e98       0xf6 _build/nrf52840_xxaa/app_error.c.o
 .debug_macro   0x00015f8e      0x388 _build/nrf52840_xxaa/app_error_weak.c.o
 .debug_macro   0x00016316       0x16 _build/nrf52840_xxaa/app_error_weak.c.o
 .debug_macro   0x0001632c      0x167 _build/nrf52840_xxaa/app_error_weak.c.o
 .debug_macro   0x00016493       0x16 _build/nrf52840_xxaa/app_error_weak.c.o
 .debug_macro   0x000164a9       0x1c _build/nrf52840_xxaa/app_error_weak.c.o
 .debug_macro   0x000164c5       0xf7 _build/nrf52840_xxaa/app_error_weak.c.o
 .debug_macro   0x000165bc      0x345 _build/nrf52840_xxaa/app_timer.c.o
 .debug_macro   0x00016901       0x16 _build/nrf52840_xxaa/app_timer.c.o
 .debug_macro   0x00016917      0x279 _build/nrf52840_xxaa/app_util_platform.c.o
 .debug_macro   0x00016b90      0x33b _build/nrf52840_xxaa/nrf_balloc.c.o
 .debug_macro   0x00016ecb      0x167 _build/nrf52840_xxaa/nrf_balloc.c.o
 .debug_macro   0x00017032      0x29a _build/nrf52840_xxaa/nrf_fprintf.c.o
 .debug_macro   0x000172cc       0x58 _build/nrf52840_xxaa/nrf_fprintf.c.o
 .debug_macro   0x00017324      0x2ac _build/nrf52840_xxaa/nrf_fprintf_format.c.o
 .debug_macro   0x000175d0      0x326 _build/nrf52840_xxaa/nrf_memobj.c.o
 .debug_macro   0x000178f6      0x10e _build/nrf52840_xxaa/nrf_memobj.c.o
 .debug_macro   0x00017a04       0x86 _build/nrf52840_xxaa/nrf_memobj.c.o
 .debug_macro   0x00017a8a       0x10 _build/nrf52840_xxaa/nrf_memobj.c.o
 .debug_macro   0x00017a9a      0x45b _build/nrf52840_xxaa/nrf_pwr_mgmt.c.o
 .debug_macro   0x00017ef5       0x11 _build/nrf52840_xxaa/nrf_pwr_mgmt.c.o
 .debug_macro   0x00017f06       0x10 _build/nrf52840_xxaa/nrf_pwr_mgmt.c.o
 .debug_macro   0x00017f16       0x22 _build/nrf52840_xxaa/nrf_pwr_mgmt.c.o
 .debug_macro   0x00017f38       0x30 _build/nrf52840_xxaa/nrf_pwr_mgmt.c.o
 .debug_macro   0x00017f68      0x2a6 _build/nrf52840_xxaa/nrf_section_iter.c.o
 .debug_macro   0x0001820e      0x20a _build/nrf52840_xxaa/nrf_strerror.c.o
 .debug_macro   0x00018418      0x29d _build/nrf52840_xxaa/boards.c.o
 .debug_macro   0x000186b5      0x202 _build/nrf52840_xxaa/boards.c.o
 .debug_macro   0x000188b7      0x115 _build/nrf52840_xxaa/boards.c.o
 .debug_macro   0x000189cc      0x39a _build/nrf52840_xxaa/nrf_drv_clock.c.o
 .debug_macro   0x00018d66       0x10 _build/nrf52840_xxaa/nrf_drv_clock.c.o
 .debug_macro   0x00018d76       0x28 _build/nrf52840_xxaa/nrf_drv_clock.c.o
 .debug_macro   0x00018d9e       0x2a _build/nrf52840_xxaa/nrf_drv_clock.c.o
 .debug_macro   0x00018dc8       0x1c _build/nrf52840_xxaa/nrf_drv_clock.c.o
 .debug_macro   0x00018de4      0x2ed _build/nrf52840_xxaa/nrf_drv_common.c.o
 .debug_macro   0x000190d1       0x22 _build/nrf52840_xxaa/nrf_drv_common.c.o
 .debug_macro   0x000190f3      0x3d5 _build/nrf52840_xxaa/nrf_drv_gpiote.c.o
 .debug_macro   0x000194c8       0x16 _build/nrf52840_xxaa/nrf_drv_gpiote.c.o
 .debug_macro   0x000194de      0x161 _build/nrf52840_xxaa/nrf_drv_gpiote.c.o
 .debug_macro   0x0001963f      0x3cc _build/nrf52840_xxaa/nrf_drv_uart.c.o
 .debug_macro   0x00019a0b       0x10 _build/nrf52840_xxaa/nrf_drv_uart.c.o
 .debug_macro   0x00019a1b       0x3d _build/nrf52840_xxaa/nrf_drv_uart.c.o
 .debug_macro   0x00019a58      0x2f5 _build/nrf52840_xxaa/bsp.c.o
 .debug_macro   0x00019d4d       0x16 _build/nrf52840_xxaa/bsp.c.o
 .debug_macro   0x00019d63       0x1c _build/nrf52840_xxaa/bsp.c.o
 .debug_macro   0x00019d7f      0x100 _build/nrf52840_xxaa/bsp.c.o
 .debug_macro   0x00019e7f      0x4d9 _build/nrf52840_xxaa/main.c.o
 .debug_macro   0x0001a358       0x37 _build/nrf52840_xxaa/main.c.o
 .debug_macro   0x0001a38f      0x139 _build/nrf52840_xxaa/main.c.o
 .debug_macro   0x0001a4c8      0x1fb _build/nrf52840_xxaa/main.c.o
 .debug_macro   0x0001a6c3      0x47f _build/nrf52840_xxaa/main.c.o
 .debug_macro   0x0001ab42       0x46 _build/nrf52840_xxaa/main.c.o
 .debug_macro   0x0001ab88      0x1f7 _build/nrf52840_xxaa/main.c.o
 .debug_macro   0x0001ad7f       0x22 _build/nrf52840_xxaa/main.c.o
 .debug_macro   0x0001ada1       0xf1 _build/nrf52840_xxaa/main.c.o
 .debug_macro   0x0001ae92       0x3c _build/nrf52840_xxaa/main.c.o
 .debug_macro   0x0001aece       0x1c _build/nrf52840_xxaa/main.c.o
 .debug_macro   0x0001aeea       0x64 _build/nrf52840_xxaa/main.c.o
 .debug_macro   0x0001af4e       0x2e _build/nrf52840_xxaa/main.c.o
 .debug_macro   0x0001af7c       0x10 _build/nrf52840_xxaa/main.c.o
 .debug_macro   0x0001af8c       0x4d _build/nrf52840_xxaa/main.c.o
 .debug_macro   0x0001afd9      0x2fd _build/nrf52840_xxaa/SEGGER_RTT.c.o
 .debug_macro   0x0001b2d6      0x2e7 _build/nrf52840_xxaa/SEGGER_RTT_printf.c.o
 .debug_macro   0x0001b5bd       0x52 _build/nrf52840_xxaa/SEGGER_RTT_printf.c.o
 .debug_macro   0x0001b60f      0x307 _build/nrf52840_xxaa/ble_advdata.c.o
 .debug_macro   0x0001b916      0x479 _build/nrf52840_xxaa/ble_advdata.c.o
 .debug_macro   0x0001bd8f       0x40 _build/nrf52840_xxaa/ble_advdata.c.o
 .debug_macro   0x0001bdcf       0x1c _build/nrf52840_xxaa/ble_advdata.c.o
 .debug_macro   0x0001bdeb      0x343 _build/nrf52840_xxaa/ble_advdata.c.o
 .debug_macro   0x0001c12e      0x3b8 _build/nrf52840_xxaa/ble_conn_params.c.o
 .debug_macro   0x0001c4e6       0xac _build/nrf52840_xxaa/ble_conn_params.c.o
 .debug_macro   0x0001c592       0x1c _build/nrf52840_xxaa/ble_conn_params.c.o
 .debug_macro   0x0001c5ae       0x10 _build/nrf52840_xxaa/ble_conn_params.c.o
 .debug_macro   0x0001c5be      0x2e1 _build/nrf52840_xxaa/ble_srv_common.c.o
 .debug_macro   0x0001c89f      0x2c8 _build/nrf52840_xxaa/nrf_ble_gatt.c.o
 .debug_macro   0x0001cb67       0x10 _build/nrf52840_xxaa/nrf_ble_gatt.c.o
 .debug_macro   0x0001cb77       0xf5 _build/nrf52840_xxaa/system_nrf52840.c.o
 .debug_macro   0x0001cc6c      0x364 _build/nrf52840_xxaa/nrf_sdh.c.o
 .debug_macro   0x0001cfd0      0x15b _build/nrf52840_xxaa/nrf_sdh.c.o
 .debug_macro   0x0001d12b      0x387 _build/nrf52840_xxaa/nrf_sdh_ble.c.o
 .debug_macro   0x0001d4b2      0x33b _build/nrf52840_xxaa/nrf_sdh_soc.c.o
 .debug_macro   0x0001d7ed       0x16 _build/nrf52840_xxaa/nrf_sdh_soc.c.o

.debug_line     0x00000000    0x13c71
 .debug_line    0x00000000      0x849 _build/nrf52840_xxaa/nrf_log_backend_rtt.c.o
 .debug_line    0x00000849      0x810 _build/nrf52840_xxaa/nrf_log_backend_serial.c.o
 .debug_line    0x00001059      0x784 _build/nrf52840_xxaa/nrf_log_default_backends.c.o
 .debug_line    0x000017dd     0x102b _build/nrf52840_xxaa/nrf_log_frontend.c.o
 .debug_line    0x00002808      0x84a _build/nrf52840_xxaa/nrf_log_str_formatter.c.o
 .debug_line    0x00003052      0x7a2 _build/nrf52840_xxaa/app_button.c.o
 .debug_line    0x000037f4      0x565 _build/nrf52840_xxaa/app_error.c.o
 .debug_line    0x00003d59      0x84b _build/nrf52840_xxaa/app_error_weak.c.o
 .debug_line    0x000045a4      0xb01 _build/nrf52840_xxaa/app_timer.c.o
 .debug_line    0x000050a5      0x65d _build/nrf52840_xxaa/app_util_platform.c.o
 .debug_line    0x00005702      0x7a0 _build/nrf52840_xxaa/nrf_balloc.c.o
 .debug_line    0x00005ea2      0x5e1 _build/nrf52840_xxaa/nrf_fprintf.c.o
 .debug_line    0x00006483      0x7f6 _build/nrf52840_xxaa/nrf_fprintf_format.c.o
 .debug_line    0x00006c79      0x80c _build/nrf52840_xxaa/nrf_memobj.c.o
 .debug_line    0x00007485      0xa66 _build/nrf52840_xxaa/nrf_pwr_mgmt.c.o
 .debug_line    0x00007eeb      0x5f4 _build/nrf52840_xxaa/nrf_section_iter.c.o
 .debug_line    0x000084df      0x57d _build/nrf52840_xxaa/nrf_strerror.c.o
 .debug_line    0x00008a5c      0x75a _build/nrf52840_xxaa/boards.c.o
 .debug_line    0x000091b6      0xbd2 _build/nrf52840_xxaa/nrf_drv_clock.c.o
 .debug_line    0x00009d88      0x69f _build/nrf52840_xxaa/nrf_drv_common.c.o
 .debug_line    0x0000a427     0x130d _build/nrf52840_xxaa/nrf_drv_gpiote.c.o
 .debug_line    0x0000b734     0x130e _build/nrf52840_xxaa/nrf_drv_uart.c.o
 .debug_line    0x0000ca42      0xa2d _build/nrf52840_xxaa/bsp.c.o
 .debug_line    0x0000d46f      0xb5c _build/nrf52840_xxaa/main.c.o
 .debug_line    0x0000dfcb     0x1206 _build/nrf52840_xxaa/SEGGER_RTT.c.o
 .debug_line    0x0000f1d1      0x800 _build/nrf52840_xxaa/SEGGER_RTT_printf.c.o
 .debug_line    0x0000f9d1      0x9e3 _build/nrf52840_xxaa/ble_advdata.c.o
 .debug_line    0x000103b4      0x9a4 _build/nrf52840_xxaa/ble_conn_params.c.o
 .debug_line    0x00010d58      0x7d4 _build/nrf52840_xxaa/ble_srv_common.c.o
 .debug_line    0x0001152c      0x89c _build/nrf52840_xxaa/nrf_ble_gatt.c.o
 .debug_line    0x00011dc8       0x91 _build/nrf52840_xxaa/gcc_startup_nrf52840.S.o
 .debug_line    0x00011e59      0x42a _build/nrf52840_xxaa/system_nrf52840.c.o
 .debug_line    0x00012283      0x9bf _build/nrf52840_xxaa/nrf_sdh.c.o
 .debug_line    0x00012c42      0x8d5 _build/nrf52840_xxaa/nrf_sdh_ble.c.o
 .debug_line    0x00013517      0x75a _build/nrf52840_xxaa/nrf_sdh_soc.c.o

.debug_str      0x00000000    0x8a13e
 .debug_str     0x00000000    0x72c5b _build/nrf52840_xxaa/nrf_log_backend_rtt.c.o
                              0x73b99 (size before relaxing)
 .debug_str     0x00072c5b      0x2c0 _build/nrf52840_xxaa/nrf_log_backend_serial.c.o
                              0x73522 (size before relaxing)
 .debug_str     0x00072f1b      0x12f _build/nrf52840_xxaa/nrf_log_default_backends.c.o
                              0x732de (size before relaxing)
 .debug_str     0x0007304a     0x182b _build/nrf52840_xxaa/nrf_log_frontend.c.o
                              0x74ad1 (size before relaxing)
 .debug_str     0x00074875      0x630 _build/nrf52840_xxaa/nrf_log_str_formatter.c.o
                              0x73927 (size before relaxing)
 .debug_str     0x00074ea5     0x16e3 _build/nrf52840_xxaa/app_button.c.o
                              0x718ce (size before relaxing)
 .debug_str     0x00076588      0x11d _build/nrf52840_xxaa/app_error.c.o
                              0x6bb96 (size before relaxing)
 .debug_str     0x000766a5      0x945 _build/nrf52840_xxaa/app_error_weak.c.o
                              0x742d1 (size before relaxing)
 .debug_str     0x00076fea      0xab4 _build/nrf52840_xxaa/app_timer.c.o
                              0x71b37 (size before relaxing)
 .debug_str     0x00077a9e      0x24e _build/nrf52840_xxaa/app_util_platform.c.o
                              0x6cc56 (size before relaxing)
 .debug_str     0x00077cec      0x19e _build/nrf52840_xxaa/nrf_balloc.c.o
                              0x73814 (size before relaxing)
 .debug_str     0x00077e8a      0x144 _build/nrf52840_xxaa/nrf_fprintf.c.o
                              0x70416 (size before relaxing)
 .debug_str     0x00077fce      0x117 _build/nrf52840_xxaa/nrf_fprintf_format.c.o
                              0x7050b (size before relaxing)
 .debug_str     0x000780e5      0x1c9 _build/nrf52840_xxaa/nrf_memobj.c.o
                              0x72025 (size before relaxing)
 .debug_str     0x000782ae     0x176c _build/nrf52840_xxaa/nrf_pwr_mgmt.c.o
                              0x7598a (size before relaxing)
 .debug_str     0x00079a1a       0x54 _build/nrf52840_xxaa/nrf_section_iter.c.o
                              0x70606 (size before relaxing)
 .debug_str     0x00079a6e       0xed _build/nrf52840_xxaa/nrf_strerror.c.o